Looking to launch executable "/opt/conda/bin/bwa-meme_mode3.avx512bw", simd = _mode3.avx512bw
Launching executable "/opt/conda/bin/bwa-meme_mode3.avx512bw"
-----------------------------
Executing in AVX512 mode!!
-----------------------------
* SA compression enabled with xfactor: 8
* Ref file: reference.denovoSSL.Sin.fasta
* Entering FMI_search
Reading other elements of the index from files reference.denovoSSL.Sin.fasta
* Index prefix: reference.denovoSSL.Sin.fasta
* Read 0 ALT contigs
* Reading reference genome..
* Binary seq file = reference.denovoSSL.Sin.fasta.0123
* Reference genome size: 1597760842 bp
* Done reading reference genome !!

------------------------------------------
1. Memory pre-allocation for Chaining: 5679.4903 MB
2. Memory pre-allocation for BSW: 9584.6810 MB
[M::memoryAllocLearned::MEME] Reading Learned-index models into memory
[Learned-Config] MODE:3 SEARCH_METHOD: 1 MEM_TRADEOFF:1 EXPONENTIAL_SMEMSEARCH: 1 DEBUG_MODE:0 Num 2nd Models:268435456 PWL Bits Used:28
[M::memoryAllocLearned::MEME] Loading RMI model and Pac reference file took 12.566 sec
[M::memoryAllocLearned::MEME] Reading suffix array into memory
[M::memoryAllocLearned::MEME] Loading pos_packed file took 16.848 sec
[M::memoryAllocLearned::MEME] Generating SA, 64-bit Suffix and ISA in memory
[M::memoryAllocLearned::MEME] Runtime-build-index took 18.900 sec
3. Memory pre-allocation for BWT: 8632.1949 MB
------------------------------------------
* Threads used (compute): 40
* No. of pipeline threads: 2

[0000] read_chunk: 400000000, work_chunk_size: 400000087, nseq: 4972630
	[0000][ M::kt_pipeline] read 4972630 sequences (400000087 bp)...
[0000] Reallocating initial memory allocations!!
[0000] Calling mem_process_seqs.., task: 0
[0000] 1. Calling kt_for - worker_bwt
[0000] 2. Calling kt_for - worker_aln
[0000] read_chunk: 400000000, work_chunk_size: 400000102, nseq: 4937176
	[0000][ M::kt_pipeline] read 4937176 sequences (400000102 bp)...
[0000] Inferring insert size distribution of PE reads from data, l_pac: 798880421, n: 4972630
[0000][PE] # candidate unique pairs for (FF, FR, RF, RR): (163, 1702381, 20, 164)
[0000][PE] analyzing insert size distribution for orientation FF...
[0000][PE] (25, 50, 75) percentile: (28, 38, 62)
[0000][PE] low and high boundaries for computing mean and std.dev: (1, 130)
[0000][PE] mean and std.dev: (44.45, 23.28)
[0000][PE] low and high boundaries for proper pairs: (1, 164)
[0000][PE] analyzing insert size distribution for orientation FR...
[0000][PE] (25, 50, 75) percentile: (58, 74, 95)
[0000][PE] low and high boundaries for computing mean and std.dev: (1, 169)
[0000][PE] mean and std.dev: (77.82, 26.75)
[0000][PE] low and high boundaries for proper pairs: (1, 206)
[0000][PE] analyzing insert size distribution for orientation RF...
[0000][PE] (25, 50, 75) percentile: (64, 113, 546)
[0000][PE] low and high boundaries for computing mean and std.dev: (1, 1510)
[0000][PE] mean and std.dev: (264.89, 341.29)
[0000][PE] low and high boundaries for proper pairs: (1, 1992)
[0000][PE] analyzing insert size distribution for orientation RR...
[0000][PE] (25, 50, 75) percentile: (28, 40, 53)
[0000][PE] low and high boundaries for computing mean and std.dev: (1, 103)
[0000][PE] mean and std.dev: (41.34, 19.20)
[0000][PE] low and high boundaries for proper pairs: (1, 128)
[0000][PE] skip orientation FF
[0000][PE] skip orientation RF
[0000][PE] skip orientation RR
[0000] 3. Calling kt_for - worker_sam
	[0000][ M::mem_process_seqs] Processed 4972630 reads in 728.783 CPU sec, 19.173 real sec
[0000] Calling mem_process_seqs.., task: 1
[0000] 1. Calling kt_for - worker_bwt
[0000] 2. Calling kt_for - worker_aln
[0000] Inferring insert size distribution of PE reads from data, l_pac: 798880421, n: 4937176
[0000][PE] # candidate unique pairs for (FF, FR, RF, RR): (152, 1657016, 16, 144)
[0000][PE] analyzing insert size distribution for orientation FF...
[0000][PE] (25, 50, 75) percentile: (29, 42, 63)
[0000][PE] low and high boundaries for computing mean and std.dev: (1, 131)
[0000][PE] mean and std.dev: (46.92, 24.74)
[0000][PE] low and high boundaries for proper pairs: (1, 165)
[0000][PE] analyzing insert size distribution for orientation FR...
[0000][PE] (25, 50, 75) percentile: (58, 74, 95)
[0000][PE] low and high boundaries for computing mean and std.dev: (1, 169)
[0000][PE] mean and std.dev: (77.80, 26.73)
[0000][PE] low and high boundaries for proper pairs: (1, 206)
[0000][PE] analyzing insert size distribution for orientation RF...
[0000][PE] (25, 50, 75) percentile: (73, 147, 414)
[0000][PE] low and high boundaries for computing mean and std.dev: (1, 1096)
[0000][PE] mean and std.dev: (202.47, 177.23)
[0000][PE] low and high boundaries for proper pairs: (1, 1437)
[0000][PE] analyzing insert size distribution for orientation RR...
[0000][PE] (25, 50, 75) percentile: (25, 37, 55)
[0000][PE] low and high boundaries for computing mean and std.dev: (1, 115)
[0000][PE] mean and std.dev: (39.98, 21.55)
[0000][PE] low and high boundaries for proper pairs: (1, 145)
[0000][PE] skip orientation FF
[0000][PE] skip orientation RF
[0000][PE] skip orientation RR
[0000] 3. Calling kt_for - worker_sam
[0000] read_chunk: 400000000, work_chunk_size: 400000111, nseq: 4818850
	[0000][ M::kt_pipeline] read 4818850 sequences (400000111 bp)...
	[0000][ M::mem_process_seqs] Processed 4937176 reads in 769.021 CPU sec, 20.572 real sec
[0000] Calling mem_process_seqs.., task: 2
[0000] 1. Calling kt_for - worker_bwt
[0000] 2. Calling kt_for - worker_aln
[0000] Inferring insert size distribution of PE reads from data, l_pac: 798880421, n: 4818850
[0000][PE] # candidate unique pairs for (FF, FR, RF, RR): (143, 1493637, 14, 137)
[0000][PE] analyzing insert size distribution for orientation FF...
[0000][PE] (25, 50, 75) percentile: (27, 38, 56)
[0000][PE] low and high boundaries for computing mean and std.dev: (1, 114)
[0000][PE] mean and std.dev: (40.32, 19.29)
[0000][PE] low and high boundaries for proper pairs: (1, 143)
[0000][PE] analyzing insert size distribution for orientation FR...
[0000][PE] (25, 50, 75) percentile: (58, 74, 95)
[0000][PE] low and high boundaries for computing mean and std.dev: (1, 169)
[0000][PE] mean and std.dev: (77.81, 26.76)
[0000][PE] low and high boundaries for proper pairs: (1, 206)
[0000][PE] analyzing insert size distribution for orientation RF...
[0000][PE] (25, 50, 75) percentile: (26, 139, 181)
[0000][PE] low and high boundaries for computing mean and std.dev: (1, 491)
[0000][PE] mean and std.dev: (124.93, 128.23)
[0000][PE] low and high boundaries for proper pairs: (1, 646)
[0000][PE] analyzing insert size distribution for orientation RR...
[0000][PE] (25, 50, 75) percentile: (28, 40, 57)
[0000][PE] low and high boundaries for computing mean and std.dev: (1, 115)
[0000][PE] mean and std.dev: (44.15, 24.15)
[0000][PE] low and high boundaries for proper pairs: (1, 144)
[0000][PE] skip orientation FF
[0000][PE] skip orientation RF
[0000][PE] skip orientation RR
[0000] 3. Calling kt_for - worker_sam
[0000] read_chunk: 400000000, work_chunk_size: 400000019, nseq: 4943304
	[0000][ M::kt_pipeline] read 4943304 sequences (400000019 bp)...
	[0000][ M::mem_process_seqs] Processed 4818850 reads in 903.012 CPU sec, 24.097 real sec
[0000] Calling mem_process_seqs.., task: 3
[0000] 1. Calling kt_for - worker_bwt
[0000] 2. Calling kt_for - worker_aln
[0000] Inferring insert size distribution of PE reads from data, l_pac: 798880421, n: 4943304
[0000][PE] # candidate unique pairs for (FF, FR, RF, RR): (152, 1637613, 19, 137)
[0000][PE] analyzing insert size distribution for orientation FF...
[0000][PE] (25, 50, 75) percentile: (27, 40, 57)
[0000][PE] low and high boundaries for computing mean and std.dev: (1, 117)
[0000][PE] mean and std.dev: (42.97, 21.42)
[0000][PE] low and high boundaries for proper pairs: (1, 147)
[0000][PE] analyzing insert size distribution for orientation FR...
[0000][PE] (25, 50, 75) percentile: (58, 74, 95)
[0000][PE] low and high boundaries for computing mean and std.dev: (1, 169)
[0000][PE] mean and std.dev: (77.82, 26.77)
[0000][PE] low and high boundaries for proper pairs: (1, 206)
[0000][PE] analyzing insert size distribution for orientation RF...
[0000][PE] (25, 50, 75) percentile: (95, 189, 383)
[0000][PE] low and high boundaries for computing mean and std.dev: (1, 959)
[0000][PE] mean and std.dev: (230.42, 167.38)
[0000][PE] low and high boundaries for proper pairs: (1, 1247)
[0000][PE] analyzing insert size distribution for orientation RR...
[0000][PE] (25, 50, 75) percentile: (26, 34, 50)
[0000][PE] low and high boundaries for computing mean and std.dev: (1, 98)
[0000][PE] mean and std.dev: (37.07, 18.28)
[0000][PE] low and high boundaries for proper pairs: (1, 122)
[0000][PE] skip orientation FF
[0000][PE] skip orientation RF
[0000][PE] skip orientation RR
[0000] 3. Calling kt_for - worker_sam
[0000] read_chunk: 400000000, work_chunk_size: 400000062, nseq: 4958906
	[0000][ M::kt_pipeline] read 4958906 sequences (400000062 bp)...
	[0000][ M::mem_process_seqs] Processed 4943304 reads in 792.756 CPU sec, 21.582 real sec
[0000] Calling mem_process_seqs.., task: 4
[0000] 1. Calling kt_for - worker_bwt
[0000] 2. Calling kt_for - worker_aln
[0000] Inferring insert size distribution of PE reads from data, l_pac: 798880421, n: 4958906
[0000][PE] # candidate unique pairs for (FF, FR, RF, RR): (171, 1658547, 16, 147)
[0000][PE] analyzing insert size distribution for orientation FF...
[0000][PE] (25, 50, 75) percentile: (27, 37, 57)
[0000][PE] low and high boundaries for computing mean and std.dev: (1, 117)
[0000][PE] mean and std.dev: (43.18, 23.68)
[0000][PE] low and high boundaries for proper pairs: (1, 147)
[0000][PE] analyzing insert size distribution for orientation FR...
[0000][PE] (25, 50, 75) percentile: (58, 74, 95)
[0000][PE] low and high boundaries for computing mean and std.dev: (1, 169)
[0000][PE] mean and std.dev: (77.75, 26.71)
[0000][PE] low and high boundaries for proper pairs: (1, 206)
[0000][PE] analyzing insert size distribution for orientation RF...
[0000][PE] (25, 50, 75) percentile: (159, 255, 406)
[0000][PE] low and high boundaries for computing mean and std.dev: (1, 900)
[0000][PE] mean and std.dev: (236.07, 115.56)
[0000][PE] low and high boundaries for proper pairs: (1, 1147)
[0000][PE] analyzing insert size distribution for orientation RR...
[0000][PE] (25, 50, 75) percentile: (27, 37, 55)
[0000][PE] low and high boundaries for computing mean and std.dev: (1, 111)
[0000][PE] mean and std.dev: (40.51, 20.50)
[0000][PE] low and high boundaries for proper pairs: (1, 139)
[0000][PE] skip orientation FF
[0000][PE] skip orientation RF
[0000][PE] skip orientation RR
[0000] 3. Calling kt_for - worker_sam
[0000] read_chunk: 400000000, work_chunk_size: 400000060, nseq: 4909086
	[0000][ M::kt_pipeline] read 4909086 sequences (400000060 bp)...
	[0000][ M::mem_process_seqs] Processed 4958906 reads in 781.363 CPU sec, 20.981 real sec
[0000] Calling mem_process_seqs.., task: 5
[0000] 1. Calling kt_for - worker_bwt
[0000] 2. Calling kt_for - worker_aln
[0000] Inferring insert size distribution of PE reads from data, l_pac: 798880421, n: 4909086
[0000][PE] # candidate unique pairs for (FF, FR, RF, RR): (158, 1588394, 19, 140)
[0000][PE] analyzing insert size distribution for orientation FF...
[0000][PE] (25, 50, 75) percentile: (29, 37, 52)
[0000][PE] low and high boundaries for computing mean and std.dev: (1, 98)
[0000][PE] mean and std.dev: (40.93, 18.54)
[0000][PE] low and high boundaries for proper pairs: (1, 121)
[0000][PE] analyzing insert size distribution for orientation FR...
[0000][PE] (25, 50, 75) percentile: (58, 74, 95)
[0000][PE] low and high boundaries for computing mean and std.dev: (1, 169)
[0000][PE] mean and std.dev: (77.84, 26.78)
[0000][PE] low and high boundaries for proper pairs: (1, 206)
[0000][PE] analyzing insert size distribution for orientation RF...
[0000][PE] (25, 50, 75) percentile: (39, 91, 396)
[0000][PE] low and high boundaries for computing mean and std.dev: (1, 1110)
[0000][PE] mean and std.dev: (266.95, 307.97)
[0000][PE] low and high boundaries for proper pairs: (1, 1499)
[0000][PE] analyzing insert size distribution for orientation RR...
[0000][PE] (25, 50, 75) percentile: (27, 35, 52)
[0000][PE] low and high boundaries for computing mean and std.dev: (1, 102)
[0000][PE] mean and std.dev: (40.57, 21.02)
[0000][PE] low and high boundaries for proper pairs: (1, 127)
[0000][PE] skip orientation FF
[0000][PE] skip orientation RF
[0000][PE] skip orientation RR
[0000] 3. Calling kt_for - worker_sam
[0000] read_chunk: 400000000, work_chunk_size: 400000015, nseq: 4854370
	[0000][ M::kt_pipeline] read 4854370 sequences (400000015 bp)...
	[0000][ M::mem_process_seqs] Processed 4909086 reads in 863.950 CPU sec, 23.382 real sec
[0000] Calling mem_process_seqs.., task: 6
[0000] 1. Calling kt_for - worker_bwt
[0000] 2. Calling kt_for - worker_aln
[0000] Inferring insert size distribution of PE reads from data, l_pac: 798880421, n: 4854370
[0000][PE] # candidate unique pairs for (FF, FR, RF, RR): (136, 1498973, 20, 120)
[0000][PE] analyzing insert size distribution for orientation FF...
[0000][PE] (25, 50, 75) percentile: (28, 38, 61)
[0000][PE] low and high boundaries for computing mean and std.dev: (1, 127)
[0000][PE] mean and std.dev: (44.59, 25.29)
[0000][PE] low and high boundaries for proper pairs: (1, 160)
[0000][PE] analyzing insert size distribution for orientation FR...
[0000][PE] (25, 50, 75) percentile: (58, 74, 95)
[0000][PE] low and high boundaries for computing mean and std.dev: (1, 169)
[0000][PE] mean and std.dev: (77.85, 26.79)
[0000][PE] low and high boundaries for proper pairs: (1, 206)
[0000][PE] analyzing insert size distribution for orientation RF...
[0000][PE] (25, 50, 75) percentile: (123, 268, 418)
[0000][PE] low and high boundaries for computing mean and std.dev: (1, 1008)
[0000][PE] mean and std.dev: (281.45, 195.61)
[0000][PE] low and high boundaries for proper pairs: (1, 1303)
[0000][PE] analyzing insert size distribution for orientation RR...
[0000][PE] (25, 50, 75) percentile: (28, 37, 50)
[0000][PE] low and high boundaries for computing mean and std.dev: (1, 94)
[0000][PE] mean and std.dev: (38.91, 18.79)
[0000][PE] low and high boundaries for proper pairs: (1, 116)
[0000][PE] skip orientation FF
[0000][PE] skip orientation RF
[0000][PE] skip orientation RR
[0000] 3. Calling kt_for - worker_sam
[0000] read_chunk: 400000000, work_chunk_size: 400000086, nseq: 4913112
	[0000][ M::kt_pipeline] read 4913112 sequences (400000086 bp)...
	[0000][ M::mem_process_seqs] Processed 4854370 reads in 931.717 CPU sec, 25.082 real sec
[0000] Calling mem_process_seqs.., task: 7
[0000] 1. Calling kt_for - worker_bwt
[0000] 2. Calling kt_for - worker_aln
[0000] Inferring insert size distribution of PE reads from data, l_pac: 798880421, n: 4913112
[0000][PE] # candidate unique pairs for (FF, FR, RF, RR): (131, 1563533, 21, 132)
[0000][PE] analyzing insert size distribution for orientation FF...
[0000][PE] (25, 50, 75) percentile: (26, 39, 57)
[0000][PE] low and high boundaries for computing mean and std.dev: (1, 119)
[0000][PE] mean and std.dev: (44.27, 23.99)
[0000][PE] low and high boundaries for proper pairs: (1, 150)
[0000][PE] analyzing insert size distribution for orientation FR...
[0000][PE] (25, 50, 75) percentile: (58, 74, 95)
[0000][PE] low and high boundaries for computing mean and std.dev: (1, 169)
[0000][PE] mean and std.dev: (77.80, 26.73)
[0000][PE] low and high boundaries for proper pairs: (1, 206)
[0000][PE] analyzing insert size distribution for orientation RF...
[0000][PE] (25, 50, 75) percentile: (45, 116, 343)
[0000][PE] low and high boundaries for computing mean and std.dev: (1, 939)
[0000][PE] mean and std.dev: (172.00, 178.75)
[0000][PE] low and high boundaries for proper pairs: (1, 1237)
[0000][PE] analyzing insert size distribution for orientation RR...
[0000][PE] (25, 50, 75) percentile: (27, 37, 55)
[0000][PE] low and high boundaries for computing mean and std.dev: (1, 111)
[0000][PE] mean and std.dev: (42.01, 22.11)
[0000][PE] low and high boundaries for proper pairs: (1, 139)
[0000][PE] skip orientation FF
[0000][PE] skip orientation RF
[0000][PE] skip orientation RR
[0000] 3. Calling kt_for - worker_sam
[0000] read_chunk: 400000000, work_chunk_size: 400000001, nseq: 4649258
	[0000][ M::kt_pipeline] read 4649258 sequences (400000001 bp)...
	[0000][ M::mem_process_seqs] Processed 4913112 reads in 864.009 CPU sec, 23.386 real sec
[0000] Calling mem_process_seqs.., task: 8
[0000] 1. Calling kt_for - worker_bwt
[0000] 2. Calling kt_for - worker_aln
[0000] read_chunk: 400000000, work_chunk_size: 400000125, nseq: 4959566
	[0000][ M::kt_pipeline] read 4959566 sequences (400000125 bp)...
[0000] Inferring insert size distribution of PE reads from data, l_pac: 798880421, n: 4649258
[0000][PE] # candidate unique pairs for (FF, FR, RF, RR): (94, 1221616, 11, 113)
[0000][PE] analyzing insert size distribution for orientation FF...
[0000][PE] (25, 50, 75) percentile: (26, 39, 56)
[0000][PE] low and high boundaries for computing mean and std.dev: (1, 116)
[0000][PE] mean and std.dev: (41.35, 23.24)
[0000][PE] low and high boundaries for proper pairs: (1, 146)
[0000][PE] analyzing insert size distribution for orientation FR...
[0000][PE] (25, 50, 75) percentile: (58, 74, 95)
[0000][PE] low and high boundaries for computing mean and std.dev: (1, 169)
[0000][PE] mean and std.dev: (77.89, 26.79)
[0000][PE] low and high boundaries for proper pairs: (1, 206)
[0000][PE] analyzing insert size distribution for orientation RF...
[0000][PE] (25, 50, 75) percentile: (55, 65, 275)
[0000][PE] low and high boundaries for computing mean and std.dev: (1, 715)
[0000][PE] mean and std.dev: (147.10, 159.57)
[0000][PE] low and high boundaries for proper pairs: (1, 935)
[0000][PE] analyzing insert size distribution for orientation RR...
[0000][PE] (25, 50, 75) percentile: (26, 34, 56)
[0000][PE] low and high boundaries for computing mean and std.dev: (1, 116)
[0000][PE] mean and std.dev: (38.15, 19.63)
[0000][PE] low and high boundaries for proper pairs: (1, 146)
[0000][PE] skip orientation FF
[0000][PE] skip orientation RF
[0000][PE] skip orientation RR
[0000] 3. Calling kt_for - worker_sam
	[0000][ M::mem_process_seqs] Processed 4649258 reads in 1139.696 CPU sec, 30.234 real sec
[0000] Calling mem_process_seqs.., task: 9
[0000] 1. Calling kt_for - worker_bwt
[0000] 2. Calling kt_for - worker_aln
[0000] Inferring insert size distribution of PE reads from data, l_pac: 798880421, n: 4959566
[0000][PE] # candidate unique pairs for (FF, FR, RF, RR): (184, 1685652, 14, 161)
[0000][PE] analyzing insert size distribution for orientation FF...
[0000][PE] (25, 50, 75) percentile: (27, 37, 53)
[0000][PE] low and high boundaries for computing mean and std.dev: (1, 105)
[0000][PE] mean and std.dev: (40.27, 19.60)
[0000][PE] low and high boundaries for proper pairs: (1, 131)
[0000][PE] analyzing insert size distribution for orientation FR...
[0000][PE] (25, 50, 75) percentile: (58, 74, 95)
[0000][PE] low and high boundaries for computing mean and std.dev: (1, 169)
[0000][PE] mean and std.dev: (77.82, 26.75)
[0000][PE] low and high boundaries for proper pairs: (1, 206)
[0000][PE] analyzing insert size distribution for orientation RF...
[0000][PE] (25, 50, 75) percentile: (65, 308, 1076)
[0000][PE] low and high boundaries for computing mean and std.dev: (1, 3098)
[0000][PE] mean and std.dev: (500.93, 572.51)
[0000][PE] low and high boundaries for proper pairs: (1, 4109)
[0000][PE] analyzing insert size distribution for orientation RR...
[0000][PE] (25, 50, 75) percentile: (27, 37, 58)
[0000][PE] low and high boundaries for computing mean and std.dev: (1, 120)
[0000][PE] mean and std.dev: (43.12, 23.58)
[0000][PE] low and high boundaries for proper pairs: (1, 151)
[0000][PE] skip orientation FF
[0000][PE] skip orientation RF
[0000][PE] skip orientation RR
[0000] 3. Calling kt_for - worker_sam
[0000] read_chunk: 400000000, work_chunk_size: 400000286, nseq: 4952664
	[0000][ M::kt_pipeline] read 4952664 sequences (400000286 bp)...
	[0000][ M::mem_process_seqs] Processed 4959566 reads in 748.199 CPU sec, 20.669 real sec
[0000] Calling mem_process_seqs.., task: 10
[0000] 1. Calling kt_for - worker_bwt
[0000] 2. Calling kt_for - worker_aln
[0000] Inferring insert size distribution of PE reads from data, l_pac: 798880421, n: 4952664
[0000][PE] # candidate unique pairs for (FF, FR, RF, RR): (155, 1648191, 21, 128)
[0000][PE] analyzing insert size distribution for orientation FF...
[0000][PE] (25, 50, 75) percentile: (29, 38, 57)
[0000][PE] low and high boundaries for computing mean and std.dev: (1, 113)
[0000][PE] mean and std.dev: (42.55, 20.86)
[0000][PE] low and high boundaries for proper pairs: (1, 141)
[0000][PE] analyzing insert size distribution for orientation FR...
[0000][PE] (25, 50, 75) percentile: (58, 74, 95)
[0000][PE] low and high boundaries for computing mean and std.dev: (1, 169)
[0000][PE] mean and std.dev: (77.78, 26.74)
[0000][PE] low and high boundaries for proper pairs: (1, 206)
[0000][PE] analyzing insert size distribution for orientation RF...
[0000][PE] (25, 50, 75) percentile: (102, 255, 567)
[0000][PE] low and high boundaries for computing mean and std.dev: (1, 1497)
[0000][PE] mean and std.dev: (295.74, 340.71)
[0000][PE] low and high boundaries for proper pairs: (1, 1962)
[0000][PE] analyzing insert size distribution for orientation RR...
[0000][PE] (25, 50, 75) percentile: (27, 38, 53)
[0000][PE] low and high boundaries for computing mean and std.dev: (1, 105)
[0000][PE] mean and std.dev: (40.98, 19.37)
[0000][PE] low and high boundaries for proper pairs: (1, 131)
[0000][PE] skip orientation FF
[0000][PE] skip orientation RF
[0000][PE] skip orientation RR
[0000] 3. Calling kt_for - worker_sam
[0000] read_chunk: 400000000, work_chunk_size: 400000206, nseq: 4792900
	[0000][ M::kt_pipeline] read 4792900 sequences (400000206 bp)...
	[0000][ M::mem_process_seqs] Processed 4952664 reads in 846.629 CPU sec, 23.399 real sec
[0000] Calling mem_process_seqs.., task: 11
[0000] 1. Calling kt_for - worker_bwt
[0000] 2. Calling kt_for - worker_aln
[0000] Inferring insert size distribution of PE reads from data, l_pac: 798880421, n: 4792900
[0000][PE] # candidate unique pairs for (FF, FR, RF, RR): (126, 1437166, 15, 120)
[0000][PE] analyzing insert size distribution for orientation FF...
[0000][PE] (25, 50, 75) percentile: (28, 41, 59)
[0000][PE] low and high boundaries for computing mean and std.dev: (1, 121)
[0000][PE] mean and std.dev: (44.87, 22.62)
[0000][PE] low and high boundaries for proper pairs: (1, 152)
[0000][PE] analyzing insert size distribution for orientation FR...
[0000][PE] (25, 50, 75) percentile: (58, 74, 95)
[0000][PE] low and high boundaries for computing mean and std.dev: (1, 169)
[0000][PE] mean and std.dev: (77.86, 26.78)
[0000][PE] low and high boundaries for proper pairs: (1, 206)
[0000][PE] analyzing insert size distribution for orientation RF...
[0000][PE] (25, 50, 75) percentile: (36, 79, 331)
[0000][PE] low and high boundaries for computing mean and std.dev: (1, 921)
[0000][PE] mean and std.dev: (161.36, 174.41)
[0000][PE] low and high boundaries for proper pairs: (1, 1216)
[0000][PE] analyzing insert size distribution for orientation RR...
[0000][PE] (25, 50, 75) percentile: (26, 38, 52)
[0000][PE] low and high boundaries for computing mean and std.dev: (1, 104)
[0000][PE] mean and std.dev: (39.99, 19.33)
[0000][PE] low and high boundaries for proper pairs: (1, 130)
[0000][PE] skip orientation FF
[0000][PE] skip orientation RF
[0000][PE] skip orientation RR
[0000] 3. Calling kt_for - worker_sam
[0000] read_chunk: 400000000, work_chunk_size: 400000026, nseq: 4929948
	[0000][ M::kt_pipeline] read 4929948 sequences (400000026 bp)...
	[0000][ M::mem_process_seqs] Processed 4792900 reads in 1045.833 CPU sec, 28.273 real sec
[0000] Calling mem_process_seqs.., task: 12
[0000] 1. Calling kt_for - worker_bwt
[0000] 2. Calling kt_for - worker_aln
[0000] Inferring insert size distribution of PE reads from data, l_pac: 798880421, n: 4929948
[0000][PE] # candidate unique pairs for (FF, FR, RF, RR): (153, 1618236, 22, 140)
[0000][PE] analyzing insert size distribution for orientation FF...
[0000][PE] (25, 50, 75) percentile: (27, 40, 59)
[0000][PE] low and high boundaries for computing mean and std.dev: (1, 123)
[0000][PE] mean and std.dev: (44.05, 25.57)
[0000][PE] low and high boundaries for proper pairs: (1, 155)
[0000][PE] analyzing insert size distribution for orientation FR...
[0000][PE] (25, 50, 75) percentile: (58, 74, 95)
[0000][PE] low and high boundaries for computing mean and std.dev: (1, 169)
[0000][PE] mean and std.dev: (77.83, 26.76)
[0000][PE] low and high boundaries for proper pairs: (1, 206)
[0000][PE] analyzing insert size distribution for orientation RF...
[0000][PE] (25, 50, 75) percentile: (101, 422, 595)
[0000][PE] low and high boundaries for computing mean and std.dev: (1, 1583)
[0000][PE] mean and std.dev: (463.14, 446.97)
[0000][PE] low and high boundaries for proper pairs: (1, 2251)
[0000][PE] analyzing insert size distribution for orientation RR...
[0000][PE] (25, 50, 75) percentile: (26, 39, 55)
[0000][PE] low and high boundaries for computing mean and std.dev: (1, 113)
[0000][PE] mean and std.dev: (41.87, 22.66)
[0000][PE] low and high boundaries for proper pairs: (1, 142)
[0000][PE] skip orientation FF
[0000][PE] skip orientation RF
[0000][PE] skip orientation RR
[0000] 3. Calling kt_for - worker_sam
	[0000][ M::mem_process_seqs] Processed 4929948 reads in 821.967 CPU sec, 28.633 real sec
[0000] read_chunk: 400000000, work_chunk_size: 400000139, nseq: 4902828
	[0000][ M::kt_pipeline] read 4902828 sequences (400000139 bp)...
[0000] Calling mem_process_seqs.., task: 13
[0000] 1. Calling kt_for - worker_bwt
[0000] 2. Calling kt_for - worker_aln
[0000] read_chunk: 400000000, work_chunk_size: 400000034, nseq: 4834568
	[0000][ M::kt_pipeline] read 4834568 sequences (400000034 bp)...
[0000] Inferring insert size distribution of PE reads from data, l_pac: 798880421, n: 4902828
[0000][PE] # candidate unique pairs for (FF, FR, RF, RR): (158, 1585828, 24, 143)
[0000][PE] analyzing insert size distribution for orientation FF...
[0000][PE] (25, 50, 75) percentile: (26, 39, 58)
[0000][PE] low and high boundaries for computing mean and std.dev: (1, 122)
[0000][PE] mean and std.dev: (42.12, 20.84)
[0000][PE] low and high boundaries for proper pairs: (1, 154)
[0000][PE] analyzing insert size distribution for orientation FR...
[0000][PE] (25, 50, 75) percentile: (58, 74, 95)
[0000][PE] low and high boundaries for computing mean and std.dev: (1, 169)
[0000][PE] mean and std.dev: (77.84, 26.79)
[0000][PE] low and high boundaries for proper pairs: (1, 206)
[0000][PE] analyzing insert size distribution for orientation RF...
[0000][PE] (25, 50, 75) percentile: (72, 271, 473)
[0000][PE] low and high boundaries for computing mean and std.dev: (1, 1275)
[0000][PE] mean and std.dev: (265.70, 218.42)
[0000][PE] low and high boundaries for proper pairs: (1, 1676)
[0000][PE] analyzing insert size distribution for orientation RR...
[0000][PE] (25, 50, 75) percentile: (28, 38, 54)
[0000][PE] low and high boundaries for computing mean and std.dev: (1, 106)
[0000][PE] mean and std.dev: (43.23, 20.38)
[0000][PE] low and high boundaries for proper pairs: (1, 132)
[0000][PE] skip orientation FF
[0000][PE] skip orientation RF
[0000][PE] skip orientation RR
[0000] 3. Calling kt_for - worker_sam
	[0000][ M::mem_process_seqs] Processed 4902828 reads in 862.961 CPU sec, 23.080 real sec
[0000] Calling mem_process_seqs.., task: 14
[0000] 1. Calling kt_for - worker_bwt
[0000] 2. Calling kt_for - worker_aln
[0000] read_chunk: 400000000, work_chunk_size: 43736119, nseq: 529814
	[0000][ M::kt_pipeline] read 529814 sequences (43736119 bp)...
[0000] Inferring insert size distribution of PE reads from data, l_pac: 798880421, n: 4834568
[0000][PE] # candidate unique pairs for (FF, FR, RF, RR): (135, 1363995, 13, 127)
[0000][PE] analyzing insert size distribution for orientation FF...
[0000][PE] (25, 50, 75) percentile: (26, 37, 49)
[0000][PE] low and high boundaries for computing mean and std.dev: (1, 95)
[0000][PE] mean and std.dev: (37.94, 17.42)
[0000][PE] low and high boundaries for proper pairs: (1, 118)
[0000][PE] analyzing insert size distribution for orientation FR...
[0000][PE] (25, 50, 75) percentile: (58, 74, 95)
[0000][PE] low and high boundaries for computing mean and std.dev: (1, 169)
[0000][PE] mean and std.dev: (77.80, 26.70)
[0000][PE] low and high boundaries for proper pairs: (1, 206)
[0000][PE] analyzing insert size distribution for orientation RF...
[0000][PE] (25, 50, 75) percentile: (108, 158, 377)
[0000][PE] low and high boundaries for computing mean and std.dev: (1, 915)
[0000][PE] mean and std.dev: (196.00, 149.53)
[0000][PE] low and high boundaries for proper pairs: (1, 1184)
[0000][PE] analyzing insert size distribution for orientation RR...
[0000][PE] (25, 50, 75) percentile: (26, 40, 54)
[0000][PE] low and high boundaries for computing mean and std.dev: (1, 110)
[0000][PE] mean and std.dev: (40.50, 18.43)
[0000][PE] low and high boundaries for proper pairs: (1, 138)
[0000][PE] skip orientation FF
[0000][PE] skip orientation RF
[0000][PE] skip orientation RR
[0000] 3. Calling kt_for - worker_sam
	[0000][ M::mem_process_seqs] Processed 4834568 reads in 951.257 CPU sec, 25.622 real sec
[0000] Calling mem_process_seqs.., task: 15
[0000] 1. Calling kt_for - worker_bwt
[0000] 2. Calling kt_for - worker_aln
[0000] Inferring insert size distribution of PE reads from data, l_pac: 798880421, n: 529814
[0000][PE] # candidate unique pairs for (FF, FR, RF, RR): (14, 163321, 0, 14)
[0000][PE] analyzing insert size distribution for orientation FF...
[0000][PE] (25, 50, 75) percentile: (32, 53, 66)
[0000][PE] low and high boundaries for computing mean and std.dev: (1, 134)
[0000][PE] mean and std.dev: (50.64, 20.46)
[0000][PE] low and high boundaries for proper pairs: (1, 168)
[0000][PE] analyzing insert size distribution for orientation FR...
[0000][PE] (25, 50, 75) percentile: (58, 74, 95)
[0000][PE] low and high boundaries for computing mean and std.dev: (1, 169)
[0000][PE] mean and std.dev: (77.93, 26.89)
[0000][PE] low and high boundaries for proper pairs: (1, 206)
[0000][PE] skip orientation RF as there are not enough pairs
[0000][PE] analyzing insert size distribution for orientation RR...
[0000][PE] (25, 50, 75) percentile: (29, 39, 58)
[0000][PE] low and high boundaries for computing mean and std.dev: (1, 116)
[0000][PE] mean and std.dev: (42.23, 23.24)
[0000][PE] low and high boundaries for proper pairs: (1, 145)
[0000][PE] skip orientation FF
[0000][PE] skip orientation RR
[0000] 3. Calling kt_for - worker_sam
	[0000][ M::mem_process_seqs] Processed 529814 reads in 103.420 CPU sec, 4.482 real sec
[0000] read_chunk: 400000000, work_chunk_size: 0, nseq: 0
[0000] read_chunk: 400000000, work_chunk_size: 0, nseq: 0
[0000] Computation ends..
No. of OMP threads: 40
Processor is running @2394.714854 MHz
Runtime profile:

	Time taken for main_mem function: 420.13 sec

	IO times (sec) :
	Reading IO time (reads) avg: 184.84, (184.84, 184.84)
	Writing IO time (SAM) avg: 119.19, (119.19, 119.19)
	Reading IO time (Reference Genome) avg: 1.29, (1.29, 1.29)
	Index read time avg: 0.39, (0.39, 0.39)

	Overall time (sec) (Excluding Index reading time):
	PROCESS() (Total compute time + (read + SAM) IO time) : 418.25
	MEM_PROCESS_SEQ() (Total compute time (Kernel + SAM)), avg: 362.59, (362.59, 362.59)

	 SAM Processing time (sec):
	--WORKER_SAM avg: 94.04, (94.04, 94.04)

	Kernels' compute time (sec):
	Total kernel (smem+sal+bsw) time avg: 261.37, (261.37, 261.37)
		MEM_ALN_CHAIN_FLT avg: 0.00, (0.00, 0.00)
		MEM_ALN_CHAIN_SEED avg: 0.00, (0.00, 0.00)
		ERT_SEED_CHAIN avg: 0.00, (0.00, 0.00)
	LEARNED_SEED_CHAIN avg: 108.93, (109.45, 108.40)
		SMEM compute avg: 0.00, (0.00, 0.00)
		SAL compute avg: 0.00, (0.00, 0.00)
				MEM_SA avg: 0.00, (0.00, 0.00)

		BSW time, avg: 138.15, (138.69, 137.28)

Important parameter settings: 
	BATCH_SIZE: 512
	MAX_SEQ_LEN_REF: 256
	MAX_SEQ_LEN_QER: 128
	MAX_SEQ_LEN8: 128
	SEEDS_PER_READ: 500
	SIMD_WIDTH8 X: 64
	SIMD_WIDTH16 X: 32
	AVG_SEEDS_PER_READ: 64
