Looking to launch executable "/opt/conda/bin/bwa-meme_mode3.avx512bw", simd = _mode3.avx512bw
Launching executable "/opt/conda/bin/bwa-meme_mode3.avx512bw"
-----------------------------
Executing in AVX512 mode!!
-----------------------------
* SA compression enabled with xfactor: 8
* Ref file: reference.denovoSSL.Sin.fasta
* Entering FMI_search
Reading other elements of the index from files reference.denovoSSL.Sin.fasta
* Index prefix: reference.denovoSSL.Sin.fasta
* Read 0 ALT contigs
* Reading reference genome..
* Binary seq file = reference.denovoSSL.Sin.fasta.0123
* Reference genome size: 1597760842 bp
* Done reading reference genome !!

------------------------------------------
1. Memory pre-allocation for Chaining: 5679.4903 MB
2. Memory pre-allocation for BSW: 9584.6810 MB
[M::memoryAllocLearned::MEME] Reading Learned-index models into memory
[Learned-Config] MODE:3 SEARCH_METHOD: 1 MEM_TRADEOFF:1 EXPONENTIAL_SMEMSEARCH: 1 DEBUG_MODE:0 Num 2nd Models:268435456 PWL Bits Used:28
[M::memoryAllocLearned::MEME] Loading RMI model and Pac reference file took 12.920 sec
[M::memoryAllocLearned::MEME] Reading suffix array into memory
[M::memoryAllocLearned::MEME] Loading pos_packed file took 17.409 sec
[M::memoryAllocLearned::MEME] Generating SA, 64-bit Suffix and ISA in memory
[M::memoryAllocLearned::MEME] Runtime-build-index took 18.953 sec
3. Memory pre-allocation for BWT: 8632.1949 MB
------------------------------------------
* Threads used (compute): 40
* No. of pipeline threads: 2

[0000] read_chunk: 400000000, work_chunk_size: 400000105, nseq: 4926872
	[0000][ M::kt_pipeline] read 4926872 sequences (400000105 bp)...
[0000] Reallocating initial memory allocations!!
[0000] Calling mem_process_seqs.., task: 0
[0000] 1. Calling kt_for - worker_bwt
[0000] 2. Calling kt_for - worker_aln
[0000] read_chunk: 400000000, work_chunk_size: 400000055, nseq: 4829624
	[0000][ M::kt_pipeline] read 4829624 sequences (400000055 bp)...
[0000] Inferring insert size distribution of PE reads from data, l_pac: 798880421, n: 4926872
[0000][PE] # candidate unique pairs for (FF, FR, RF, RR): (119, 1755328, 16, 79)
[0000][PE] analyzing insert size distribution for orientation FF...
[0000][PE] (25, 50, 75) percentile: (26, 40, 55)
[0000][PE] low and high boundaries for computing mean and std.dev: (1, 113)
[0000][PE] mean and std.dev: (39.80, 19.00)
[0000][PE] low and high boundaries for proper pairs: (1, 142)
[0000][PE] analyzing insert size distribution for orientation FR...
[0000][PE] (25, 50, 75) percentile: (59, 75, 96)
[0000][PE] low and high boundaries for computing mean and std.dev: (1, 170)
[0000][PE] mean and std.dev: (78.56, 26.83)
[0000][PE] low and high boundaries for proper pairs: (1, 207)
[0000][PE] analyzing insert size distribution for orientation RF...
[0000][PE] (25, 50, 75) percentile: (206, 411, 848)
[0000][PE] low and high boundaries for computing mean and std.dev: (1, 2132)
[0000][PE] mean and std.dev: (527.56, 445.76)
[0000][PE] low and high boundaries for proper pairs: (1, 2774)
[0000][PE] analyzing insert size distribution for orientation RR...
[0000][PE] (25, 50, 75) percentile: (22, 35, 51)
[0000][PE] low and high boundaries for computing mean and std.dev: (1, 109)
[0000][PE] mean and std.dev: (38.04, 19.79)
[0000][PE] low and high boundaries for proper pairs: (1, 138)
[0000][PE] skip orientation FF
[0000][PE] skip orientation RF
[0000][PE] skip orientation RR
[0000] 3. Calling kt_for - worker_sam
	[0000][ M::mem_process_seqs] Processed 4926872 reads in 680.668 CPU sec, 18.297 real sec
[0000] Calling mem_process_seqs.., task: 1
[0000] 1. Calling kt_for - worker_bwt
[0000] 2. Calling kt_for - worker_aln
[0000] Inferring insert size distribution of PE reads from data, l_pac: 798880421, n: 4829624
[0000][PE] # candidate unique pairs for (FF, FR, RF, RR): (100, 1620565, 20, 83)
[0000][PE] analyzing insert size distribution for orientation FF...
[0000][PE] (25, 50, 75) percentile: (31, 42, 56)
[0000][PE] low and high boundaries for computing mean and std.dev: (1, 106)
[0000][PE] mean and std.dev: (43.62, 19.89)
[0000][PE] low and high boundaries for proper pairs: (1, 131)
[0000][PE] analyzing insert size distribution for orientation FR...
[0000][PE] (25, 50, 75) percentile: (59, 75, 96)
[0000][PE] low and high boundaries for computing mean and std.dev: (1, 170)
[0000][PE] mean and std.dev: (78.64, 26.86)
[0000][PE] low and high boundaries for proper pairs: (1, 207)
[0000][PE] analyzing insert size distribution for orientation RF...
[0000][PE] (25, 50, 75) percentile: (64, 280, 481)
[0000][PE] low and high boundaries for computing mean and std.dev: (1, 1315)
[0000][PE] mean and std.dev: (250.80, 199.96)
[0000][PE] low and high boundaries for proper pairs: (1, 1732)
[0000][PE] analyzing insert size distribution for orientation RR...
[0000][PE] (25, 50, 75) percentile: (28, 37, 48)
[0000][PE] low and high boundaries for computing mean and std.dev: (1, 88)
[0000][PE] mean and std.dev: (38.53, 15.75)
[0000][PE] low and high boundaries for proper pairs: (1, 108)
[0000][PE] skip orientation FF
[0000][PE] skip orientation RF
[0000][PE] skip orientation RR
[0000] 3. Calling kt_for - worker_sam
[0000] read_chunk: 400000000, work_chunk_size: 400000052, nseq: 4910912
	[0000][ M::kt_pipeline] read 4910912 sequences (400000052 bp)...
	[0000][ M::mem_process_seqs] Processed 4829624 reads in 786.863 CPU sec, 21.399 real sec
[0000] Calling mem_process_seqs.., task: 2
[0000] 1. Calling kt_for - worker_bwt
[0000] 2. Calling kt_for - worker_aln
[0000] Inferring insert size distribution of PE reads from data, l_pac: 798880421, n: 4910912
[0000][PE] # candidate unique pairs for (FF, FR, RF, RR): (101, 1722072, 17, 96)
[0000][PE] analyzing insert size distribution for orientation FF...
[0000][PE] (25, 50, 75) percentile: (29, 43, 53)
[0000][PE] low and high boundaries for computing mean and std.dev: (1, 101)
[0000][PE] mean and std.dev: (41.44, 18.43)
[0000][PE] low and high boundaries for proper pairs: (1, 125)
[0000][PE] analyzing insert size distribution for orientation FR...
[0000][PE] (25, 50, 75) percentile: (59, 75, 96)
[0000][PE] low and high boundaries for computing mean and std.dev: (1, 170)
[0000][PE] mean and std.dev: (78.54, 26.79)
[0000][PE] low and high boundaries for proper pairs: (1, 207)
[0000][PE] analyzing insert size distribution for orientation RF...
[0000][PE] (25, 50, 75) percentile: (53, 64, 283)
[0000][PE] low and high boundaries for computing mean and std.dev: (1, 743)
[0000][PE] mean and std.dev: (142.94, 165.09)
[0000][PE] low and high boundaries for proper pairs: (1, 973)
[0000][PE] analyzing insert size distribution for orientation RR...
[0000][PE] (25, 50, 75) percentile: (25, 38, 53)
[0000][PE] low and high boundaries for computing mean and std.dev: (1, 109)
[0000][PE] mean and std.dev: (39.93, 19.50)
[0000][PE] low and high boundaries for proper pairs: (1, 137)
[0000][PE] skip orientation FF
[0000][PE] skip orientation RF
[0000][PE] skip orientation RR
[0000] 3. Calling kt_for - worker_sam
[0000] read_chunk: 400000000, work_chunk_size: 400000098, nseq: 4922902
	[0000][ M::mem_process_seqs] Processed 4910912 reads in 711.246 CPU sec, 19.050 real sec
	[0000][ M::kt_pipeline] read 4922902 sequences (400000098 bp)...
[0000] Calling mem_process_seqs.., task: 3
[0000] 1. Calling kt_for - worker_bwt
[0000] 2. Calling kt_for - worker_aln
[0000] Inferring insert size distribution of PE reads from data, l_pac: 798880421, n: 4922902
[0000][PE] # candidate unique pairs for (FF, FR, RF, RR): (101, 1730836, 20, 102)
[0000][PE] analyzing insert size distribution for orientation FF...
[0000][PE] (25, 50, 75) percentile: (27, 38, 60)
[0000][PE] low and high boundaries for computing mean and std.dev: (1, 126)
[0000][PE] mean and std.dev: (42.42, 21.69)
[0000][PE] low and high boundaries for proper pairs: (1, 159)
[0000][PE] analyzing insert size distribution for orientation FR...
[0000][PE] (25, 50, 75) percentile: (59, 75, 96)
[0000][PE] low and high boundaries for computing mean and std.dev: (1, 170)
[0000][PE] mean and std.dev: (78.54, 26.82)
[0000][PE] low and high boundaries for proper pairs: (1, 207)
[0000][PE] analyzing insert size distribution for orientation RF...
[0000][PE] (25, 50, 75) percentile: (136, 272, 764)
[0000][PE] low and high boundaries for computing mean and std.dev: (1, 2020)
[0000][PE] mean and std.dev: (369.78, 345.40)
[0000][PE] low and high boundaries for proper pairs: (1, 2648)
[0000][PE] analyzing insert size distribution for orientation RR...
[0000][PE] (25, 50, 75) percentile: (26, 36, 53)
[0000][PE] low and high boundaries for computing mean and std.dev: (1, 107)
[0000][PE] mean and std.dev: (39.20, 20.30)
[0000][PE] low and high boundaries for proper pairs: (1, 134)
[0000][PE] skip orientation FF
[0000][PE] skip orientation RF
[0000][PE] skip orientation RR
[0000] 3. Calling kt_for - worker_sam
[0000] read_chunk: 400000000, work_chunk_size: 400000055, nseq: 4890324
	[0000][ M::kt_pipeline] read 4890324 sequences (400000055 bp)...
	[0000][ M::mem_process_seqs] Processed 4922902 reads in 706.732 CPU sec, 19.014 real sec
[0000] Calling mem_process_seqs.., task: 4
[0000] 1. Calling kt_for - worker_bwt
[0000] 2. Calling kt_for - worker_aln
[0000] Inferring insert size distribution of PE reads from data, l_pac: 798880421, n: 4890324
[0000][PE] # candidate unique pairs for (FF, FR, RF, RR): (95, 1684017, 15, 75)
[0000][PE] analyzing insert size distribution for orientation FF...
[0000][PE] (25, 50, 75) percentile: (27, 35, 49)
[0000][PE] low and high boundaries for computing mean and std.dev: (1, 93)
[0000][PE] mean and std.dev: (37.84, 18.21)
[0000][PE] low and high boundaries for proper pairs: (1, 115)
[0000][PE] analyzing insert size distribution for orientation FR...
[0000][PE] (25, 50, 75) percentile: (59, 75, 96)
[0000][PE] low and high boundaries for computing mean and std.dev: (1, 170)
[0000][PE] mean and std.dev: (78.57, 26.81)
[0000][PE] low and high boundaries for proper pairs: (1, 207)
[0000][PE] analyzing insert size distribution for orientation RF...
[0000][PE] (25, 50, 75) percentile: (67, 186, 234)
[0000][PE] low and high boundaries for computing mean and std.dev: (1, 568)
[0000][PE] mean and std.dev: (166.79, 129.89)
[0000][PE] low and high boundaries for proper pairs: (1, 735)
[0000][PE] analyzing insert size distribution for orientation RR...
[0000][PE] (25, 50, 75) percentile: (33, 42, 59)
[0000][PE] low and high boundaries for computing mean and std.dev: (1, 111)
[0000][PE] mean and std.dev: (43.75, 19.05)
[0000][PE] low and high boundaries for proper pairs: (1, 137)
[0000][PE] skip orientation FF
[0000][PE] skip orientation RF
[0000][PE] skip orientation RR
[0000] 3. Calling kt_for - worker_sam
[0000] read_chunk: 400000000, work_chunk_size: 400000037, nseq: 4837452
	[0000][ M::kt_pipeline] read 4837452 sequences (400000037 bp)...
	[0000][ M::mem_process_seqs] Processed 4890324 reads in 762.350 CPU sec, 20.735 real sec
[0000] Calling mem_process_seqs.., task: 5
[0000] 1. Calling kt_for - worker_bwt
[0000] 2. Calling kt_for - worker_aln
[0000] Inferring insert size distribution of PE reads from data, l_pac: 798880421, n: 4837452
[0000][PE] # candidate unique pairs for (FF, FR, RF, RR): (95, 1577546, 17, 79)
[0000][PE] analyzing insert size distribution for orientation FF...
[0000][PE] (25, 50, 75) percentile: (32, 44, 59)
[0000][PE] low and high boundaries for computing mean and std.dev: (1, 113)
[0000][PE] mean and std.dev: (45.54, 19.67)
[0000][PE] low and high boundaries for proper pairs: (1, 140)
[0000][PE] analyzing insert size distribution for orientation FR...
[0000][PE] (25, 50, 75) percentile: (59, 75, 96)
[0000][PE] low and high boundaries for computing mean and std.dev: (1, 170)
[0000][PE] mean and std.dev: (78.60, 26.80)
[0000][PE] low and high boundaries for proper pairs: (1, 207)
[0000][PE] analyzing insert size distribution for orientation RF...
[0000][PE] (25, 50, 75) percentile: (17, 58, 389)
[0000][PE] low and high boundaries for computing mean and std.dev: (1, 1133)
[0000][PE] mean and std.dev: (181.31, 269.95)
[0000][PE] low and high boundaries for proper pairs: (1, 1505)
[0000][PE] analyzing insert size distribution for orientation RR...
[0000][PE] (25, 50, 75) percentile: (23, 39, 56)
[0000][PE] low and high boundaries for computing mean and std.dev: (1, 122)
[0000][PE] mean and std.dev: (40.05, 19.42)
[0000][PE] low and high boundaries for proper pairs: (1, 155)
[0000][PE] skip orientation FF
[0000][PE] skip orientation RF
[0000][PE] skip orientation RR
[0000] 3. Calling kt_for - worker_sam
[0000] read_chunk: 400000000, work_chunk_size: 400000041, nseq: 4730114
	[0000][ M::kt_pipeline] read 4730114 sequences (400000041 bp)...
	[0000][ M::mem_process_seqs] Processed 4837452 reads in 844.190 CPU sec, 22.676 real sec
[0000] Calling mem_process_seqs.., task: 6
[0000] 1. Calling kt_for - worker_bwt
[0000] 2. Calling kt_for - worker_aln
[0000] Inferring insert size distribution of PE reads from data, l_pac: 798880421, n: 4730114
[0000][PE] # candidate unique pairs for (FF, FR, RF, RR): (94, 1444676, 13, 69)
[0000][PE] analyzing insert size distribution for orientation FF...
[0000][PE] (25, 50, 75) percentile: (27, 40, 53)
[0000][PE] low and high boundaries for computing mean and std.dev: (1, 105)
[0000][PE] mean and std.dev: (41.38, 19.02)
[0000][PE] low and high boundaries for proper pairs: (1, 131)
[0000][PE] analyzing insert size distribution for orientation FR...
[0000][PE] (25, 50, 75) percentile: (59, 75, 96)
[0000][PE] low and high boundaries for computing mean and std.dev: (1, 170)
[0000][PE] mean and std.dev: (78.66, 26.86)
[0000][PE] low and high boundaries for proper pairs: (1, 207)
[0000][PE] analyzing insert size distribution for orientation RF...
[0000][PE] (25, 50, 75) percentile: (47, 128, 283)
[0000][PE] low and high boundaries for computing mean and std.dev: (1, 755)
[0000][PE] mean and std.dev: (186.62, 201.60)
[0000][PE] low and high boundaries for proper pairs: (1, 993)
[0000][PE] analyzing insert size distribution for orientation RR...
[0000][PE] (25, 50, 75) percentile: (24, 33, 47)
[0000][PE] low and high boundaries for computing mean and std.dev: (1, 93)
[0000][PE] mean and std.dev: (35.89, 18.20)
[0000][PE] low and high boundaries for proper pairs: (1, 116)
[0000][PE] skip orientation FF
[0000][PE] skip orientation RF
[0000][PE] skip orientation RR
[0000] 3. Calling kt_for - worker_sam
[0000] read_chunk: 400000000, work_chunk_size: 400000065, nseq: 4922966
	[0000][ M::kt_pipeline] read 4922966 sequences (400000065 bp)...
	[0000][ M::mem_process_seqs] Processed 4730114 reads in 939.377 CPU sec, 25.327 real sec
[0000] Calling mem_process_seqs.., task: 7
[0000] 1. Calling kt_for - worker_bwt
[0000] 2. Calling kt_for - worker_aln
[0000] Inferring insert size distribution of PE reads from data, l_pac: 798880421, n: 4922966
[0000][PE] # candidate unique pairs for (FF, FR, RF, RR): (108, 1748182, 22, 92)
[0000][PE] analyzing insert size distribution for orientation FF...
[0000][PE] (25, 50, 75) percentile: (24, 41, 58)
[0000][PE] low and high boundaries for computing mean and std.dev: (1, 126)
[0000][PE] mean and std.dev: (41.21, 21.86)
[0000][PE] low and high boundaries for proper pairs: (1, 160)
[0000][PE] analyzing insert size distribution for orientation FR...
[0000][PE] (25, 50, 75) percentile: (59, 75, 96)
[0000][PE] low and high boundaries for computing mean and std.dev: (1, 170)
[0000][PE] mean and std.dev: (78.61, 26.86)
[0000][PE] low and high boundaries for proper pairs: (1, 207)
[0000][PE] analyzing insert size distribution for orientation RF...
[0000][PE] (25, 50, 75) percentile: (102, 251, 461)
[0000][PE] low and high boundaries for computing mean and std.dev: (1, 1179)
[0000][PE] mean and std.dev: (243.55, 182.95)
[0000][PE] low and high boundaries for proper pairs: (1, 1538)
[0000][PE] analyzing insert size distribution for orientation RR...
[0000][PE] (25, 50, 75) percentile: (21, 36, 58)
[0000][PE] low and high boundaries for computing mean and std.dev: (1, 132)
[0000][PE] mean and std.dev: (40.12, 22.70)
[0000][PE] low and high boundaries for proper pairs: (1, 169)
[0000][PE] skip orientation FF
[0000][PE] skip orientation RF
[0000][PE] skip orientation RR
[0000] 3. Calling kt_for - worker_sam
[0000] read_chunk: 400000000, work_chunk_size: 400000055, nseq: 4848354
	[0000][ M::kt_pipeline] read 4848354 sequences (400000055 bp)...
	[0000][ M::mem_process_seqs] Processed 4922966 reads in 703.139 CPU sec, 19.459 real sec
[0000] Calling mem_process_seqs.., task: 8
[0000] 1. Calling kt_for - worker_bwt
[0000] 2. Calling kt_for - worker_aln
[0000] Inferring insert size distribution of PE reads from data, l_pac: 798880421, n: 4848354
[0000][PE] # candidate unique pairs for (FF, FR, RF, RR): (90, 1631039, 26, 95)
[0000][PE] analyzing insert size distribution for orientation FF...
[0000][PE] (25, 50, 75) percentile: (19, 36, 53)
[0000][PE] low and high boundaries for computing mean and std.dev: (1, 121)
[0000][PE] mean and std.dev: (39.34, 21.76)
[0000][PE] low and high boundaries for proper pairs: (1, 155)
[0000][PE] analyzing insert size distribution for orientation FR...
[0000][PE] (25, 50, 75) percentile: (59, 75, 96)
[0000][PE] low and high boundaries for computing mean and std.dev: (1, 170)
[0000][PE] mean and std.dev: (78.58, 26.82)
[0000][PE] low and high boundaries for proper pairs: (1, 207)
[0000][PE] analyzing insert size distribution for orientation RF...
[0000][PE] (25, 50, 75) percentile: (53, 201, 303)
[0000][PE] low and high boundaries for computing mean and std.dev: (1, 803)
[0000][PE] mean and std.dev: (195.04, 158.19)
[0000][PE] low and high boundaries for proper pairs: (1, 1053)
[0000][PE] analyzing insert size distribution for orientation RR...
[0000][PE] (25, 50, 75) percentile: (20, 35, 51)
[0000][PE] low and high boundaries for computing mean and std.dev: (1, 113)
[0000][PE] mean and std.dev: (37.28, 22.43)
[0000][PE] low and high boundaries for proper pairs: (1, 144)
[0000][PE] skip orientation FF
[0000][PE] skip orientation RF
[0000][PE] skip orientation RR
[0000] 3. Calling kt_for - worker_sam
[0000] read_chunk: 400000000, work_chunk_size: 400000265, nseq: 4876278
	[0000][ M::kt_pipeline] read 4876278 sequences (400000265 bp)...
	[0000][ M::mem_process_seqs] Processed 4848354 reads in 846.465 CPU sec, 22.764 real sec
[0000] Calling mem_process_seqs.., task: 9
[0000] 1. Calling kt_for - worker_bwt
[0000] 2. Calling kt_for - worker_aln
[0000] Inferring insert size distribution of PE reads from data, l_pac: 798880421, n: 4876278
[0000][PE] # candidate unique pairs for (FF, FR, RF, RR): (96, 1664327, 18, 90)
[0000][PE] analyzing insert size distribution for orientation FF...
[0000][PE] (25, 50, 75) percentile: (26, 38, 55)
[0000][PE] low and high boundaries for computing mean and std.dev: (1, 113)
[0000][PE] mean and std.dev: (40.90, 21.12)
[0000][PE] low and high boundaries for proper pairs: (1, 142)
[0000][PE] analyzing insert size distribution for orientation FR...
[0000][PE] (25, 50, 75) percentile: (59, 75, 96)
[0000][PE] low and high boundaries for computing mean and std.dev: (1, 170)
[0000][PE] mean and std.dev: (78.62, 26.83)
[0000][PE] low and high boundaries for proper pairs: (1, 207)
[0000][PE] analyzing insert size distribution for orientation RF...
[0000][PE] (25, 50, 75) percentile: (129, 313, 496)
[0000][PE] low and high boundaries for computing mean and std.dev: (1, 1230)
[0000][PE] mean and std.dev: (319.41, 206.68)
[0000][PE] low and high boundaries for proper pairs: (1, 1597)
[0000][PE] analyzing insert size distribution for orientation RR...
[0000][PE] (25, 50, 75) percentile: (29, 40, 54)
[0000][PE] low and high boundaries for computing mean and std.dev: (1, 104)
[0000][PE] mean and std.dev: (41.42, 19.40)
[0000][PE] low and high boundaries for proper pairs: (1, 129)
[0000][PE] skip orientation FF
[0000][PE] skip orientation RF
[0000][PE] skip orientation RR
[0000] 3. Calling kt_for - worker_sam
[0000] read_chunk: 400000000, work_chunk_size: 400000117, nseq: 4842920
	[0000][ M::kt_pipeline] read 4842920 sequences (400000117 bp)...
	[0000][ M::mem_process_seqs] Processed 4876278 reads in 778.659 CPU sec, 21.301 real sec
[0000] Calling mem_process_seqs.., task: 10
[0000] 1. Calling kt_for - worker_bwt
[0000] 2. Calling kt_for - worker_aln
[0000] read_chunk: 400000000, work_chunk_size: 246785098, nseq: 3007330
	[0000][ M::kt_pipeline] read 3007330 sequences (246785098 bp)...
[0000] Inferring insert size distribution of PE reads from data, l_pac: 798880421, n: 4842920
[0000][PE] # candidate unique pairs for (FF, FR, RF, RR): (96, 1542885, 17, 70)
[0000][PE] analyzing insert size distribution for orientation FF...
[0000][PE] (25, 50, 75) percentile: (24, 34, 52)
[0000][PE] low and high boundaries for computing mean and std.dev: (1, 108)
[0000][PE] mean and std.dev: (35.85, 19.05)
[0000][PE] low and high boundaries for proper pairs: (1, 136)
[0000][PE] analyzing insert size distribution for orientation FR...
[0000][PE] (25, 50, 75) percentile: (59, 75, 96)
[0000][PE] low and high boundaries for computing mean and std.dev: (1, 170)
[0000][PE] mean and std.dev: (78.59, 26.81)
[0000][PE] low and high boundaries for proper pairs: (1, 207)
[0000][PE] analyzing insert size distribution for orientation RF...
[0000][PE] (25, 50, 75) percentile: (67, 230, 550)
[0000][PE] low and high boundaries for computing mean and std.dev: (1, 1516)
[0000][PE] mean and std.dev: (281.06, 214.11)
[0000][PE] low and high boundaries for proper pairs: (1, 1999)
[0000][PE] analyzing insert size distribution for orientation RR...
[0000][PE] (25, 50, 75) percentile: (24, 34, 45)
[0000][PE] low and high boundaries for computing mean and std.dev: (1, 87)
[0000][PE] mean and std.dev: (33.50, 15.80)
[0000][PE] low and high boundaries for proper pairs: (1, 108)
[0000][PE] skip orientation FF
[0000][PE] skip orientation RF
[0000][PE] skip orientation RR
[0000] 3. Calling kt_for - worker_sam
	[0000][ M::mem_process_seqs] Processed 4842920 reads in 850.895 CPU sec, 22.959 real sec
[0000] Calling mem_process_seqs.., task: 11
[0000] 1. Calling kt_for - worker_bwt
[0000] 2. Calling kt_for - worker_aln
[0000] read_chunk: 400000000, work_chunk_size: 0, nseq: 0
[0000] Inferring insert size distribution of PE reads from data, l_pac: 798880421, n: 3007330
[0000][PE] # candidate unique pairs for (FF, FR, RF, RR): (60, 1036483, 11, 54)
[0000][PE] analyzing insert size distribution for orientation FF...
[0000][PE] (25, 50, 75) percentile: (25, 39, 51)
[0000][PE] low and high boundaries for computing mean and std.dev: (1, 103)
[0000][PE] mean and std.dev: (37.09, 18.22)
[0000][PE] low and high boundaries for proper pairs: (1, 129)
[0000][PE] analyzing insert size distribution for orientation FR...
[0000][PE] (25, 50, 75) percentile: (59, 75, 96)
[0000][PE] low and high boundaries for computing mean and std.dev: (1, 170)
[0000][PE] mean and std.dev: (78.59, 26.88)
[0000][PE] low and high boundaries for proper pairs: (1, 207)
[0000][PE] analyzing insert size distribution for orientation RF...
[0000][PE] (25, 50, 75) percentile: (189, 278, 453)
[0000][PE] low and high boundaries for computing mean and std.dev: (1, 981)
[0000][PE] mean and std.dev: (275.55, 186.04)
[0000][PE] low and high boundaries for proper pairs: (1, 1245)
[0000][PE] analyzing insert size distribution for orientation RR...
[0000][PE] (25, 50, 75) percentile: (26, 35, 49)
[0000][PE] low and high boundaries for computing mean and std.dev: (1, 95)
[0000][PE] mean and std.dev: (36.49, 16.16)
[0000][PE] low and high boundaries for proper pairs: (1, 118)
[0000][PE] skip orientation FF
[0000][PE] skip orientation RF
[0000][PE] skip orientation RR
[0000] 3. Calling kt_for - worker_sam
	[0000][ M::mem_process_seqs] Processed 3007330 reads in 452.163 CPU sec, 13.006 real sec
[0000] read_chunk: 400000000, work_chunk_size: 0, nseq: 0
[0000] Computation ends..
No. of OMP threads: 40
Processor is running @2394.704212 MHz
Runtime profile:

	Time taken for main_mem function: 302.40 sec

	IO times (sec) :
	Reading IO time (reads) avg: 139.32, (139.32, 139.32)
	Writing IO time (SAM) avg: 78.32, (78.32, 78.32)
	Reading IO time (Reference Genome) avg: 1.30, (1.30, 1.30)
	Index read time avg: 0.42, (0.42, 0.42)

	Overall time (sec) (Excluding Index reading time):
	PROCESS() (Total compute time + (read + SAM) IO time) : 300.47
	MEM_PROCESS_SEQ() (Total compute time (Kernel + SAM)), avg: 245.95, (245.95, 245.95)

	 SAM Processing time (sec):
	--WORKER_SAM avg: 66.45, (66.45, 66.45)

	Kernels' compute time (sec):
	Total kernel (smem+sal+bsw) time avg: 173.81, (173.81, 173.81)
		MEM_ALN_CHAIN_FLT avg: 0.00, (0.00, 0.00)
		MEM_ALN_CHAIN_SEED avg: 0.00, (0.00, 0.00)
		ERT_SEED_CHAIN avg: 0.00, (0.00, 0.00)
	LEARNED_SEED_CHAIN avg: 74.04, (74.31, 73.78)
		SMEM compute avg: 0.00, (0.00, 0.00)
		SAL compute avg: 0.00, (0.00, 0.00)
				MEM_SA avg: 0.00, (0.00, 0.00)

		BSW time, avg: 90.87, (91.33, 90.24)

Important parameter settings: 
	BATCH_SIZE: 512
	MAX_SEQ_LEN_REF: 256
	MAX_SEQ_LEN_QER: 128
	MAX_SEQ_LEN8: 128
	SEEDS_PER_READ: 500
	SIMD_WIDTH8 X: 64
	SIMD_WIDTH16 X: 32
	AVG_SEEDS_PER_READ: 64
