Looking to launch executable "/opt/conda/bin/bwa-meme_mode3.avx512bw", simd = _mode3.avx512bw
Launching executable "/opt/conda/bin/bwa-meme_mode3.avx512bw"
-----------------------------
Executing in AVX512 mode!!
-----------------------------
* SA compression enabled with xfactor: 8
* Ref file: reference.denovoSSL.Sin.fasta
* Entering FMI_search
Reading other elements of the index from files reference.denovoSSL.Sin.fasta
* Index prefix: reference.denovoSSL.Sin.fasta
* Read 0 ALT contigs
* Reading reference genome..
* Binary seq file = reference.denovoSSL.Sin.fasta.0123
* Reference genome size: 1597760842 bp
* Done reading reference genome !!

------------------------------------------
1. Memory pre-allocation for Chaining: 5679.4903 MB
2. Memory pre-allocation for BSW: 9584.6810 MB
[M::memoryAllocLearned::MEME] Reading Learned-index models into memory
[Learned-Config] MODE:3 SEARCH_METHOD: 1 MEM_TRADEOFF:1 EXPONENTIAL_SMEMSEARCH: 1 DEBUG_MODE:0 Num 2nd Models:268435456 PWL Bits Used:28
[M::memoryAllocLearned::MEME] Loading RMI model and Pac reference file took 12.557 sec
[M::memoryAllocLearned::MEME] Reading suffix array into memory
[M::memoryAllocLearned::MEME] Loading pos_packed file took 16.809 sec
[M::memoryAllocLearned::MEME] Generating SA, 64-bit Suffix and ISA in memory
[M::memoryAllocLearned::MEME] Runtime-build-index took 18.948 sec
3. Memory pre-allocation for BWT: 8632.1949 MB
------------------------------------------
* Threads used (compute): 40
* No. of pipeline threads: 2

[0000] read_chunk: 400000000, work_chunk_size: 400000097, nseq: 4888374
	[0000][ M::kt_pipeline] read 4888374 sequences (400000097 bp)...
[0000] Reallocating initial memory allocations!!
[0000] Calling mem_process_seqs.., task: 0
[0000] 1. Calling kt_for - worker_bwt
[0000] 2. Calling kt_for - worker_aln
[0000] read_chunk: 400000000, work_chunk_size: 400000070, nseq: 4842176
	[0000][ M::kt_pipeline] read 4842176 sequences (400000070 bp)...
[0000] Inferring insert size distribution of PE reads from data, l_pac: 798880421, n: 4888374
[0000][PE] # candidate unique pairs for (FF, FR, RF, RR): (237, 1525213, 34, 213)
[0000][PE] analyzing insert size distribution for orientation FF...
[0000][PE] (25, 50, 75) percentile: (21, 32, 51)
[0000][PE] low and high boundaries for computing mean and std.dev: (1, 111)
[0000][PE] mean and std.dev: (38.25, 22.67)
[0000][PE] low and high boundaries for proper pairs: (1, 141)
[0000][PE] analyzing insert size distribution for orientation FR...
[0000][PE] (25, 50, 75) percentile: (57, 73, 96)
[0000][PE] low and high boundaries for computing mean and std.dev: (1, 174)
[0000][PE] mean and std.dev: (77.76, 28.31)
[0000][PE] low and high boundaries for proper pairs: (1, 213)
[0000][PE] analyzing insert size distribution for orientation RF...
[0000][PE] (25, 50, 75) percentile: (78, 158, 484)
[0000][PE] low and high boundaries for computing mean and std.dev: (1, 1296)
[0000][PE] mean and std.dev: (280.48, 269.44)
[0000][PE] low and high boundaries for proper pairs: (1, 1702)
[0000][PE] analyzing insert size distribution for orientation RR...
[0000][PE] (25, 50, 75) percentile: (26, 37, 57)
[0000][PE] low and high boundaries for computing mean and std.dev: (1, 119)
[0000][PE] mean and std.dev: (41.46, 21.38)
[0000][PE] low and high boundaries for proper pairs: (1, 150)
[0000][PE] skip orientation FF
[0000][PE] skip orientation RF
[0000][PE] skip orientation RR
[0000] 3. Calling kt_for - worker_sam
	[0000][ M::mem_process_seqs] Processed 4888374 reads in 894.325 CPU sec, 23.252 real sec
[0000] Calling mem_process_seqs.., task: 1
[0000] 1. Calling kt_for - worker_bwt
[0000] 2. Calling kt_for - worker_aln
[0000] Inferring insert size distribution of PE reads from data, l_pac: 798880421, n: 4842176
[0000][PE] # candidate unique pairs for (FF, FR, RF, RR): (208, 1456022, 37, 202)
[0000][PE] analyzing insert size distribution for orientation FF...
[0000][PE] (25, 50, 75) percentile: (26, 38, 60)
[0000][PE] low and high boundaries for computing mean and std.dev: (1, 128)
[0000][PE] mean and std.dev: (43.77, 24.71)
[0000][PE] low and high boundaries for proper pairs: (1, 162)
[0000][PE] analyzing insert size distribution for orientation FR...
[0000][PE] (25, 50, 75) percentile: (57, 73, 95)
[0000][PE] low and high boundaries for computing mean and std.dev: (1, 171)
[0000][PE] mean and std.dev: (77.57, 28.05)
[0000][PE] low and high boundaries for proper pairs: (1, 209)
[0000][PE] analyzing insert size distribution for orientation RF...
[0000][PE] (25, 50, 75) percentile: (79, 205, 484)
[0000][PE] low and high boundaries for computing mean and std.dev: (1, 1294)
[0000][PE] mean and std.dev: (281.66, 258.04)
[0000][PE] low and high boundaries for proper pairs: (1, 1699)
[0000][PE] analyzing insert size distribution for orientation RR...
[0000][PE] (25, 50, 75) percentile: (25, 37, 51)
[0000][PE] low and high boundaries for computing mean and std.dev: (1, 103)
[0000][PE] mean and std.dev: (39.36, 19.45)
[0000][PE] low and high boundaries for proper pairs: (1, 129)
[0000][PE] skip orientation FF
[0000][PE] skip orientation RF
[0000][PE] skip orientation RR
[0000] 3. Calling kt_for - worker_sam
[0000] read_chunk: 400000000, work_chunk_size: 400000064, nseq: 4672818
	[0000][ M::kt_pipeline] read 4672818 sequences (400000064 bp)...
	[0000][ M::mem_process_seqs] Processed 4842176 reads in 982.875 CPU sec, 25.949 real sec
[0000] Calling mem_process_seqs.., task: 2
[0000] 1. Calling kt_for - worker_bwt
[0000] 2. Calling kt_for - worker_aln
[0000] read_chunk: 400000000, work_chunk_size: 400000120, nseq: 4850632
	[0000][ M::kt_pipeline] read 4850632 sequences (400000120 bp)...
[0000] Inferring insert size distribution of PE reads from data, l_pac: 798880421, n: 4672818
[0000][PE] # candidate unique pairs for (FF, FR, RF, RR): (175, 1234843, 32, 196)
[0000][PE] analyzing insert size distribution for orientation FF...
[0000][PE] (25, 50, 75) percentile: (25, 38, 57)
[0000][PE] low and high boundaries for computing mean and std.dev: (1, 121)
[0000][PE] mean and std.dev: (42.09, 24.66)
[0000][PE] low and high boundaries for proper pairs: (1, 153)
[0000][PE] analyzing insert size distribution for orientation FR...
[0000][PE] (25, 50, 75) percentile: (57, 73, 96)
[0000][PE] low and high boundaries for computing mean and std.dev: (1, 174)
[0000][PE] mean and std.dev: (77.79, 28.34)
[0000][PE] low and high boundaries for proper pairs: (1, 213)
[0000][PE] analyzing insert size distribution for orientation RF...
[0000][PE] (25, 50, 75) percentile: (142, 287, 546)
[0000][PE] low and high boundaries for computing mean and std.dev: (1, 1354)
[0000][PE] mean and std.dev: (300.14, 221.27)
[0000][PE] low and high boundaries for proper pairs: (1, 1758)
[0000][PE] analyzing insert size distribution for orientation RR...
[0000][PE] (25, 50, 75) percentile: (26, 36, 54)
[0000][PE] low and high boundaries for computing mean and std.dev: (1, 110)
[0000][PE] mean and std.dev: (41.59, 22.74)
[0000][PE] low and high boundaries for proper pairs: (1, 138)
[0000][PE] skip orientation FF
[0000][PE] skip orientation RF
[0000][PE] skip orientation RR
[0000] 3. Calling kt_for - worker_sam
	[0000][ M::mem_process_seqs] Processed 4672818 reads in 1139.598 CPU sec, 30.047 real sec
[0000] Calling mem_process_seqs.., task: 3
[0000] 1. Calling kt_for - worker_bwt
[0000] 2. Calling kt_for - worker_aln
[0000] Inferring insert size distribution of PE reads from data, l_pac: 798880421, n: 4850632
[0000][PE] # candidate unique pairs for (FF, FR, RF, RR): (223, 1465317, 14, 206)
[0000][PE] analyzing insert size distribution for orientation FF...
[0000][PE] (25, 50, 75) percentile: (26, 37, 56)
[0000][PE] low and high boundaries for computing mean and std.dev: (1, 116)
[0000][PE] mean and std.dev: (41.39, 21.95)
[0000][PE] low and high boundaries for proper pairs: (1, 146)
[0000][PE] analyzing insert size distribution for orientation FR...
[0000][PE] (25, 50, 75) percentile: (57, 73, 96)
[0000][PE] low and high boundaries for computing mean and std.dev: (1, 174)
[0000][PE] mean and std.dev: (77.72, 28.30)
[0000][PE] low and high boundaries for proper pairs: (1, 213)
[0000][PE] analyzing insert size distribution for orientation RF...
[0000][PE] (25, 50, 75) percentile: (13, 201, 487)
[0000][PE] low and high boundaries for computing mean and std.dev: (1, 1435)
[0000][PE] mean and std.dev: (299.29, 327.39)
[0000][PE] low and high boundaries for proper pairs: (1, 1909)
[0000][PE] analyzing insert size distribution for orientation RR...
[0000][PE] (25, 50, 75) percentile: (27, 36, 52)
[0000][PE] low and high boundaries for computing mean and std.dev: (1, 102)
[0000][PE] mean and std.dev: (39.92, 18.46)
[0000][PE] low and high boundaries for proper pairs: (1, 127)
[0000][PE] skip orientation FF
[0000][PE] skip orientation RF
[0000][PE] skip orientation RR
[0000] 3. Calling kt_for - worker_sam
[0000] read_chunk: 400000000, work_chunk_size: 400000090, nseq: 4854224
	[0000][ M::kt_pipeline] read 4854224 sequences (400000090 bp)...
	[0000][ M::mem_process_seqs] Processed 4850632 reads in 955.840 CPU sec, 25.613 real sec
[0000] Calling mem_process_seqs.., task: 4
[0000] 1. Calling kt_for - worker_bwt
[0000] 2. Calling kt_for - worker_aln
[0000] Inferring insert size distribution of PE reads from data, l_pac: 798880421, n: 4854224
[0000][PE] # candidate unique pairs for (FF, FR, RF, RR): (235, 1458569, 33, 228)
[0000][PE] analyzing insert size distribution for orientation FF...
[0000][PE] (25, 50, 75) percentile: (27, 40, 54)
[0000][PE] low and high boundaries for computing mean and std.dev: (1, 108)
[0000][PE] mean and std.dev: (41.88, 21.20)
[0000][PE] low and high boundaries for proper pairs: (1, 135)
[0000][PE] analyzing insert size distribution for orientation FR...
[0000][PE] (25, 50, 75) percentile: (57, 73, 96)
[0000][PE] low and high boundaries for computing mean and std.dev: (1, 174)
[0000][PE] mean and std.dev: (77.79, 28.32)
[0000][PE] low and high boundaries for proper pairs: (1, 213)
[0000][PE] analyzing insert size distribution for orientation RF...
[0000][PE] (25, 50, 75) percentile: (103, 213, 582)
[0000][PE] low and high boundaries for computing mean and std.dev: (1, 1540)
[0000][PE] mean and std.dev: (320.44, 311.34)
[0000][PE] low and high boundaries for proper pairs: (1, 2019)
[0000][PE] analyzing insert size distribution for orientation RR...
[0000][PE] (25, 50, 75) percentile: (28, 39, 55)
[0000][PE] low and high boundaries for computing mean and std.dev: (1, 109)
[0000][PE] mean and std.dev: (41.88, 20.70)
[0000][PE] low and high boundaries for proper pairs: (1, 136)
[0000][PE] skip orientation FF
[0000][PE] skip orientation RF
[0000][PE] skip orientation RR
[0000] 3. Calling kt_for - worker_sam
[0000] read_chunk: 400000000, work_chunk_size: 400000200, nseq: 4887132
	[0000][ M::kt_pipeline] read 4887132 sequences (400000200 bp)...
	[0000][ M::mem_process_seqs] Processed 4854224 reads in 966.565 CPU sec, 25.835 real sec
[0000] Calling mem_process_seqs.., task: 5
[0000] 1. Calling kt_for - worker_bwt
[0000] 2. Calling kt_for - worker_aln
[0000] Inferring insert size distribution of PE reads from data, l_pac: 798880421, n: 4887132
[0000][PE] # candidate unique pairs for (FF, FR, RF, RR): (217, 1492972, 27, 218)
[0000][PE] analyzing insert size distribution for orientation FF...
[0000][PE] (25, 50, 75) percentile: (27, 36, 54)
[0000][PE] low and high boundaries for computing mean and std.dev: (1, 108)
[0000][PE] mean and std.dev: (40.40, 19.83)
[0000][PE] low and high boundaries for proper pairs: (1, 135)
[0000][PE] analyzing insert size distribution for orientation FR...
[0000][PE] (25, 50, 75) percentile: (57, 73, 96)
[0000][PE] low and high boundaries for computing mean and std.dev: (1, 174)
[0000][PE] mean and std.dev: (77.75, 28.25)
[0000][PE] low and high boundaries for proper pairs: (1, 213)
[0000][PE] analyzing insert size distribution for orientation RF...
[0000][PE] (25, 50, 75) percentile: (83, 241, 482)
[0000][PE] low and high boundaries for computing mean and std.dev: (1, 1280)
[0000][PE] mean and std.dev: (351.07, 353.94)
[0000][PE] low and high boundaries for proper pairs: (1, 1767)
[0000][PE] analyzing insert size distribution for orientation RR...
[0000][PE] (25, 50, 75) percentile: (27, 39, 53)
[0000][PE] low and high boundaries for computing mean and std.dev: (1, 105)
[0000][PE] mean and std.dev: (41.02, 21.07)
[0000][PE] low and high boundaries for proper pairs: (1, 131)
[0000][PE] skip orientation FF
[0000][PE] skip orientation RF
[0000][PE] skip orientation RR
[0000] 3. Calling kt_for - worker_sam
[0000] read_chunk: 400000000, work_chunk_size: 400000105, nseq: 4787202
	[0000][ M::kt_pipeline] read 4787202 sequences (400000105 bp)...
	[0000][ M::mem_process_seqs] Processed 4887132 reads in 954.942 CPU sec, 25.985 real sec
[0000] Calling mem_process_seqs.., task: 6
[0000] 1. Calling kt_for - worker_bwt
[0000] 2. Calling kt_for - worker_aln
[0000] read_chunk: 400000000, work_chunk_size: 400000087, nseq: 4782750
	[0000][ M::kt_pipeline] read 4782750 sequences (400000087 bp)...
[0000] Inferring insert size distribution of PE reads from data, l_pac: 798880421, n: 4787202
[0000][PE] # candidate unique pairs for (FF, FR, RF, RR): (192, 1344925, 37, 206)
[0000][PE] analyzing insert size distribution for orientation FF...
[0000][PE] (25, 50, 75) percentile: (27, 40, 65)
[0000][PE] low and high boundaries for computing mean and std.dev: (1, 141)
[0000][PE] mean and std.dev: (47.24, 28.69)
[0000][PE] low and high boundaries for proper pairs: (1, 179)
[0000][PE] analyzing insert size distribution for orientation FR...
[0000][PE] (25, 50, 75) percentile: (57, 73, 96)
[0000][PE] low and high boundaries for computing mean and std.dev: (1, 174)
[0000][PE] mean and std.dev: (77.74, 28.30)
[0000][PE] low and high boundaries for proper pairs: (1, 213)
[0000][PE] analyzing insert size distribution for orientation RF...
[0000][PE] (25, 50, 75) percentile: (63, 142, 291)
[0000][PE] low and high boundaries for computing mean and std.dev: (1, 747)
[0000][PE] mean and std.dev: (167.00, 140.03)
[0000][PE] low and high boundaries for proper pairs: (1, 975)
[0000][PE] analyzing insert size distribution for orientation RR...
[0000][PE] (25, 50, 75) percentile: (26, 38, 58)
[0000][PE] low and high boundaries for computing mean and std.dev: (1, 122)
[0000][PE] mean and std.dev: (42.17, 21.78)
[0000][PE] low and high boundaries for proper pairs: (1, 154)
[0000][PE] skip orientation FF
[0000][PE] skip orientation RF
[0000][PE] skip orientation RR
[0000] 3. Calling kt_for - worker_sam
	[0000][ M::mem_process_seqs] Processed 4787202 reads in 1099.266 CPU sec, 29.433 real sec
[0000] Calling mem_process_seqs.., task: 7
[0000] 1. Calling kt_for - worker_bwt
[0000] 2. Calling kt_for - worker_aln
[0000] read_chunk: 400000000, work_chunk_size: 400000100, nseq: 4763794
	[0000][ M::kt_pipeline] read 4763794 sequences (400000100 bp)...
[0000] Inferring insert size distribution of PE reads from data, l_pac: 798880421, n: 4782750
[0000][PE] # candidate unique pairs for (FF, FR, RF, RR): (227, 1310317, 31, 185)
[0000][PE] analyzing insert size distribution for orientation FF...
[0000][PE] (25, 50, 75) percentile: (27, 37, 59)
[0000][PE] low and high boundaries for computing mean and std.dev: (1, 123)
[0000][PE] mean and std.dev: (43.61, 24.07)
[0000][PE] low and high boundaries for proper pairs: (1, 155)
[0000][PE] analyzing insert size distribution for orientation FR...
[0000][PE] (25, 50, 75) percentile: (57, 73, 96)
[0000][PE] low and high boundaries for computing mean and std.dev: (1, 174)
[0000][PE] mean and std.dev: (77.75, 28.28)
[0000][PE] low and high boundaries for proper pairs: (1, 213)
[0000][PE] analyzing insert size distribution for orientation RF...
[0000][PE] (25, 50, 75) percentile: (181, 289, 605)
[0000][PE] low and high boundaries for computing mean and std.dev: (1, 1453)
[0000][PE] mean and std.dev: (340.46, 273.96)
[0000][PE] low and high boundaries for proper pairs: (1, 1877)
[0000][PE] analyzing insert size distribution for orientation RR...
[0000][PE] (25, 50, 75) percentile: (29, 40, 62)
[0000][PE] low and high boundaries for computing mean and std.dev: (1, 128)
[0000][PE] mean and std.dev: (45.51, 24.27)
[0000][PE] low and high boundaries for proper pairs: (1, 161)
[0000][PE] skip orientation FF
[0000][PE] skip orientation RF
[0000][PE] skip orientation RR
[0000] 3. Calling kt_for - worker_sam
	[0000][ M::mem_process_seqs] Processed 4782750 reads in 1128.440 CPU sec, 30.304 real sec
[0000] Calling mem_process_seqs.., task: 8
[0000] 1. Calling kt_for - worker_bwt
[0000] 2. Calling kt_for - worker_aln
[0000] read_chunk: 400000000, work_chunk_size: 400000061, nseq: 4402198
	[0000][ M::kt_pipeline] read 4402198 sequences (400000061 bp)...
[0000] Inferring insert size distribution of PE reads from data, l_pac: 798880421, n: 4763794
[0000][PE] # candidate unique pairs for (FF, FR, RF, RR): (209, 1286673, 31, 179)
[0000][PE] analyzing insert size distribution for orientation FF...
[0000][PE] (25, 50, 75) percentile: (25, 39, 55)
[0000][PE] low and high boundaries for computing mean and std.dev: (1, 115)
[0000][PE] mean and std.dev: (40.42, 20.54)
[0000][PE] low and high boundaries for proper pairs: (1, 145)
[0000][PE] analyzing insert size distribution for orientation FR...
[0000][PE] (25, 50, 75) percentile: (57, 73, 96)
[0000][PE] low and high boundaries for computing mean and std.dev: (1, 174)
[0000][PE] mean and std.dev: (77.79, 28.31)
[0000][PE] low and high boundaries for proper pairs: (1, 213)
[0000][PE] analyzing insert size distribution for orientation RF...
[0000][PE] (25, 50, 75) percentile: (87, 217, 466)
[0000][PE] low and high boundaries for computing mean and std.dev: (1, 1224)
[0000][PE] mean and std.dev: (254.50, 233.64)
[0000][PE] low and high boundaries for proper pairs: (1, 1603)
[0000][PE] analyzing insert size distribution for orientation RR...
[0000][PE] (25, 50, 75) percentile: (26, 37, 53)
[0000][PE] low and high boundaries for computing mean and std.dev: (1, 107)
[0000][PE] mean and std.dev: (39.86, 20.70)
[0000][PE] low and high boundaries for proper pairs: (1, 134)
[0000][PE] skip orientation FF
[0000][PE] skip orientation RF
[0000][PE] skip orientation RR
[0000] 3. Calling kt_for - worker_sam
	[0000][ M::mem_process_seqs] Processed 4763794 reads in 1127.335 CPU sec, 30.293 real sec
[0000] Calling mem_process_seqs.., task: 9
[0000] 1. Calling kt_for - worker_bwt
[0000] 2. Calling kt_for - worker_aln
[0000] read_chunk: 400000000, work_chunk_size: 400000145, nseq: 4867330
	[0000][ M::kt_pipeline] read 4867330 sequences (400000145 bp)...
[0000] Inferring insert size distribution of PE reads from data, l_pac: 798880421, n: 4402198
[0000][PE] # candidate unique pairs for (FF, FR, RF, RR): (130, 842847, 9, 146)
[0000][PE] analyzing insert size distribution for orientation FF...
[0000][PE] (25, 50, 75) percentile: (26, 36, 56)
[0000][PE] low and high boundaries for computing mean and std.dev: (1, 116)
[0000][PE] mean and std.dev: (41.91, 23.32)
[0000][PE] low and high boundaries for proper pairs: (1, 146)
[0000][PE] analyzing insert size distribution for orientation FR...
[0000][PE] (25, 50, 75) percentile: (57, 74, 96)
[0000][PE] low and high boundaries for computing mean and std.dev: (1, 174)
[0000][PE] mean and std.dev: (78.01, 28.29)
[0000][PE] low and high boundaries for proper pairs: (1, 213)
[0000][PE] skip orientation RF as there are not enough pairs
[0000][PE] analyzing insert size distribution for orientation RR...
[0000][PE] (25, 50, 75) percentile: (27, 40, 63)
[0000][PE] low and high boundaries for computing mean and std.dev: (1, 135)
[0000][PE] mean and std.dev: (44.92, 26.07)
[0000][PE] low and high boundaries for proper pairs: (1, 171)
[0000][PE] skip orientation FF
[0000][PE] skip orientation RR
[0000] 3. Calling kt_for - worker_sam
	[0000][ M::mem_process_seqs] Processed 4402198 reads in 1485.621 CPU sec, 39.185 real sec
[0000] Calling mem_process_seqs.., task: 10
[0000] 1. Calling kt_for - worker_bwt
[0000] 2. Calling kt_for - worker_aln
[0000] Inferring insert size distribution of PE reads from data, l_pac: 798880421, n: 4867330
[0000][PE] # candidate unique pairs for (FF, FR, RF, RR): (214, 1487015, 30, 210)
[0000][PE] analyzing insert size distribution for orientation FF...
[0000][PE] (25, 50, 75) percentile: (25, 39, 57)
[0000][PE] low and high boundaries for computing mean and std.dev: (1, 121)
[0000][PE] mean and std.dev: (42.53, 23.01)
[0000][PE] low and high boundaries for proper pairs: (1, 153)
[0000][PE] analyzing insert size distribution for orientation FR...
[0000][PE] (25, 50, 75) percentile: (57, 73, 96)
[0000][PE] low and high boundaries for computing mean and std.dev: (1, 174)
[0000][PE] mean and std.dev: (77.72, 28.30)
[0000][PE] low and high boundaries for proper pairs: (1, 213)
[0000][PE] analyzing insert size distribution for orientation RF...
[0000][PE] (25, 50, 75) percentile: (51, 165, 418)
[0000][PE] low and high boundaries for computing mean and std.dev: (1, 1152)
[0000][PE] mean and std.dev: (264.63, 272.81)
[0000][PE] low and high boundaries for proper pairs: (1, 1519)
[0000][PE] analyzing insert size distribution for orientation RR...
[0000][PE] (25, 50, 75) percentile: (23, 36, 55)
[0000][PE] low and high boundaries for computing mean and std.dev: (1, 119)
[0000][PE] mean and std.dev: (39.66, 22.05)
[0000][PE] low and high boundaries for proper pairs: (1, 151)
[0000][PE] skip orientation FF
[0000][PE] skip orientation RF
[0000][PE] skip orientation RR
[0000] 3. Calling kt_for - worker_sam
[0000] read_chunk: 400000000, work_chunk_size: 400000261, nseq: 4885606
	[0000][ M::kt_pipeline] read 4885606 sequences (400000261 bp)...
	[0000][ M::mem_process_seqs] Processed 4867330 reads in 930.072 CPU sec, 25.919 real sec
[0000] Calling mem_process_seqs.., task: 11
[0000] 1. Calling kt_for - worker_bwt
[0000] 2. Calling kt_for - worker_aln
[0000] Inferring insert size distribution of PE reads from data, l_pac: 798880421, n: 4885606
[0000][PE] # candidate unique pairs for (FF, FR, RF, RR): (256, 1506091, 28, 220)
[0000][PE] analyzing insert size distribution for orientation FF...
[0000][PE] (25, 50, 75) percentile: (26, 37, 54)
[0000][PE] low and high boundaries for computing mean and std.dev: (1, 110)
[0000][PE] mean and std.dev: (40.73, 19.77)
[0000][PE] low and high boundaries for proper pairs: (1, 138)
[0000][PE] analyzing insert size distribution for orientation FR...
[0000][PE] (25, 50, 75) percentile: (57, 73, 96)
[0000][PE] low and high boundaries for computing mean and std.dev: (1, 174)
[0000][PE] mean and std.dev: (77.76, 28.32)
[0000][PE] low and high boundaries for proper pairs: (1, 213)
[0000][PE] analyzing insert size distribution for orientation RF...
[0000][PE] (25, 50, 75) percentile: (75, 198, 376)
[0000][PE] low and high boundaries for computing mean and std.dev: (1, 978)
[0000][PE] mean and std.dev: (243.15, 249.35)
[0000][PE] low and high boundaries for proper pairs: (1, 1279)
[0000][PE] analyzing insert size distribution for orientation RR...
[0000][PE] (25, 50, 75) percentile: (27, 38, 56)
[0000][PE] low and high boundaries for computing mean and std.dev: (1, 114)
[0000][PE] mean and std.dev: (41.37, 20.72)
[0000][PE] low and high boundaries for proper pairs: (1, 143)
[0000][PE] skip orientation FF
[0000][PE] skip orientation RF
[0000][PE] skip orientation RR
[0000] 3. Calling kt_for - worker_sam
[0000] read_chunk: 400000000, work_chunk_size: 400000031, nseq: 4646216
	[0000][ M::kt_pipeline] read 4646216 sequences (400000031 bp)...
	[0000][ M::mem_process_seqs] Processed 4885606 reads in 990.455 CPU sec, 26.754 real sec
[0000] Calling mem_process_seqs.., task: 12
[0000] 1. Calling kt_for - worker_bwt
[0000] 2. Calling kt_for - worker_aln
[0000] read_chunk: 400000000, work_chunk_size: 400000038, nseq: 4789434
	[0000][ M::kt_pipeline] read 4789434 sequences (400000038 bp)...
[0000] Inferring insert size distribution of PE reads from data, l_pac: 798880421, n: 4646216
[0000][PE] # candidate unique pairs for (FF, FR, RF, RR): (164, 1165047, 30, 133)
[0000][PE] analyzing insert size distribution for orientation FF...
[0000][PE] (25, 50, 75) percentile: (24, 34, 54)
[0000][PE] low and high boundaries for computing mean and std.dev: (1, 114)
[0000][PE] mean and std.dev: (39.84, 22.09)
[0000][PE] low and high boundaries for proper pairs: (1, 144)
[0000][PE] analyzing insert size distribution for orientation FR...
[0000][PE] (25, 50, 75) percentile: (57, 73, 96)
[0000][PE] low and high boundaries for computing mean and std.dev: (1, 174)
[0000][PE] mean and std.dev: (77.85, 28.29)
[0000][PE] low and high boundaries for proper pairs: (1, 213)
[0000][PE] analyzing insert size distribution for orientation RF...
[0000][PE] (25, 50, 75) percentile: (113, 277, 522)
[0000][PE] low and high boundaries for computing mean and std.dev: (1, 1340)
[0000][PE] mean and std.dev: (308.79, 225.98)
[0000][PE] low and high boundaries for proper pairs: (1, 1749)
[0000][PE] analyzing insert size distribution for orientation RR...
[0000][PE] (25, 50, 75) percentile: (26, 38, 51)
[0000][PE] low and high boundaries for computing mean and std.dev: (1, 101)
[0000][PE] mean and std.dev: (40.02, 20.27)
[0000][PE] low and high boundaries for proper pairs: (1, 126)
[0000][PE] skip orientation FF
[0000][PE] skip orientation RF
[0000][PE] skip orientation RR
[0000] 3. Calling kt_for - worker_sam
	[0000][ M::mem_process_seqs] Processed 4646216 reads in 1390.076 CPU sec, 43.154 real sec
[0000] Calling mem_process_seqs.., task: 13
[0000] 1. Calling kt_for - worker_bwt
[0000] 2. Calling kt_for - worker_aln
[0000] Inferring insert size distribution of PE reads from data, l_pac: 798880421, n: 4789434
[0000][PE] # candidate unique pairs for (FF, FR, RF, RR): (190, 1376808, 29, 162)
[0000][PE] analyzing insert size distribution for orientation FF...
[0000][PE] (25, 50, 75) percentile: (26, 37, 61)
[0000][PE] low and high boundaries for computing mean and std.dev: (1, 131)
[0000][PE] mean and std.dev: (42.57, 23.95)
[0000][PE] low and high boundaries for proper pairs: (1, 166)
[0000][PE] analyzing insert size distribution for orientation FR...
[0000][PE] (25, 50, 75) percentile: (57, 73, 96)
[0000][PE] low and high boundaries for computing mean and std.dev: (1, 174)
[0000][PE] mean and std.dev: (77.76, 28.32)
[0000][PE] low and high boundaries for proper pairs: (1, 213)
[0000][PE] analyzing insert size distribution for orientation RF...
[0000][PE] (25, 50, 75) percentile: (171, 258, 716)
[0000][PE] low and high boundaries for computing mean and std.dev: (1, 1806)
[0000][PE] mean and std.dev: (363.89, 329.52)
[0000][PE] low and high boundaries for proper pairs: (1, 2351)
[0000][PE] analyzing insert size distribution for orientation RR...
[0000][PE] (25, 50, 75) percentile: (28, 36, 52)
[0000][PE] low and high boundaries for computing mean and std.dev: (1, 100)
[0000][PE] mean and std.dev: (39.72, 17.87)
[0000][PE] low and high boundaries for proper pairs: (1, 124)
[0000][PE] skip orientation FF
[0000][PE] skip orientation RF
[0000][PE] skip orientation RR
[0000] 3. Calling kt_for - worker_sam
[0000] read_chunk: 400000000, work_chunk_size: 400000166, nseq: 4805484
	[0000][ M::kt_pipeline] read 4805484 sequences (400000166 bp)...
	[0000][ M::mem_process_seqs] Processed 4789434 reads in 1058.006 CPU sec, 28.831 real sec
[0000] Calling mem_process_seqs.., task: 14
[0000] 1. Calling kt_for - worker_bwt
[0000] 2. Calling kt_for - worker_aln
[0000] read_chunk: 400000000, work_chunk_size: 400000153, nseq: 4824646
	[0000][ M::kt_pipeline] read 4824646 sequences (400000153 bp)...
[0000] Inferring insert size distribution of PE reads from data, l_pac: 798880421, n: 4805484
[0000][PE] # candidate unique pairs for (FF, FR, RF, RR): (204, 1355716, 33, 178)
[0000][PE] analyzing insert size distribution for orientation FF...
[0000][PE] (25, 50, 75) percentile: (27, 37, 55)
[0000][PE] low and high boundaries for computing mean and std.dev: (1, 111)
[0000][PE] mean and std.dev: (39.74, 20.07)
[0000][PE] low and high boundaries for proper pairs: (1, 139)
[0000][PE] analyzing insert size distribution for orientation FR...
[0000][PE] (25, 50, 75) percentile: (57, 73, 96)
[0000][PE] low and high boundaries for computing mean and std.dev: (1, 174)
[0000][PE] mean and std.dev: (77.77, 28.31)
[0000][PE] low and high boundaries for proper pairs: (1, 213)
[0000][PE] analyzing insert size distribution for orientation RF...
[0000][PE] (25, 50, 75) percentile: (118, 218, 514)
[0000][PE] low and high boundaries for computing mean and std.dev: (1, 1306)
[0000][PE] mean and std.dev: (276.77, 206.74)
[0000][PE] low and high boundaries for proper pairs: (1, 1702)
[0000][PE] analyzing insert size distribution for orientation RR...
[0000][PE] (25, 50, 75) percentile: (26, 35, 54)
[0000][PE] low and high boundaries for computing mean and std.dev: (1, 110)
[0000][PE] mean and std.dev: (39.35, 20.11)
[0000][PE] low and high boundaries for proper pairs: (1, 138)
[0000][PE] skip orientation FF
[0000][PE] skip orientation RF
[0000][PE] skip orientation RR
[0000] 3. Calling kt_for - worker_sam
	[0000][ M::mem_process_seqs] Processed 4805484 reads in 1145.874 CPU sec, 30.960 real sec
[0000] Calling mem_process_seqs.., task: 15
[0000] 1. Calling kt_for - worker_bwt
[0000] 2. Calling kt_for - worker_aln
[0000] Inferring insert size distribution of PE reads from data, l_pac: 798880421, n: 4824646
[0000] read_chunk: 400000000, work_chunk_size: 400000166, nseq: 4702540
[0000][PE] # candidate unique pairs for (FF, FR, RF, RR): (195, 1418952, 31, 170)
[0000][PE] analyzing insert size distribution for orientation FF...
[0000][PE] (25, 50, 75) percentile: (24, 37, 51)
[0000][PE] low and high boundaries for computing mean and std.dev: (1, 105)
[0000][PE] mean and std.dev: (40.03, 20.63)
[0000][PE] low and high boundaries for proper pairs: (1, 132)
[0000][PE] analyzing insert size distribution for orientation FR...
[0000][PE] (25, 50, 75) percentile: (57, 73, 96)
[0000][PE] low and high boundaries for computing mean and std.dev: (1, 174)
[0000][PE] mean and std.dev: (77.76, 28.31)
[0000][PE] low and high boundaries for proper pairs: (1, 213)
[0000][PE] analyzing insert size distribution for orientation RF...
[0000][PE] (25, 50, 75) percentile: (124, 256, 428)
[0000][PE] low and high boundaries for computing mean and std.dev: (1, 1036)
[0000][PE] mean and std.dev: (304.37, 248.48)
[0000][PE] low and high boundaries for proper pairs: (1, 1340)
[0000][PE] analyzing insert size distribution for orientation RR...
[0000][PE] (25, 50, 75) percentile: (28, 41, 57)
[0000][PE] low and high boundaries for computing mean and std.dev: (1, 115)
[0000][PE] mean and std.dev: (42.35, 21.40)
[0000][PE] low and high boundaries for proper pairs: (1, 144)
[0000][PE] skip orientation FF
[0000][PE] skip orientation RF
[0000][PE] skip orientation RR
[0000] 3. Calling kt_for - worker_sam
	[0000][ M::kt_pipeline] read 4702540 sequences (400000166 bp)...
	[0000][ M::mem_process_seqs] Processed 4824646 reads in 1016.758 CPU sec, 27.486 real sec
[0000] Calling mem_process_seqs.., task: 16
[0000] 1. Calling kt_for - worker_bwt
[0000] 2. Calling kt_for - worker_aln
[0000] read_chunk: 400000000, work_chunk_size: 158777684, nseq: 1910350
	[0000][ M::kt_pipeline] read 1910350 sequences (158777684 bp)...
[0000] Inferring insert size distribution of PE reads from data, l_pac: 798880421, n: 4702540
[0000][PE] # candidate unique pairs for (FF, FR, RF, RR): (158, 1056778, 20, 148)
[0000][PE] analyzing insert size distribution for orientation FF...
[0000][PE] (25, 50, 75) percentile: (25, 36, 55)
[0000][PE] low and high boundaries for computing mean and std.dev: (1, 115)
[0000][PE] mean and std.dev: (41.12, 22.59)
[0000][PE] low and high boundaries for proper pairs: (1, 145)
[0000][PE] analyzing insert size distribution for orientation FR...
[0000][PE] (25, 50, 75) percentile: (57, 73, 96)
[0000][PE] low and high boundaries for computing mean and std.dev: (1, 174)
[0000][PE] mean and std.dev: (77.80, 28.27)
[0000][PE] low and high boundaries for proper pairs: (1, 213)
[0000][PE] analyzing insert size distribution for orientation RF...
[0000][PE] (25, 50, 75) percentile: (117, 225, 373)
[0000][PE] low and high boundaries for computing mean and std.dev: (1, 885)
[0000][PE] mean and std.dev: (230.05, 148.58)
[0000][PE] low and high boundaries for proper pairs: (1, 1141)
[0000][PE] analyzing insert size distribution for orientation RR...
[0000][PE] (25, 50, 75) percentile: (26, 36, 55)
[0000][PE] low and high boundaries for computing mean and std.dev: (1, 113)
[0000][PE] mean and std.dev: (40.92, 22.34)
[0000][PE] low and high boundaries for proper pairs: (1, 142)
[0000][PE] skip orientation FF
[0000][PE] skip orientation RF
[0000][PE] skip orientation RR
[0000] 3. Calling kt_for - worker_sam
	[0000][ M::mem_process_seqs] Processed 4702540 reads in 1210.630 CPU sec, 31.994 real sec
[0000] Calling mem_process_seqs.., task: 17
[0000] 1. Calling kt_for - worker_bwt
[0000] 2. Calling kt_for - worker_aln
[0000] read_chunk: 400000000, work_chunk_size: 0, nseq: 0
[0000] Inferring insert size distribution of PE reads from data, l_pac: 798880421, n: 1910350
[0000][PE] # candidate unique pairs for (FF, FR, RF, RR): (85, 558603, 3, 68)
[0000][PE] analyzing insert size distribution for orientation FF...
[0000][PE] (25, 50, 75) percentile: (29, 43, 57)
[0000][PE] low and high boundaries for computing mean and std.dev: (1, 113)
[0000][PE] mean and std.dev: (43.44, 21.19)
[0000][PE] low and high boundaries for proper pairs: (1, 141)
[0000][PE] analyzing insert size distribution for orientation FR...
[0000][PE] (25, 50, 75) percentile: (57, 73, 96)
[0000][PE] low and high boundaries for computing mean and std.dev: (1, 174)
[0000][PE] mean and std.dev: (77.78, 28.36)
[0000][PE] low and high boundaries for proper pairs: (1, 213)
[0000][PE] skip orientation RF as there are not enough pairs
[0000][PE] analyzing insert size distribution for orientation RR...
[0000][PE] (25, 50, 75) percentile: (29, 38, 52)
[0000][PE] low and high boundaries for computing mean and std.dev: (1, 98)
[0000][PE] mean and std.dev: (39.16, 17.61)
[0000][PE] low and high boundaries for proper pairs: (1, 121)
[0000][PE] skip orientation FF
[0000][PE] skip orientation RR
[0000] 3. Calling kt_for - worker_sam
	[0000][ M::mem_process_seqs] Processed 1910350 reads in 399.104 CPU sec, 12.349 real sec
[0000] read_chunk: 400000000, work_chunk_size: 0, nseq: 0
[0000] Computation ends..
No. of OMP threads: 40
Processor is running @2394.703166 MHz
Runtime profile:

	Time taken for main_mem function: 568.45 sec

	IO times (sec) :
	Reading IO time (reads) avg: 212.39, (212.39, 212.39)
	Writing IO time (SAM) avg: 150.48, (150.48, 150.48)
	Reading IO time (Reference Genome) avg: 1.32, (1.32, 1.32)
	Index read time avg: 0.44, (0.44, 0.44)

	Overall time (sec) (Excluding Index reading time):
	PROCESS() (Total compute time + (read + SAM) IO time) : 566.47
	MEM_PROCESS_SEQ() (Total compute time (Kernel + SAM)), avg: 513.27, (513.27, 513.27)

	 SAM Processing time (sec):
	--WORKER_SAM avg: 130.65, (130.65, 130.65)

	Kernels' compute time (sec):
	Total kernel (smem+sal+bsw) time avg: 374.65, (374.65, 374.65)
		MEM_ALN_CHAIN_FLT avg: 0.00, (0.00, 0.00)
		MEM_ALN_CHAIN_SEED avg: 0.00, (0.00, 0.00)
		ERT_SEED_CHAIN avg: 0.00, (0.00, 0.00)
	LEARNED_SEED_CHAIN avg: 160.00, (160.83, 159.41)
		SMEM compute avg: 0.00, (0.00, 0.00)
		SAL compute avg: 0.00, (0.00, 0.00)
				MEM_SA avg: 0.00, (0.00, 0.00)

		BSW time, avg: 195.42, (195.93, 194.83)

Important parameter settings: 
	BATCH_SIZE: 512
	MAX_SEQ_LEN_REF: 256
	MAX_SEQ_LEN_QER: 128
	MAX_SEQ_LEN8: 128
	SEEDS_PER_READ: 500
	SIMD_WIDTH8 X: 64
	SIMD_WIDTH16 X: 32
	AVG_SEEDS_PER_READ: 64
