Looking to launch executable "/opt/conda/bin/bwa-meme_mode3.avx512bw", simd = _mode3.avx512bw
Launching executable "/opt/conda/bin/bwa-meme_mode3.avx512bw"
-----------------------------
Executing in AVX512 mode!!
-----------------------------
* SA compression enabled with xfactor: 8
* Ref file: reference.denovoSSL.Sin.fasta
* Entering FMI_search
Reading other elements of the index from files reference.denovoSSL.Sin.fasta
* Index prefix: reference.denovoSSL.Sin.fasta
* Read 0 ALT contigs
* Reading reference genome..
* Binary seq file = reference.denovoSSL.Sin.fasta.0123
* Reference genome size: 1597760842 bp
* Done reading reference genome !!

------------------------------------------
1. Memory pre-allocation for Chaining: 5679.4903 MB
2. Memory pre-allocation for BSW: 9584.6810 MB
[M::memoryAllocLearned::MEME] Reading Learned-index models into memory
[Learned-Config] MODE:3 SEARCH_METHOD: 1 MEM_TRADEOFF:1 EXPONENTIAL_SMEMSEARCH: 1 DEBUG_MODE:0 Num 2nd Models:268435456 PWL Bits Used:28
[M::memoryAllocLearned::MEME] Loading RMI model and Pac reference file took 12.607 sec
[M::memoryAllocLearned::MEME] Reading suffix array into memory
[M::memoryAllocLearned::MEME] Loading pos_packed file took 17.847 sec
[M::memoryAllocLearned::MEME] Generating SA, 64-bit Suffix and ISA in memory
[M::memoryAllocLearned::MEME] Runtime-build-index took 17.064 sec
3. Memory pre-allocation for BWT: 8632.1949 MB
------------------------------------------
* Threads used (compute): 40
* No. of pipeline threads: 2

[0000] read_chunk: 400000000, work_chunk_size: 400000111, nseq: 5158558
	[0000][ M::kt_pipeline] read 5158558 sequences (400000111 bp)...
[0000] Reallocating initial memory allocations!!
[0000] Calling mem_process_seqs.., task: 0
[0000] 1. Calling kt_for - worker_bwt
[0000] 2. Calling kt_for - worker_aln
[0000] read_chunk: 400000000, work_chunk_size: 400000093, nseq: 5103528
	[0000][ M::kt_pipeline] read 5103528 sequences (400000093 bp)...
[0000] Inferring insert size distribution of PE reads from data, l_pac: 798880421, n: 5158558
[0000][PE] # candidate unique pairs for (FF, FR, RF, RR): (192, 1769014, 27, 150)
[0000][PE] analyzing insert size distribution for orientation FF...
[0000][PE] (25, 50, 75) percentile: (24, 33, 43)
[0000][PE] low and high boundaries for computing mean and std.dev: (1, 81)
[0000][PE] mean and std.dev: (34.51, 16.61)
[0000][PE] low and high boundaries for proper pairs: (1, 101)
[0000][PE] analyzing insert size distribution for orientation FR...
[0000][PE] (25, 50, 75) percentile: (56, 71, 90)
[0000][PE] low and high boundaries for computing mean and std.dev: (1, 158)
[0000][PE] mean and std.dev: (74.40, 24.89)
[0000][PE] low and high boundaries for proper pairs: (1, 192)
[0000][PE] analyzing insert size distribution for orientation RF...
[0000][PE] (25, 50, 75) percentile: (81, 205, 442)
[0000][PE] low and high boundaries for computing mean and std.dev: (1, 1164)
[0000][PE] mean and std.dev: (274.28, 274.21)
[0000][PE] low and high boundaries for proper pairs: (1, 1525)
[0000][PE] analyzing insert size distribution for orientation RR...
[0000][PE] (25, 50, 75) percentile: (23, 32, 48)
[0000][PE] low and high boundaries for computing mean and std.dev: (1, 98)
[0000][PE] mean and std.dev: (36.55, 19.60)
[0000][PE] low and high boundaries for proper pairs: (1, 123)
[0000][PE] skip orientation FF
[0000][PE] skip orientation RF
[0000][PE] skip orientation RR
[0000] 3. Calling kt_for - worker_sam
	[0000][ M::mem_process_seqs] Processed 5158558 reads in 737.403 CPU sec, 19.335 real sec
[0000] Calling mem_process_seqs.., task: 1
[0000] 1. Calling kt_for - worker_bwt
[0000] 2. Calling kt_for - worker_aln
[0000] Inferring insert size distribution of PE reads from data, l_pac: 798880421, n: 5103528
[0000][PE] # candidate unique pairs for (FF, FR, RF, RR): (177, 1703374, 12, 170)
[0000][PE] analyzing insert size distribution for orientation FF...
[0000][PE] (25, 50, 75) percentile: (23, 34, 48)
[0000][PE] low and high boundaries for computing mean and std.dev: (1, 98)
[0000][PE] mean and std.dev: (36.94, 19.52)
[0000][PE] low and high boundaries for proper pairs: (1, 123)
[0000][PE] analyzing insert size distribution for orientation FR...
[0000][PE] (25, 50, 75) percentile: (56, 71, 90)
[0000][PE] low and high boundaries for computing mean and std.dev: (1, 158)
[0000][PE] mean and std.dev: (74.43, 24.89)
[0000][PE] low and high boundaries for proper pairs: (1, 192)
[0000][PE] analyzing insert size distribution for orientation RF...
[0000][PE] (25, 50, 75) percentile: (128, 244, 540)
[0000][PE] low and high boundaries for computing mean and std.dev: (1, 1364)
[0000][PE] mean and std.dev: (263.09, 203.97)
[0000][PE] low and high boundaries for proper pairs: (1, 1776)
[0000][PE] analyzing insert size distribution for orientation RR...
[0000][PE] (25, 50, 75) percentile: (23, 33, 46)
[0000][PE] low and high boundaries for computing mean and std.dev: (1, 92)
[0000][PE] mean and std.dev: (35.58, 17.48)
[0000][PE] low and high boundaries for proper pairs: (1, 115)
[0000][PE] skip orientation FF
[0000][PE] skip orientation RF
[0000][PE] skip orientation RR
[0000] 3. Calling kt_for - worker_sam
[0000] read_chunk: 400000000, work_chunk_size: 400000080, nseq: 5073164
	[0000][ M::kt_pipeline] read 5073164 sequences (400000080 bp)...
	[0000][ M::mem_process_seqs] Processed 5103528 reads in 775.786 CPU sec, 20.784 real sec
[0000] Calling mem_process_seqs.., task: 2
[0000] 1. Calling kt_for - worker_bwt
[0000] 2. Calling kt_for - worker_aln
[0000] Inferring insert size distribution of PE reads from data, l_pac: 798880421, n: 5073164
[0000][PE] # candidate unique pairs for (FF, FR, RF, RR): (172, 1653097, 16, 158)
[0000][PE] analyzing insert size distribution for orientation FF...
[0000][PE] (25, 50, 75) percentile: (24, 34, 48)
[0000][PE] low and high boundaries for computing mean and std.dev: (1, 96)
[0000][PE] mean and std.dev: (36.01, 17.67)
[0000][PE] low and high boundaries for proper pairs: (1, 120)
[0000][PE] analyzing insert size distribution for orientation FR...
[0000][PE] (25, 50, 75) percentile: (56, 71, 90)
[0000][PE] low and high boundaries for computing mean and std.dev: (1, 158)
[0000][PE] mean and std.dev: (74.46, 24.89)
[0000][PE] low and high boundaries for proper pairs: (1, 192)
[0000][PE] analyzing insert size distribution for orientation RF...
[0000][PE] (25, 50, 75) percentile: (166, 398, 605)
[0000][PE] low and high boundaries for computing mean and std.dev: (1, 1483)
[0000][PE] mean and std.dev: (328.36, 241.90)
[0000][PE] low and high boundaries for proper pairs: (1, 1922)
[0000][PE] analyzing insert size distribution for orientation RR...
[0000][PE] (25, 50, 75) percentile: (24, 35, 43)
[0000][PE] low and high boundaries for computing mean and std.dev: (1, 81)
[0000][PE] mean and std.dev: (34.97, 15.55)
[0000][PE] low and high boundaries for proper pairs: (1, 100)
[0000][PE] skip orientation FF
[0000][PE] skip orientation RF
[0000][PE] skip orientation RR
[0000] 3. Calling kt_for - worker_sam
[0000] read_chunk: 400000000, work_chunk_size: 400000041, nseq: 5139446
	[0000][ M::kt_pipeline] read 5139446 sequences (400000041 bp)...
	[0000][ M::mem_process_seqs] Processed 5073164 reads in 827.077 CPU sec, 22.085 real sec
[0000] Calling mem_process_seqs.., task: 3
[0000] 1. Calling kt_for - worker_bwt
[0000] 2. Calling kt_for - worker_aln
[0000] Inferring insert size distribution of PE reads from data, l_pac: 798880421, n: 5139446
[0000][PE] # candidate unique pairs for (FF, FR, RF, RR): (164, 1718217, 36, 162)
[0000][PE] analyzing insert size distribution for orientation FF...
[0000][PE] (25, 50, 75) percentile: (25, 37, 51)
[0000][PE] low and high boundaries for computing mean and std.dev: (1, 103)
[0000][PE] mean and std.dev: (38.76, 18.30)
[0000][PE] low and high boundaries for proper pairs: (1, 129)
[0000][PE] analyzing insert size distribution for orientation FR...
[0000][PE] (25, 50, 75) percentile: (56, 71, 90)
[0000][PE] low and high boundaries for computing mean and std.dev: (1, 158)
[0000][PE] mean and std.dev: (74.38, 24.89)
[0000][PE] low and high boundaries for proper pairs: (1, 192)
[0000][PE] analyzing insert size distribution for orientation RF...
[0000][PE] (25, 50, 75) percentile: (99, 206, 590)
[0000][PE] low and high boundaries for computing mean and std.dev: (1, 1572)
[0000][PE] mean and std.dev: (303.71, 277.48)
[0000][PE] low and high boundaries for proper pairs: (1, 2063)
[0000][PE] analyzing insert size distribution for orientation RR...
[0000][PE] (25, 50, 75) percentile: (22, 32, 49)
[0000][PE] low and high boundaries for computing mean and std.dev: (1, 103)
[0000][PE] mean and std.dev: (36.18, 19.43)
[0000][PE] low and high boundaries for proper pairs: (1, 130)
[0000][PE] skip orientation FF
[0000][PE] skip orientation RF
[0000][PE] skip orientation RR
[0000] 3. Calling kt_for - worker_sam
[0000] read_chunk: 400000000, work_chunk_size: 400000092, nseq: 5122090
	[0000][ M::kt_pipeline] read 5122090 sequences (400000092 bp)...
	[0000][ M::mem_process_seqs] Processed 5139446 reads in 785.796 CPU sec, 21.130 real sec
[0000] Calling mem_process_seqs.., task: 4
[0000] 1. Calling kt_for - worker_bwt
[0000] 2. Calling kt_for - worker_aln
[0000] Inferring insert size distribution of PE reads from data, l_pac: 798880421, n: 5122090
[0000][PE] # candidate unique pairs for (FF, FR, RF, RR): (180, 1704515, 12, 146)
[0000][PE] analyzing insert size distribution for orientation FF...
[0000][PE] (25, 50, 75) percentile: (24, 34, 48)
[0000][PE] low and high boundaries for computing mean and std.dev: (1, 96)
[0000][PE] mean and std.dev: (37.46, 17.98)
[0000][PE] low and high boundaries for proper pairs: (1, 120)
[0000][PE] analyzing insert size distribution for orientation FR...
[0000][PE] (25, 50, 75) percentile: (56, 71, 90)
[0000][PE] low and high boundaries for computing mean and std.dev: (1, 158)
[0000][PE] mean and std.dev: (74.37, 24.85)
[0000][PE] low and high boundaries for proper pairs: (1, 192)
[0000][PE] analyzing insert size distribution for orientation RF...
[0000][PE] (25, 50, 75) percentile: (50, 155, 432)
[0000][PE] low and high boundaries for computing mean and std.dev: (1, 1196)
[0000][PE] mean and std.dev: (195.18, 184.42)
[0000][PE] low and high boundaries for proper pairs: (1, 1578)
[0000][PE] analyzing insert size distribution for orientation RR...
[0000][PE] (25, 50, 75) percentile: (24, 34, 49)
[0000][PE] low and high boundaries for computing mean and std.dev: (1, 99)
[0000][PE] mean and std.dev: (37.23, 19.90)
[0000][PE] low and high boundaries for proper pairs: (1, 124)
[0000][PE] skip orientation FF
[0000][PE] skip orientation RF
[0000][PE] skip orientation RR
[0000] 3. Calling kt_for - worker_sam
[0000] read_chunk: 400000000, work_chunk_size: 400000013, nseq: 5022898
	[0000][ M::kt_pipeline] read 5022898 sequences (400000013 bp)...
	[0000][ M::mem_process_seqs] Processed 5122090 reads in 796.186 CPU sec, 21.569 real sec
[0000] Calling mem_process_seqs.., task: 5
[0000] 1. Calling kt_for - worker_bwt
[0000] 2. Calling kt_for - worker_aln
[0000] Inferring insert size distribution of PE reads from data, l_pac: 798880421, n: 5022898
[0000][PE] # candidate unique pairs for (FF, FR, RF, RR): (145, 1527789, 21, 137)
[0000][PE] analyzing insert size distribution for orientation FF...
[0000][PE] (25, 50, 75) percentile: (24, 32, 46)
[0000][PE] low and high boundaries for computing mean and std.dev: (1, 90)
[0000][PE] mean and std.dev: (36.35, 17.25)
[0000][PE] low and high boundaries for proper pairs: (1, 112)
[0000][PE] analyzing insert size distribution for orientation FR...
[0000][PE] (25, 50, 75) percentile: (56, 71, 90)
[0000][PE] low and high boundaries for computing mean and std.dev: (1, 158)
[0000][PE] mean and std.dev: (74.42, 24.90)
[0000][PE] low and high boundaries for proper pairs: (1, 192)
[0000][PE] analyzing insert size distribution for orientation RF...
[0000][PE] (25, 50, 75) percentile: (25, 310, 361)
[0000][PE] low and high boundaries for computing mean and std.dev: (1, 1033)
[0000][PE] mean and std.dev: (258.57, 211.90)
[0000][PE] low and high boundaries for proper pairs: (1, 1369)
[0000][PE] analyzing insert size distribution for orientation RR...
[0000][PE] (25, 50, 75) percentile: (26, 34, 49)
[0000][PE] low and high boundaries for computing mean and std.dev: (1, 95)
[0000][PE] mean and std.dev: (37.39, 17.55)
[0000][PE] low and high boundaries for proper pairs: (1, 118)
[0000][PE] skip orientation FF
[0000][PE] skip orientation RF
[0000][PE] skip orientation RR
[0000] 3. Calling kt_for - worker_sam
[0000] read_chunk: 400000000, work_chunk_size: 400000112, nseq: 4946744
	[0000][ M::kt_pipeline] read 4946744 sequences (400000112 bp)...
	[0000][ M::mem_process_seqs] Processed 5022898 reads in 974.454 CPU sec, 25.915 real sec
[0000] Calling mem_process_seqs.., task: 6
[0000] 1. Calling kt_for - worker_bwt
[0000] 2. Calling kt_for - worker_aln
[0000] Inferring insert size distribution of PE reads from data, l_pac: 798880421, n: 4946744
[0000][PE] # candidate unique pairs for (FF, FR, RF, RR): (169, 1467762, 17, 125)
[0000][PE] analyzing insert size distribution for orientation FF...
[0000][PE] (25, 50, 75) percentile: (22, 31, 47)
[0000][PE] low and high boundaries for computing mean and std.dev: (1, 97)
[0000][PE] mean and std.dev: (35.28, 18.40)
[0000][PE] low and high boundaries for proper pairs: (1, 122)
[0000][PE] analyzing insert size distribution for orientation FR...
[0000][PE] (25, 50, 75) percentile: (56, 71, 90)
[0000][PE] low and high boundaries for computing mean and std.dev: (1, 158)
[0000][PE] mean and std.dev: (74.52, 24.89)
[0000][PE] low and high boundaries for proper pairs: (1, 192)
[0000][PE] analyzing insert size distribution for orientation RF...
[0000][PE] (25, 50, 75) percentile: (49, 236, 612)
[0000][PE] low and high boundaries for computing mean and std.dev: (1, 1738)
[0000][PE] mean and std.dev: (322.50, 392.34)
[0000][PE] low and high boundaries for proper pairs: (1, 2301)
[0000][PE] analyzing insert size distribution for orientation RR...
[0000][PE] (25, 50, 75) percentile: (23, 31, 42)
[0000][PE] low and high boundaries for computing mean and std.dev: (1, 80)
[0000][PE] mean and std.dev: (32.64, 15.30)
[0000][PE] low and high boundaries for proper pairs: (1, 99)
[0000][PE] skip orientation FF
[0000][PE] skip orientation RF
[0000][PE] skip orientation RR
[0000] 3. Calling kt_for - worker_sam
[0000] read_chunk: 400000000, work_chunk_size: 400000100, nseq: 5134744
	[0000][ M::kt_pipeline] read 5134744 sequences (400000100 bp)...
	[0000][ M::mem_process_seqs] Processed 4946744 reads in 989.126 CPU sec, 26.318 real sec
[0000] Calling mem_process_seqs.., task: 7
[0000] 1. Calling kt_for - worker_bwt
[0000] 2. Calling kt_for - worker_aln
[0000] Inferring insert size distribution of PE reads from data, l_pac: 798880421, n: 5134744
[0000][PE] # candidate unique pairs for (FF, FR, RF, RR): (190, 1726614, 31, 171)
[0000][PE] analyzing insert size distribution for orientation FF...
[0000][PE] (25, 50, 75) percentile: (24, 32, 46)
[0000][PE] low and high boundaries for computing mean and std.dev: (1, 90)
[0000][PE] mean and std.dev: (34.79, 16.82)
[0000][PE] low and high boundaries for proper pairs: (1, 112)
[0000][PE] analyzing insert size distribution for orientation FR...
[0000][PE] (25, 50, 75) percentile: (56, 71, 90)
[0000][PE] low and high boundaries for computing mean and std.dev: (1, 158)
[0000][PE] mean and std.dev: (74.45, 24.90)
[0000][PE] low and high boundaries for proper pairs: (1, 192)
[0000][PE] analyzing insert size distribution for orientation RF...
[0000][PE] (25, 50, 75) percentile: (92, 403, 451)
[0000][PE] low and high boundaries for computing mean and std.dev: (1, 1169)
[0000][PE] mean and std.dev: (320.52, 253.75)
[0000][PE] low and high boundaries for proper pairs: (1, 1528)
[0000][PE] analyzing insert size distribution for orientation RR...
[0000][PE] (25, 50, 75) percentile: (27, 36, 49)
[0000][PE] low and high boundaries for computing mean and std.dev: (1, 93)
[0000][PE] mean and std.dev: (37.08, 16.69)
[0000][PE] low and high boundaries for proper pairs: (1, 115)
[0000][PE] skip orientation FF
[0000][PE] skip orientation RF
[0000][PE] skip orientation RR
[0000] 3. Calling kt_for - worker_sam
[0000] read_chunk: 400000000, work_chunk_size: 400000015, nseq: 5148882
	[0000][ M::kt_pipeline] read 5148882 sequences (400000015 bp)...
	[0000][ M::mem_process_seqs] Processed 5134744 reads in 770.622 CPU sec, 21.405 real sec
[0000] Calling mem_process_seqs.., task: 8
[0000] 1. Calling kt_for - worker_bwt
[0000] 2. Calling kt_for - worker_aln
[0000] Inferring insert size distribution of PE reads from data, l_pac: 798880421, n: 5148882
[0000][PE] # candidate unique pairs for (FF, FR, RF, RR): (175, 1740929, 26, 164)
[0000][PE] analyzing insert size distribution for orientation FF...
[0000][PE] (25, 50, 75) percentile: (24, 34, 48)
[0000][PE] low and high boundaries for computing mean and std.dev: (1, 96)
[0000][PE] mean and std.dev: (37.90, 18.92)
[0000][PE] low and high boundaries for proper pairs: (1, 120)
[0000][PE] analyzing insert size distribution for orientation FR...
[0000][PE] (25, 50, 75) percentile: (56, 71, 90)
[0000][PE] low and high boundaries for computing mean and std.dev: (1, 158)
[0000][PE] mean and std.dev: (74.41, 24.87)
[0000][PE] low and high boundaries for proper pairs: (1, 192)
[0000][PE] analyzing insert size distribution for orientation RF...
[0000][PE] (25, 50, 75) percentile: (116, 248, 482)
[0000][PE] low and high boundaries for computing mean and std.dev: (1, 1214)
[0000][PE] mean and std.dev: (260.48, 201.73)
[0000][PE] low and high boundaries for proper pairs: (1, 1580)
[0000][PE] analyzing insert size distribution for orientation RR...
[0000][PE] (25, 50, 75) percentile: (24, 32, 47)
[0000][PE] low and high boundaries for computing mean and std.dev: (1, 93)
[0000][PE] mean and std.dev: (35.19, 15.69)
[0000][PE] low and high boundaries for proper pairs: (1, 116)
[0000][PE] skip orientation FF
[0000][PE] skip orientation RF
[0000][PE] skip orientation RR
[0000] 3. Calling kt_for - worker_sam
[0000] read_chunk: 400000000, work_chunk_size: 400000073, nseq: 5015200
	[0000][ M::kt_pipeline] read 5015200 sequences (400000073 bp)...
	[0000][ M::mem_process_seqs] Processed 5148882 reads in 812.504 CPU sec, 21.943 real sec
[0000] Calling mem_process_seqs.., task: 9
[0000] 1. Calling kt_for - worker_bwt
[0000] 2. Calling kt_for - worker_aln
[0000] Inferring insert size distribution of PE reads from data, l_pac: 798880421, n: 5015200
[0000][PE] # candidate unique pairs for (FF, FR, RF, RR): (156, 1565373, 25, 152)
[0000][PE] analyzing insert size distribution for orientation FF...
[0000][PE] (25, 50, 75) percentile: (23, 34, 49)
[0000][PE] low and high boundaries for computing mean and std.dev: (1, 101)
[0000][PE] mean and std.dev: (36.46, 20.77)
[0000][PE] low and high boundaries for proper pairs: (1, 127)
[0000][PE] analyzing insert size distribution for orientation FR...
[0000][PE] (25, 50, 75) percentile: (56, 71, 90)
[0000][PE] low and high boundaries for computing mean and std.dev: (1, 158)
[0000][PE] mean and std.dev: (74.46, 24.91)
[0000][PE] low and high boundaries for proper pairs: (1, 192)
[0000][PE] analyzing insert size distribution for orientation RF...
[0000][PE] (25, 50, 75) percentile: (74, 170, 247)
[0000][PE] low and high boundaries for computing mean and std.dev: (1, 593)
[0000][PE] mean and std.dev: (148.50, 103.19)
[0000][PE] low and high boundaries for proper pairs: (1, 766)
[0000][PE] analyzing insert size distribution for orientation RR...
[0000][PE] (25, 50, 75) percentile: (22, 32, 46)
[0000][PE] low and high boundaries for computing mean and std.dev: (1, 94)
[0000][PE] mean and std.dev: (34.61, 17.30)
[0000][PE] low and high boundaries for proper pairs: (1, 118)
[0000][PE] skip orientation FF
[0000][PE] skip orientation RF
[0000][PE] skip orientation RR
[0000] 3. Calling kt_for - worker_sam
[0000] read_chunk: 400000000, work_chunk_size: 400000139, nseq: 5098248
	[0000][ M::kt_pipeline] read 5098248 sequences (400000139 bp)...
	[0000][ M::mem_process_seqs] Processed 5015200 reads in 973.956 CPU sec, 26.408 real sec
[0000] Calling mem_process_seqs.., task: 10
[0000] 1. Calling kt_for - worker_bwt
[0000] 2. Calling kt_for - worker_aln
[0000] Inferring insert size distribution of PE reads from data, l_pac: 798880421, n: 5098248
[0000][PE] # candidate unique pairs for (FF, FR, RF, RR): (159, 1662487, 23, 145)
[0000][PE] analyzing insert size distribution for orientation FF...
[0000][PE] (25, 50, 75) percentile: (25, 34, 49)
[0000][PE] low and high boundaries for computing mean and std.dev: (1, 97)
[0000][PE] mean and std.dev: (37.42, 18.75)
[0000][PE] low and high boundaries for proper pairs: (1, 121)
[0000][PE] analyzing insert size distribution for orientation FR...
[0000][PE] (25, 50, 75) percentile: (56, 71, 90)
[0000][PE] low and high boundaries for computing mean and std.dev: (1, 158)
[0000][PE] mean and std.dev: (74.41, 24.86)
[0000][PE] low and high boundaries for proper pairs: (1, 192)
[0000][PE] analyzing insert size distribution for orientation RF...
[0000][PE] (25, 50, 75) percentile: (69, 184, 430)
[0000][PE] low and high boundaries for computing mean and std.dev: (1, 1152)
[0000][PE] mean and std.dev: (206.95, 159.10)
[0000][PE] low and high boundaries for proper pairs: (1, 1513)
[0000][PE] analyzing insert size distribution for orientation RR...
[0000][PE] (25, 50, 75) percentile: (27, 34, 49)
[0000][PE] low and high boundaries for computing mean and std.dev: (1, 93)
[0000][PE] mean and std.dev: (38.49, 17.45)
[0000][PE] low and high boundaries for proper pairs: (1, 115)
[0000][PE] skip orientation FF
[0000][PE] skip orientation RF
[0000][PE] skip orientation RR
[0000] 3. Calling kt_for - worker_sam
[0000] read_chunk: 400000000, work_chunk_size: 400000021, nseq: 5052240
	[0000][ M::kt_pipeline] read 5052240 sequences (400000021 bp)...
	[0000][ M::mem_process_seqs] Processed 5098248 reads in 874.315 CPU sec, 24.425 real sec
[0000] Calling mem_process_seqs.., task: 11
[0000] 1. Calling kt_for - worker_bwt
[0000] 2. Calling kt_for - worker_aln
[0000] read_chunk: 400000000, work_chunk_size: 233768516, nseq: 2977372
	[0000][ M::kt_pipeline] read 2977372 sequences (233768516 bp)...
[0000] Inferring insert size distribution of PE reads from data, l_pac: 798880421, n: 5052240
[0000][PE] # candidate unique pairs for (FF, FR, RF, RR): (140, 1514147, 17, 139)
[0000][PE] analyzing insert size distribution for orientation FF...
[0000][PE] (25, 50, 75) percentile: (24, 36, 48)
[0000][PE] low and high boundaries for computing mean and std.dev: (1, 96)
[0000][PE] mean and std.dev: (36.54, 17.51)
[0000][PE] low and high boundaries for proper pairs: (1, 120)
[0000][PE] analyzing insert size distribution for orientation FR...
[0000][PE] (25, 50, 75) percentile: (56, 71, 90)
[0000][PE] low and high boundaries for computing mean and std.dev: (1, 158)
[0000][PE] mean and std.dev: (74.42, 24.88)
[0000][PE] low and high boundaries for proper pairs: (1, 192)
[0000][PE] analyzing insert size distribution for orientation RF...
[0000][PE] (25, 50, 75) percentile: (147, 258, 710)
[0000][PE] low and high boundaries for computing mean and std.dev: (1, 1836)
[0000][PE] mean and std.dev: (306.00, 238.25)
[0000][PE] low and high boundaries for proper pairs: (1, 2399)
[0000][PE] analyzing insert size distribution for orientation RR...
[0000][PE] (25, 50, 75) percentile: (24, 32, 47)
[0000][PE] low and high boundaries for computing mean and std.dev: (1, 93)
[0000][PE] mean and std.dev: (34.17, 15.73)
[0000][PE] low and high boundaries for proper pairs: (1, 116)
[0000][PE] skip orientation FF
[0000][PE] skip orientation RF
[0000][PE] skip orientation RR
[0000] 3. Calling kt_for - worker_sam
	[0000][ M::mem_process_seqs] Processed 5052240 reads in 911.490 CPU sec, 25.197 real sec
[0000] Calling mem_process_seqs.., task: 12
[0000] 1. Calling kt_for - worker_bwt
[0000] 2. Calling kt_for - worker_aln
[0000] read_chunk: 400000000, work_chunk_size: 0, nseq: 0
[0000] Inferring insert size distribution of PE reads from data, l_pac: 798880421, n: 2977372
[0000][PE] # candidate unique pairs for (FF, FR, RF, RR): (112, 984631, 15, 99)
[0000][PE] analyzing insert size distribution for orientation FF...
[0000][PE] (25, 50, 75) percentile: (24, 34, 46)
[0000][PE] low and high boundaries for computing mean and std.dev: (1, 90)
[0000][PE] mean and std.dev: (34.85, 15.99)
[0000][PE] low and high boundaries for proper pairs: (1, 112)
[0000][PE] analyzing insert size distribution for orientation FR...
[0000][PE] (25, 50, 75) percentile: (56, 71, 90)
[0000][PE] low and high boundaries for computing mean and std.dev: (1, 158)
[0000][PE] mean and std.dev: (74.39, 24.90)
[0000][PE] low and high boundaries for proper pairs: (1, 192)
[0000][PE] analyzing insert size distribution for orientation RF...
[0000][PE] (25, 50, 75) percentile: (88, 251, 489)
[0000][PE] low and high boundaries for computing mean and std.dev: (1, 1291)
[0000][PE] mean and std.dev: (321.80, 315.96)
[0000][PE] low and high boundaries for proper pairs: (1, 1692)
[0000][PE] analyzing insert size distribution for orientation RR...
[0000][PE] (25, 50, 75) percentile: (23, 33, 50)
[0000][PE] low and high boundaries for computing mean and std.dev: (1, 104)
[0000][PE] mean and std.dev: (35.77, 19.00)
[0000][PE] low and high boundaries for proper pairs: (1, 131)
[0000][PE] skip orientation FF
[0000][PE] skip orientation RF
[0000][PE] skip orientation RR
[0000] 3. Calling kt_for - worker_sam
	[0000][ M::mem_process_seqs] Processed 2977372 reads in 453.071 CPU sec, 13.330 real sec
[0000] read_chunk: 400000000, work_chunk_size: 0, nseq: 0
[0000] Computation ends..
No. of OMP threads: 40
Processor is running @2394.696076 MHz
Runtime profile:

	Time taken for main_mem function: 355.17 sec

	IO times (sec) :
	Reading IO time (reads) avg: 154.31, (154.31, 154.31)
	Writing IO time (SAM) avg: 103.31, (103.31, 103.31)
	Reading IO time (Reference Genome) avg: 1.17, (1.17, 1.17)
	Index read time avg: 0.41, (0.41, 0.41)

	Overall time (sec) (Excluding Index reading time):
	PROCESS() (Total compute time + (read + SAM) IO time) : 353.38
	MEM_PROCESS_SEQ() (Total compute time (Kernel + SAM)), avg: 289.80, (289.80, 289.80)

	 SAM Processing time (sec):
	--WORKER_SAM avg: 74.20, (74.20, 74.20)

	Kernels' compute time (sec):
	Total kernel (smem+sal+bsw) time avg: 209.23, (209.23, 209.23)
		MEM_ALN_CHAIN_FLT avg: 0.00, (0.00, 0.00)
		MEM_ALN_CHAIN_SEED avg: 0.00, (0.00, 0.00)
		ERT_SEED_CHAIN avg: 0.00, (0.00, 0.00)
	LEARNED_SEED_CHAIN avg: 92.65, (93.13, 92.30)
		SMEM compute avg: 0.00, (0.00, 0.00)
		SAL compute avg: 0.00, (0.00, 0.00)
				MEM_SA avg: 0.00, (0.00, 0.00)

		BSW time, avg: 105.61, (106.43, 105.10)

Important parameter settings: 
	BATCH_SIZE: 512
	MAX_SEQ_LEN_REF: 256
	MAX_SEQ_LEN_QER: 128
	MAX_SEQ_LEN8: 128
	SEEDS_PER_READ: 500
	SIMD_WIDTH8 X: 64
	SIMD_WIDTH16 X: 32
	AVG_SEEDS_PER_READ: 64
