Looking to launch executable "/opt/conda/bin/bwa-meme_mode3.avx512bw", simd = _mode3.avx512bw
Launching executable "/opt/conda/bin/bwa-meme_mode3.avx512bw"
-----------------------------
Executing in AVX512 mode!!
-----------------------------
* SA compression enabled with xfactor: 8
* Ref file: reference.denovoSSL.Sin.fasta
* Entering FMI_search
Reading other elements of the index from files reference.denovoSSL.Sin.fasta
* Index prefix: reference.denovoSSL.Sin.fasta
* Read 0 ALT contigs
* Reading reference genome..
* Binary seq file = reference.denovoSSL.Sin.fasta.0123
* Reference genome size: 1597760842 bp
* Done reading reference genome !!

------------------------------------------
1. Memory pre-allocation for Chaining: 5679.4903 MB
2. Memory pre-allocation for BSW: 9584.6810 MB
[M::memoryAllocLearned::MEME] Reading Learned-index models into memory
[Learned-Config] MODE:3 SEARCH_METHOD: 1 MEM_TRADEOFF:1 EXPONENTIAL_SMEMSEARCH: 1 DEBUG_MODE:0 Num 2nd Models:268435456 PWL Bits Used:28
[M::memoryAllocLearned::MEME] Loading RMI model and Pac reference file took 12.235 sec
[M::memoryAllocLearned::MEME] Reading suffix array into memory
[M::memoryAllocLearned::MEME] Loading pos_packed file took 16.242 sec
[M::memoryAllocLearned::MEME] Generating SA, 64-bit Suffix and ISA in memory
[M::memoryAllocLearned::MEME] Runtime-build-index took 18.921 sec
3. Memory pre-allocation for BWT: 8632.1949 MB
------------------------------------------
* Threads used (compute): 40
* No. of pipeline threads: 2

[0000] read_chunk: 400000000, work_chunk_size: 250280977, nseq: 2025644
	[0000][ M::kt_pipeline] read 2025644 sequences (250280977 bp)...
[0000] Calling mem_process_seqs.., task: 0
[0000] 1. Calling kt_for - worker_bwt
[0000] read_chunk: 400000000, work_chunk_size: 0, nseq: 0
[0000] 2. Calling kt_for - worker_aln
[0000] Inferring insert size distribution of PE reads from data, l_pac: 798880421, n: 2025644
[0000][PE] # candidate unique pairs for (FF, FR, RF, RR): (30, 695488, 117, 19)
[0000][PE] analyzing insert size distribution for orientation FF...
[0000][PE] (25, 50, 75) percentile: (70, 146, 184)
[0000][PE] low and high boundaries for computing mean and std.dev: (1, 412)
[0000][PE] mean and std.dev: (132.17, 79.61)
[0000][PE] low and high boundaries for proper pairs: (1, 526)
[0000][PE] analyzing insert size distribution for orientation FR...
[0000][PE] (25, 50, 75) percentile: (111, 160, 221)
[0000][PE] low and high boundaries for computing mean and std.dev: (1, 441)
[0000][PE] mean and std.dev: (169.91, 75.27)
[0000][PE] low and high boundaries for proper pairs: (1, 551)
[0000][PE] analyzing insert size distribution for orientation RF...
[0000][PE] (25, 50, 75) percentile: (110, 217, 579)
[0000][PE] low and high boundaries for computing mean and std.dev: (1, 1517)
[0000][PE] mean and std.dev: (315.12, 321.39)
[0000][PE] low and high boundaries for proper pairs: (1, 1986)
[0000][PE] analyzing insert size distribution for orientation RR...
[0000][PE] (25, 50, 75) percentile: (123, 183, 238)
[0000][PE] low and high boundaries for computing mean and std.dev: (1, 468)
[0000][PE] mean and std.dev: (158.94, 99.80)
[0000][PE] low and high boundaries for proper pairs: (1, 583)
[0000][PE] skip orientation FF
[0000][PE] skip orientation RF
[0000][PE] skip orientation RR
[0000] 3. Calling kt_for - worker_sam
	[0000][ M::mem_process_seqs] Processed 2025644 reads in 440.233 CPU sec, 11.482 real sec
[0000] read_chunk: 400000000, work_chunk_size: 0, nseq: 0
[0000] Computation ends..
No. of OMP threads: 40
Processor is running @2394.710606 MHz
Runtime profile:

	Time taken for main_mem function: 58.75 sec

	IO times (sec) :
	Reading IO time (reads) avg: 6.72, (6.72, 6.72)
	Writing IO time (SAM) avg: 1.91, (1.91, 1.91)
	Reading IO time (Reference Genome) avg: 1.03, (1.03, 1.03)
	Index read time avg: 0.38, (0.38, 0.38)

	Overall time (sec) (Excluding Index reading time):
	PROCESS() (Total compute time + (read + SAM) IO time) : 57.15
	MEM_PROCESS_SEQ() (Total compute time (Kernel + SAM)), avg: 11.48, (11.48, 11.48)

	 SAM Processing time (sec):
	--WORKER_SAM avg: 4.50, (4.50, 4.50)

	Kernels' compute time (sec):
	Total kernel (smem+sal+bsw) time avg: 6.77, (6.77, 6.77)
		MEM_ALN_CHAIN_FLT avg: 0.00, (0.00, 0.00)
		MEM_ALN_CHAIN_SEED avg: 0.00, (0.00, 0.00)
		ERT_SEED_CHAIN avg: 0.00, (0.00, 0.00)
	LEARNED_SEED_CHAIN avg: 2.65, (2.69, 2.64)
		SMEM compute avg: 0.00, (0.00, 0.00)
		SAL compute avg: 0.00, (0.00, 0.00)
				MEM_SA avg: 0.00, (0.00, 0.00)

		BSW time, avg: 3.92, (3.96, 3.89)

Important parameter settings: 
	BATCH_SIZE: 512
	MAX_SEQ_LEN_REF: 256
	MAX_SEQ_LEN_QER: 128
	MAX_SEQ_LEN8: 128
	SEEDS_PER_READ: 500
	SIMD_WIDTH8 X: 64
	SIMD_WIDTH16 X: 32
	AVG_SEEDS_PER_READ: 64
