Looking to launch executable "/opt/conda/bin/bwa-meme_mode3.avx512bw", simd = _mode3.avx512bw
Launching executable "/opt/conda/bin/bwa-meme_mode3.avx512bw"
-----------------------------
Executing in AVX512 mode!!
-----------------------------
* SA compression enabled with xfactor: 8
* Ref file: reference.denovoSSL.Sin.fasta
* Entering FMI_search
Reading other elements of the index from files reference.denovoSSL.Sin.fasta
* Index prefix: reference.denovoSSL.Sin.fasta
* Read 0 ALT contigs
* Reading reference genome..
* Binary seq file = reference.denovoSSL.Sin.fasta.0123
* Reference genome size: 1597760842 bp
* Done reading reference genome !!

------------------------------------------
1. Memory pre-allocation for Chaining: 5679.4903 MB
2. Memory pre-allocation for BSW: 9584.6810 MB
[M::memoryAllocLearned::MEME] Reading Learned-index models into memory
[Learned-Config] MODE:3 SEARCH_METHOD: 1 MEM_TRADEOFF:1 EXPONENTIAL_SMEMSEARCH: 1 DEBUG_MODE:0 Num 2nd Models:268435456 PWL Bits Used:28
[M::memoryAllocLearned::MEME] Loading RMI model and Pac reference file took 12.417 sec
[M::memoryAllocLearned::MEME] Reading suffix array into memory
[M::memoryAllocLearned::MEME] Loading pos_packed file took 16.582 sec
[M::memoryAllocLearned::MEME] Generating SA, 64-bit Suffix and ISA in memory
[M::memoryAllocLearned::MEME] Runtime-build-index took 18.913 sec
3. Memory pre-allocation for BWT: 8632.1949 MB
------------------------------------------
* Threads used (compute): 40
* No. of pipeline threads: 2

[0000] read_chunk: 400000000, work_chunk_size: 400000085, nseq: 4610726
	[0000][ M::kt_pipeline] read 4610726 sequences (400000085 bp)...
[0000] Reallocating initial memory allocations!!
[0000] Calling mem_process_seqs.., task: 0
[0000] 1. Calling kt_for - worker_bwt
[0000] 2. Calling kt_for - worker_aln
[0000] read_chunk: 400000000, work_chunk_size: 400000072, nseq: 4607954
	[0000][ M::kt_pipeline] read 4607954 sequences (400000072 bp)...
[0000] Inferring insert size distribution of PE reads from data, l_pac: 798880421, n: 4610726
[0000][PE] # candidate unique pairs for (FF, FR, RF, RR): (235, 1625634, 27, 220)
[0000][PE] analyzing insert size distribution for orientation FF...
[0000][PE] (25, 50, 75) percentile: (28, 43, 62)
[0000][PE] low and high boundaries for computing mean and std.dev: (1, 130)
[0000][PE] mean and std.dev: (47.14, 24.10)
[0000][PE] low and high boundaries for proper pairs: (1, 164)
[0000][PE] analyzing insert size distribution for orientation FR...
[0000][PE] (25, 50, 75) percentile: (62, 81, 103)
[0000][PE] low and high boundaries for computing mean and std.dev: (1, 185)
[0000][PE] mean and std.dev: (84.06, 29.63)
[0000][PE] low and high boundaries for proper pairs: (1, 226)
[0000][PE] analyzing insert size distribution for orientation RF...
[0000][PE] (25, 50, 75) percentile: (128, 331, 506)
[0000][PE] low and high boundaries for computing mean and std.dev: (1, 1262)
[0000][PE] mean and std.dev: (358.69, 311.22)
[0000][PE] low and high boundaries for proper pairs: (1, 1640)
[0000][PE] analyzing insert size distribution for orientation RR...
[0000][PE] (25, 50, 75) percentile: (29, 39, 53)
[0000][PE] low and high boundaries for computing mean and std.dev: (1, 101)
[0000][PE] mean and std.dev: (41.71, 19.06)
[0000][PE] low and high boundaries for proper pairs: (1, 125)
[0000][PE] skip orientation FF
[0000][PE] skip orientation RF
[0000][PE] skip orientation RR
[0000] 3. Calling kt_for - worker_sam
	[0000][ M::mem_process_seqs] Processed 4610726 reads in 716.385 CPU sec, 18.958 real sec
[0000] Calling mem_process_seqs.., task: 1
[0000] 1. Calling kt_for - worker_bwt
[0000] 2. Calling kt_for - worker_aln
[0000] Inferring insert size distribution of PE reads from data, l_pac: 798880421, n: 4607954
[0000][PE] # candidate unique pairs for (FF, FR, RF, RR): (198, 1612319, 53, 209)
[0000][PE] analyzing insert size distribution for orientation FF...
[0000][PE] (25, 50, 75) percentile: (30, 43, 63)
[0000][PE] low and high boundaries for computing mean and std.dev: (1, 129)
[0000][PE] mean and std.dev: (46.63, 23.10)
[0000][PE] low and high boundaries for proper pairs: (1, 162)
[0000][PE] analyzing insert size distribution for orientation FR...
[0000][PE] (25, 50, 75) percentile: (62, 80, 103)
[0000][PE] low and high boundaries for computing mean and std.dev: (1, 185)
[0000][PE] mean and std.dev: (84.07, 29.65)
[0000][PE] low and high boundaries for proper pairs: (1, 226)
[0000][PE] analyzing insert size distribution for orientation RF...
[0000][PE] (25, 50, 75) percentile: (76, 187, 333)
[0000][PE] low and high boundaries for computing mean and std.dev: (1, 847)
[0000][PE] mean and std.dev: (204.84, 148.57)
[0000][PE] low and high boundaries for proper pairs: (1, 1104)
[0000][PE] analyzing insert size distribution for orientation RR...
[0000][PE] (25, 50, 75) percentile: (29, 39, 57)
[0000][PE] low and high boundaries for computing mean and std.dev: (1, 113)
[0000][PE] mean and std.dev: (43.20, 20.15)
[0000][PE] low and high boundaries for proper pairs: (1, 141)
[0000][PE] skip orientation FF
[0000][PE] skip orientation RF
[0000][PE] skip orientation RR
[0000] 3. Calling kt_for - worker_sam
[0000] read_chunk: 400000000, work_chunk_size: 400000038, nseq: 4579928
	[0000][ M::kt_pipeline] read 4579928 sequences (400000038 bp)...
	[0000][ M::mem_process_seqs] Processed 4607954 reads in 762.567 CPU sec, 20.484 real sec
[0000] Calling mem_process_seqs.., task: 2
[0000] 1. Calling kt_for - worker_bwt
[0000] 2. Calling kt_for - worker_aln
[0000] Inferring insert size distribution of PE reads from data, l_pac: 798880421, n: 4579928
[0000][PE] # candidate unique pairs for (FF, FR, RF, RR): (195, 1573889, 20, 204)
[0000][PE] analyzing insert size distribution for orientation FF...
[0000][PE] (25, 50, 75) percentile: (29, 41, 59)
[0000][PE] low and high boundaries for computing mean and std.dev: (1, 119)
[0000][PE] mean and std.dev: (45.06, 21.54)
[0000][PE] low and high boundaries for proper pairs: (1, 149)
[0000][PE] analyzing insert size distribution for orientation FR...
[0000][PE] (25, 50, 75) percentile: (62, 80, 103)
[0000][PE] low and high boundaries for computing mean and std.dev: (1, 185)
[0000][PE] mean and std.dev: (84.06, 29.61)
[0000][PE] low and high boundaries for proper pairs: (1, 226)
[0000][PE] analyzing insert size distribution for orientation RF...
[0000][PE] (25, 50, 75) percentile: (30, 197, 347)
[0000][PE] low and high boundaries for computing mean and std.dev: (1, 981)
[0000][PE] mean and std.dev: (186.42, 172.36)
[0000][PE] low and high boundaries for proper pairs: (1, 1298)
[0000][PE] analyzing insert size distribution for orientation RR...
[0000][PE] (25, 50, 75) percentile: (29, 38, 58)
[0000][PE] low and high boundaries for computing mean and std.dev: (1, 116)
[0000][PE] mean and std.dev: (43.11, 21.96)
[0000][PE] low and high boundaries for proper pairs: (1, 145)
[0000][PE] skip orientation FF
[0000][PE] skip orientation RF
[0000][PE] skip orientation RR
[0000] 3. Calling kt_for - worker_sam
[0000] read_chunk: 400000000, work_chunk_size: 400000093, nseq: 4459494
	[0000][ M::kt_pipeline] read 4459494 sequences (400000093 bp)...
	[0000][ M::mem_process_seqs] Processed 4579928 reads in 768.524 CPU sec, 20.566 real sec
[0000] Calling mem_process_seqs.., task: 3
[0000] 1. Calling kt_for - worker_bwt
[0000] 2. Calling kt_for - worker_aln
[0000] Inferring insert size distribution of PE reads from data, l_pac: 798880421, n: 4459494
[0000][PE] # candidate unique pairs for (FF, FR, RF, RR): (153, 1384749, 40, 177)
[0000][PE] analyzing insert size distribution for orientation FF...
[0000][PE] (25, 50, 75) percentile: (33, 46, 69)
[0000][PE] low and high boundaries for computing mean and std.dev: (1, 141)
[0000][PE] mean and std.dev: (53.46, 29.52)
[0000][PE] low and high boundaries for proper pairs: (1, 177)
[0000][PE] analyzing insert size distribution for orientation FR...
[0000][PE] (25, 50, 75) percentile: (62, 80, 103)
[0000][PE] low and high boundaries for computing mean and std.dev: (1, 185)
[0000][PE] mean and std.dev: (84.01, 29.60)
[0000][PE] low and high boundaries for proper pairs: (1, 226)
[0000][PE] analyzing insert size distribution for orientation RF...
[0000][PE] (25, 50, 75) percentile: (53, 232, 396)
[0000][PE] low and high boundaries for computing mean and std.dev: (1, 1082)
[0000][PE] mean and std.dev: (260.73, 225.39)
[0000][PE] low and high boundaries for proper pairs: (1, 1425)
[0000][PE] analyzing insert size distribution for orientation RR...
[0000][PE] (25, 50, 75) percentile: (31, 42, 59)
[0000][PE] low and high boundaries for computing mean and std.dev: (1, 115)
[0000][PE] mean and std.dev: (45.74, 22.56)
[0000][PE] low and high boundaries for proper pairs: (1, 143)
[0000][PE] skip orientation FF
[0000][PE] skip orientation RF
[0000][PE] skip orientation RR
[0000] 3. Calling kt_for - worker_sam
[0000] read_chunk: 400000000, work_chunk_size: 400000001, nseq: 4570086
	[0000][ M::kt_pipeline] read 4570086 sequences (400000001 bp)...
	[0000][ M::mem_process_seqs] Processed 4459494 reads in 931.007 CPU sec, 24.949 real sec
[0000] Calling mem_process_seqs.., task: 4
[0000] 1. Calling kt_for - worker_bwt
[0000] 2. Calling kt_for - worker_aln
[0000] Inferring insert size distribution of PE reads from data, l_pac: 798880421, n: 4570086
[0000][PE] # candidate unique pairs for (FF, FR, RF, RR): (200, 1546655, 23, 174)
[0000][PE] analyzing insert size distribution for orientation FF...
[0000][PE] (25, 50, 75) percentile: (28, 40, 57)
[0000][PE] low and high boundaries for computing mean and std.dev: (1, 115)
[0000][PE] mean and std.dev: (42.99, 20.90)
[0000][PE] low and high boundaries for proper pairs: (1, 144)
[0000][PE] analyzing insert size distribution for orientation FR...
[0000][PE] (25, 50, 75) percentile: (62, 80, 103)
[0000][PE] low and high boundaries for computing mean and std.dev: (1, 185)
[0000][PE] mean and std.dev: (84.06, 29.63)
[0000][PE] low and high boundaries for proper pairs: (1, 226)
[0000][PE] analyzing insert size distribution for orientation RF...
[0000][PE] (25, 50, 75) percentile: (198, 363, 542)
[0000][PE] low and high boundaries for computing mean and std.dev: (1, 1230)
[0000][PE] mean and std.dev: (399.70, 291.36)
[0000][PE] low and high boundaries for proper pairs: (1, 1574)
[0000][PE] analyzing insert size distribution for orientation RR...
[0000][PE] (25, 50, 75) percentile: (28, 38, 60)
[0000][PE] low and high boundaries for computing mean and std.dev: (1, 124)
[0000][PE] mean and std.dev: (44.24, 24.30)
[0000][PE] low and high boundaries for proper pairs: (1, 156)
[0000][PE] skip orientation FF
[0000][PE] skip orientation RF
[0000][PE] skip orientation RR
[0000] 3. Calling kt_for - worker_sam
[0000] read_chunk: 400000000, work_chunk_size: 400000141, nseq: 4596234
	[0000][ M::kt_pipeline] read 4596234 sequences (400000141 bp)...
	[0000][ M::mem_process_seqs] Processed 4570086 reads in 775.183 CPU sec, 20.960 real sec
[0000] Calling mem_process_seqs.., task: 5
[0000] 1. Calling kt_for - worker_bwt
[0000] 2. Calling kt_for - worker_aln
[0000] Inferring insert size distribution of PE reads from data, l_pac: 798880421, n: 4596234
[0000][PE] # candidate unique pairs for (FF, FR, RF, RR): (212, 1576394, 37, 192)
[0000][PE] analyzing insert size distribution for orientation FF...
[0000][PE] (25, 50, 75) percentile: (30, 41, 57)
[0000][PE] low and high boundaries for computing mean and std.dev: (1, 111)
[0000][PE] mean and std.dev: (43.73, 19.29)
[0000][PE] low and high boundaries for proper pairs: (1, 138)
[0000][PE] analyzing insert size distribution for orientation FR...
[0000][PE] (25, 50, 75) percentile: (62, 80, 103)
[0000][PE] low and high boundaries for computing mean and std.dev: (1, 185)
[0000][PE] mean and std.dev: (84.05, 29.61)
[0000][PE] low and high boundaries for proper pairs: (1, 226)
[0000][PE] analyzing insert size distribution for orientation RF...
[0000][PE] (25, 50, 75) percentile: (132, 252, 476)
[0000][PE] low and high boundaries for computing mean and std.dev: (1, 1164)
[0000][PE] mean and std.dev: (264.76, 200.25)
[0000][PE] low and high boundaries for proper pairs: (1, 1508)
[0000][PE] analyzing insert size distribution for orientation RR...
[0000][PE] (25, 50, 75) percentile: (28, 38, 59)
[0000][PE] low and high boundaries for computing mean and std.dev: (1, 121)
[0000][PE] mean and std.dev: (42.59, 20.59)
[0000][PE] low and high boundaries for proper pairs: (1, 152)
[0000][PE] skip orientation FF
[0000][PE] skip orientation RF
[0000][PE] skip orientation RR
[0000] 3. Calling kt_for - worker_sam
[0000] read_chunk: 400000000, work_chunk_size: 400000058, nseq: 4596870
	[0000][ M::kt_pipeline] read 4596870 sequences (400000058 bp)...
	[0000][ M::mem_process_seqs] Processed 4596234 reads in 787.770 CPU sec, 21.155 real sec
[0000] Calling mem_process_seqs.., task: 6
[0000] 1. Calling kt_for - worker_bwt
[0000] 2. Calling kt_for - worker_aln
[0000] Inferring insert size distribution of PE reads from data, l_pac: 798880421, n: 4596870
[0000][PE] # candidate unique pairs for (FF, FR, RF, RR): (214, 1563650, 42, 198)
[0000][PE] analyzing insert size distribution for orientation FF...
[0000][PE] (25, 50, 75) percentile: (29, 43, 57)
[0000][PE] low and high boundaries for computing mean and std.dev: (1, 113)
[0000][PE] mean and std.dev: (44.01, 19.96)
[0000][PE] low and high boundaries for proper pairs: (1, 141)
[0000][PE] analyzing insert size distribution for orientation FR...
[0000][PE] (25, 50, 75) percentile: (62, 81, 103)
[0000][PE] low and high boundaries for computing mean and std.dev: (1, 185)
[0000][PE] mean and std.dev: (84.08, 29.62)
[0000][PE] low and high boundaries for proper pairs: (1, 226)
[0000][PE] analyzing insert size distribution for orientation RF...
[0000][PE] (25, 50, 75) percentile: (113, 323, 466)
[0000][PE] low and high boundaries for computing mean and std.dev: (1, 1172)
[0000][PE] mean and std.dev: (299.93, 233.21)
[0000][PE] low and high boundaries for proper pairs: (1, 1525)
[0000][PE] analyzing insert size distribution for orientation RR...
[0000][PE] (25, 50, 75) percentile: (27, 36, 54)
[0000][PE] low and high boundaries for computing mean and std.dev: (1, 108)
[0000][PE] mean and std.dev: (40.11, 18.60)
[0000][PE] low and high boundaries for proper pairs: (1, 135)
[0000][PE] skip orientation FF
[0000][PE] skip orientation RF
[0000][PE] skip orientation RR
[0000] 3. Calling kt_for - worker_sam
[0000] read_chunk: 400000000, work_chunk_size: 400000137, nseq: 4611968
	[0000][ M::kt_pipeline] read 4611968 sequences (400000137 bp)...
	[0000][ M::mem_process_seqs] Processed 4596870 reads in 797.995 CPU sec, 21.819 real sec
[0000] Reallocating initial memory allocations!!
[0000] Calling mem_process_seqs.., task: 7
[0000] 1. Calling kt_for - worker_bwt
[0000] 2. Calling kt_for - worker_aln
[0000] Inferring insert size distribution of PE reads from data, l_pac: 798880421, n: 4611968
[0000][PE] # candidate unique pairs for (FF, FR, RF, RR): (196, 1587248, 35, 203)
[0000][PE] analyzing insert size distribution for orientation FF...
[0000][PE] (25, 50, 75) percentile: (32, 43, 57)
[0000][PE] low and high boundaries for computing mean and std.dev: (1, 107)
[0000][PE] mean and std.dev: (45.55, 19.80)
[0000][PE] low and high boundaries for proper pairs: (1, 132)
[0000][PE] analyzing insert size distribution for orientation FR...
[0000][PE] (25, 50, 75) percentile: (62, 80, 103)
[0000][PE] low and high boundaries for computing mean and std.dev: (1, 185)
[0000][PE] mean and std.dev: (84.02, 29.61)
[0000][PE] low and high boundaries for proper pairs: (1, 226)
[0000][PE] analyzing insert size distribution for orientation RF...
[0000][PE] (25, 50, 75) percentile: (77, 301, 601)
[0000][PE] low and high boundaries for computing mean and std.dev: (1, 1649)
[0000][PE] mean and std.dev: (314.26, 313.80)
[0000][PE] low and high boundaries for proper pairs: (1, 2173)
[0000][PE] analyzing insert size distribution for orientation RR...
[0000][PE] (25, 50, 75) percentile: (28, 38, 54)
[0000][PE] low and high boundaries for computing mean and std.dev: (1, 106)
[0000][PE] mean and std.dev: (43.63, 20.80)
[0000][PE] low and high boundaries for proper pairs: (1, 132)
[0000][PE] skip orientation FF
[0000][PE] skip orientation RF
[0000][PE] skip orientation RR
[0000] 3. Calling kt_for - worker_sam
[0000] read_chunk: 400000000, work_chunk_size: 400000194, nseq: 4570944
	[0000][ M::kt_pipeline] read 4570944 sequences (400000194 bp)...
	[0000][ M::mem_process_seqs] Processed 4611968 reads in 761.632 CPU sec, 20.422 real sec
[0000] Calling mem_process_seqs.., task: 8
[0000] 1. Calling kt_for - worker_bwt
[0000] 2. Calling kt_for - worker_aln
[0000] Inferring insert size distribution of PE reads from data, l_pac: 798880421, n: 4570944
[0000][PE] # candidate unique pairs for (FF, FR, RF, RR): (214, 1540750, 30, 206)
[0000][PE] analyzing insert size distribution for orientation FF...
[0000][PE] (25, 50, 75) percentile: (29, 42, 59)
[0000][PE] low and high boundaries for computing mean and std.dev: (1, 119)
[0000][PE] mean and std.dev: (44.45, 20.04)
[0000][PE] low and high boundaries for proper pairs: (1, 149)
[0000][PE] analyzing insert size distribution for orientation FR...
[0000][PE] (25, 50, 75) percentile: (62, 80, 103)
[0000][PE] low and high boundaries for computing mean and std.dev: (1, 185)
[0000][PE] mean and std.dev: (84.03, 29.58)
[0000][PE] low and high boundaries for proper pairs: (1, 226)
[0000][PE] analyzing insert size distribution for orientation RF...
[0000][PE] (25, 50, 75) percentile: (124, 312, 576)
[0000][PE] low and high boundaries for computing mean and std.dev: (1, 1480)
[0000][PE] mean and std.dev: (305.92, 285.68)
[0000][PE] low and high boundaries for proper pairs: (1, 1932)
[0000][PE] analyzing insert size distribution for orientation RR...
[0000][PE] (25, 50, 75) percentile: (30, 38, 55)
[0000][PE] low and high boundaries for computing mean and std.dev: (1, 105)
[0000][PE] mean and std.dev: (42.47, 18.55)
[0000][PE] low and high boundaries for proper pairs: (1, 130)
[0000][PE] skip orientation FF
[0000][PE] skip orientation RF
[0000][PE] skip orientation RR
[0000] 3. Calling kt_for - worker_sam
[0000] read_chunk: 400000000, work_chunk_size: 400000068, nseq: 4580802
	[0000][ M::kt_pipeline] read 4580802 sequences (400000068 bp)...
	[0000][ M::mem_process_seqs] Processed 4570944 reads in 816.643 CPU sec, 22.049 real sec
[0000] Calling mem_process_seqs.., task: 9
[0000] 1. Calling kt_for - worker_bwt
[0000] 2. Calling kt_for - worker_aln
[0000] Inferring insert size distribution of PE reads from data, l_pac: 798880421, n: 4580802
[0000][PE] # candidate unique pairs for (FF, FR, RF, RR): (196, 1537229, 27, 180)
[0000][PE] analyzing insert size distribution for orientation FF...
[0000][PE] (25, 50, 75) percentile: (28, 41, 59)
[0000][PE] low and high boundaries for computing mean and std.dev: (1, 121)
[0000][PE] mean and std.dev: (44.59, 21.81)
[0000][PE] low and high boundaries for proper pairs: (1, 152)
[0000][PE] analyzing insert size distribution for orientation FR...
[0000][PE] (25, 50, 75) percentile: (62, 80, 103)
[0000][PE] low and high boundaries for computing mean and std.dev: (1, 185)
[0000][PE] mean and std.dev: (84.04, 29.59)
[0000][PE] low and high boundaries for proper pairs: (1, 226)
[0000][PE] analyzing insert size distribution for orientation RF...
[0000][PE] (25, 50, 75) percentile: (125, 230, 366)
[0000][PE] low and high boundaries for computing mean and std.dev: (1, 848)
[0000][PE] mean and std.dev: (251.15, 177.85)
[0000][PE] low and high boundaries for proper pairs: (1, 1089)
[0000][PE] analyzing insert size distribution for orientation RR...
[0000][PE] (25, 50, 75) percentile: (30, 40, 61)
[0000][PE] low and high boundaries for computing mean and std.dev: (1, 123)
[0000][PE] mean and std.dev: (44.94, 21.88)
[0000][PE] low and high boundaries for proper pairs: (1, 154)
[0000][PE] skip orientation FF
[0000][PE] skip orientation RF
[0000][PE] skip orientation RR
[0000] 3. Calling kt_for - worker_sam
[0000] read_chunk: 400000000, work_chunk_size: 400000045, nseq: 4610694
	[0000][ M::kt_pipeline] read 4610694 sequences (400000045 bp)...
	[0000][ M::mem_process_seqs] Processed 4580802 reads in 848.087 CPU sec, 22.944 real sec
[0000] Calling mem_process_seqs.., task: 10
[0000] 1. Calling kt_for - worker_bwt
[0000] 2. Calling kt_for - worker_aln
[0000] Inferring insert size distribution of PE reads from data, l_pac: 798880421, n: 4610694
[0000][PE] # candidate unique pairs for (FF, FR, RF, RR): (220, 1596020, 32, 183)
[0000][PE] analyzing insert size distribution for orientation FF...
[0000][PE] (25, 50, 75) percentile: (29, 42, 60)
[0000][PE] low and high boundaries for computing mean and std.dev: (1, 122)
[0000][PE] mean and std.dev: (45.55, 22.83)
[0000][PE] low and high boundaries for proper pairs: (1, 153)
[0000][PE] analyzing insert size distribution for orientation FR...
[0000][PE] (25, 50, 75) percentile: (62, 80, 103)
[0000][PE] low and high boundaries for computing mean and std.dev: (1, 185)
[0000][PE] mean and std.dev: (84.04, 29.64)
[0000][PE] low and high boundaries for proper pairs: (1, 226)
[0000][PE] analyzing insert size distribution for orientation RF...
[0000][PE] (25, 50, 75) percentile: (105, 255, 648)
[0000][PE] low and high boundaries for computing mean and std.dev: (1, 1734)
[0000][PE] mean and std.dev: (351.28, 320.74)
[0000][PE] low and high boundaries for proper pairs: (1, 2277)
[0000][PE] analyzing insert size distribution for orientation RR...
[0000][PE] (25, 50, 75) percentile: (28, 38, 56)
[0000][PE] low and high boundaries for computing mean and std.dev: (1, 112)
[0000][PE] mean and std.dev: (41.35, 20.83)
[0000][PE] low and high boundaries for proper pairs: (1, 140)
[0000][PE] skip orientation FF
[0000][PE] skip orientation RF
[0000][PE] skip orientation RR
[0000] 3. Calling kt_for - worker_sam
[0000] read_chunk: 400000000, work_chunk_size: 400000011, nseq: 4437862
	[0000][ M::kt_pipeline] read 4437862 sequences (400000011 bp)...
	[0000][ M::mem_process_seqs] Processed 4610694 reads in 765.463 CPU sec, 20.901 real sec
[0000] Calling mem_process_seqs.., task: 11
[0000] 1. Calling kt_for - worker_bwt
[0000] 2. Calling kt_for - worker_aln
[0000] read_chunk: 400000000, work_chunk_size: 400000066, nseq: 4400692
	[0000][ M::kt_pipeline] read 4400692 sequences (400000066 bp)...
[0000] Inferring insert size distribution of PE reads from data, l_pac: 798880421, n: 4437862
[0000][PE] # candidate unique pairs for (FF, FR, RF, RR): (157, 1229964, 29, 147)
[0000][PE] analyzing insert size distribution for orientation FF...
[0000][PE] (25, 50, 75) percentile: (30, 42, 61)
[0000][PE] low and high boundaries for computing mean and std.dev: (1, 123)
[0000][PE] mean and std.dev: (45.53, 22.01)
[0000][PE] low and high boundaries for proper pairs: (1, 154)
[0000][PE] analyzing insert size distribution for orientation FR...
[0000][PE] (25, 50, 75) percentile: (62, 81, 103)
[0000][PE] low and high boundaries for computing mean and std.dev: (1, 185)
[0000][PE] mean and std.dev: (84.11, 29.57)
[0000][PE] low and high boundaries for proper pairs: (1, 226)
[0000][PE] analyzing insert size distribution for orientation RF...
[0000][PE] (25, 50, 75) percentile: (69, 158, 504)
[0000][PE] low and high boundaries for computing mean and std.dev: (1, 1374)
[0000][PE] mean and std.dev: (268.71, 277.59)
[0000][PE] low and high boundaries for proper pairs: (1, 1809)
[0000][PE] analyzing insert size distribution for orientation RR...
[0000][PE] (25, 50, 75) percentile: (27, 37, 54)
[0000][PE] low and high boundaries for computing mean and std.dev: (1, 108)
[0000][PE] mean and std.dev: (42.53, 20.48)
[0000][PE] low and high boundaries for proper pairs: (1, 135)
[0000][PE] skip orientation FF
[0000][PE] skip orientation RF
[0000][PE] skip orientation RR
[0000] 3. Calling kt_for - worker_sam
	[0000][ M::mem_process_seqs] Processed 4437862 reads in 1084.711 CPU sec, 28.615 real sec
[0000] Calling mem_process_seqs.., task: 12
[0000] 1. Calling kt_for - worker_bwt
[0000] 2. Calling kt_for - worker_aln
[0000] Inferring insert size distribution of PE reads from data, l_pac: 798880421, n: 4400692
[0000][PE] # candidate unique pairs for (FF, FR, RF, RR): (152, 1283961, 18, 139)
[0000][PE] analyzing insert size distribution for orientation FF...
[0000][PE] (25, 50, 75) percentile: (29, 44, 59)
[0000][PE] low and high boundaries for computing mean and std.dev: (1, 119)
[0000][PE] mean and std.dev: (44.48, 21.39)
[0000][PE] low and high boundaries for proper pairs: (1, 149)
[0000][PE] analyzing insert size distribution for orientation FR...
[0000][PE] (25, 50, 75) percentile: (62, 81, 103)
[0000][PE] low and high boundaries for computing mean and std.dev: (1, 185)
[0000][PE] mean and std.dev: (84.09, 29.59)
[0000][PE] low and high boundaries for proper pairs: (1, 226)
[0000][PE] analyzing insert size distribution for orientation RF...
[0000][PE] (25, 50, 75) percentile: (85, 277, 492)
[0000][PE] low and high boundaries for computing mean and std.dev: (1, 1306)
[0000][PE] mean and std.dev: (309.00, 322.95)
[0000][PE] low and high boundaries for proper pairs: (1, 1713)
[0000][PE] analyzing insert size distribution for orientation RR...
[0000][PE] (25, 50, 75) percentile: (32, 41, 59)
[0000][PE] low and high boundaries for computing mean and std.dev: (1, 113)
[0000][PE] mean and std.dev: (44.48, 19.62)
[0000][PE] low and high boundaries for proper pairs: (1, 140)
[0000][PE] skip orientation FF
[0000][PE] skip orientation RF
[0000][PE] skip orientation RR
[0000] 3. Calling kt_for - worker_sam
	[0000][ M::mem_process_seqs] Processed 4400692 reads in 1004.096 CPU sec, 32.871 real sec
[0000] read_chunk: 400000000, work_chunk_size: 400000121, nseq: 4393064
	[0000][ M::kt_pipeline] read 4393064 sequences (400000121 bp)...
[0000] Calling mem_process_seqs.., task: 13
[0000] 1. Calling kt_for - worker_bwt
[0000] 2. Calling kt_for - worker_aln
[0000] read_chunk: 400000000, work_chunk_size: 400000028, nseq: 4610990
	[0000][ M::kt_pipeline] read 4610990 sequences (400000028 bp)...
[0000] Inferring insert size distribution of PE reads from data, l_pac: 798880421, n: 4393064
[0000][PE] # candidate unique pairs for (FF, FR, RF, RR): (172, 1195513, 33, 151)
[0000][PE] analyzing insert size distribution for orientation FF...
[0000][PE] (25, 50, 75) percentile: (28, 39, 61)
[0000][PE] low and high boundaries for computing mean and std.dev: (1, 127)
[0000][PE] mean and std.dev: (45.25, 23.21)
[0000][PE] low and high boundaries for proper pairs: (1, 160)
[0000][PE] analyzing insert size distribution for orientation FR...
[0000][PE] (25, 50, 75) percentile: (62, 80, 103)
[0000][PE] low and high boundaries for computing mean and std.dev: (1, 185)
[0000][PE] mean and std.dev: (84.11, 29.61)
[0000][PE] low and high boundaries for proper pairs: (1, 226)
[0000][PE] analyzing insert size distribution for orientation RF...
[0000][PE] (25, 50, 75) percentile: (84, 310, 566)
[0000][PE] low and high boundaries for computing mean and std.dev: (1, 1530)
[0000][PE] mean and std.dev: (366.48, 323.09)
[0000][PE] low and high boundaries for proper pairs: (1, 2012)
[0000][PE] analyzing insert size distribution for orientation RR...
[0000][PE] (25, 50, 75) percentile: (27, 40, 54)
[0000][PE] low and high boundaries for computing mean and std.dev: (1, 108)
[0000][PE] mean and std.dev: (42.22, 20.17)
[0000][PE] low and high boundaries for proper pairs: (1, 135)
[0000][PE] skip orientation FF
[0000][PE] skip orientation RF
[0000][PE] skip orientation RR
[0000] 3. Calling kt_for - worker_sam
	[0000][ M::mem_process_seqs] Processed 4393064 reads in 1107.300 CPU sec, 29.595 real sec
[0000] Calling mem_process_seqs.., task: 14
[0000] 1. Calling kt_for - worker_bwt
[0000] 2. Calling kt_for - worker_aln
[0000] Inferring insert size distribution of PE reads from data, l_pac: 798880421, n: 4610990
[0000][PE] # candidate unique pairs for (FF, FR, RF, RR): (205, 1605993, 33, 186)
[0000][PE] analyzing insert size distribution for orientation FF...
[0000][PE] (25, 50, 75) percentile: (28, 38, 56)
[0000][PE] low and high boundaries for computing mean and std.dev: (1, 112)
[0000][PE] mean and std.dev: (41.28, 19.45)
[0000][PE] low and high boundaries for proper pairs: (1, 140)
[0000][PE] analyzing insert size distribution for orientation FR...
[0000][PE] (25, 50, 75) percentile: (62, 80, 103)
[0000][PE] low and high boundaries for computing mean and std.dev: (1, 185)
[0000][PE] mean and std.dev: (84.02, 29.61)
[0000][PE] low and high boundaries for proper pairs: (1, 226)
[0000][PE] analyzing insert size distribution for orientation RF...
[0000][PE] (25, 50, 75) percentile: (90, 149, 338)
[0000][PE] low and high boundaries for computing mean and std.dev: (1, 834)
[0000][PE] mean and std.dev: (193.70, 163.53)
[0000][PE] low and high boundaries for proper pairs: (1, 1082)
[0000][PE] analyzing insert size distribution for orientation RR...
[0000][PE] (25, 50, 75) percentile: (30, 39, 55)
[0000][PE] low and high boundaries for computing mean and std.dev: (1, 105)
[0000][PE] mean and std.dev: (44.30, 22.03)
[0000][PE] low and high boundaries for proper pairs: (1, 132)
[0000][PE] skip orientation FF
[0000][PE] skip orientation RF
[0000][PE] skip orientation RR
[0000] 3. Calling kt_for - worker_sam
[0000] read_chunk: 400000000, work_chunk_size: 400000185, nseq: 4601224
	[0000][ M::kt_pipeline] read 4601224 sequences (400000185 bp)...
	[0000][ M::mem_process_seqs] Processed 4610990 reads in 751.601 CPU sec, 21.084 real sec
[0000] Calling mem_process_seqs.., task: 15
[0000] 1. Calling kt_for - worker_bwt
[0000] 2. Calling kt_for - worker_aln
[0000] Inferring insert size distribution of PE reads from data, l_pac: 798880421, n: 4601224
[0000][PE] # candidate unique pairs for (FF, FR, RF, RR): (219, 1613645, 30, 183)
[0000][PE] analyzing insert size distribution for orientation FF...
[0000][PE] (25, 50, 75) percentile: (31, 43, 60)
[0000][PE] low and high boundaries for computing mean and std.dev: (1, 118)
[0000][PE] mean and std.dev: (45.71, 21.03)
[0000][PE] low and high boundaries for proper pairs: (1, 147)
[0000][PE] analyzing insert size distribution for orientation FR...
[0000][PE] (25, 50, 75) percentile: (62, 80, 103)
[0000][PE] low and high boundaries for computing mean and std.dev: (1, 185)
[0000][PE] mean and std.dev: (84.03, 29.59)
[0000][PE] low and high boundaries for proper pairs: (1, 226)
[0000][PE] analyzing insert size distribution for orientation RF...
[0000][PE] (25, 50, 75) percentile: (42, 204, 516)
[0000][PE] low and high boundaries for computing mean and std.dev: (1, 1464)
[0000][PE] mean and std.dev: (288.45, 295.66)
[0000][PE] low and high boundaries for proper pairs: (1, 1938)
[0000][PE] analyzing insert size distribution for orientation RR...
[0000][PE] (25, 50, 75) percentile: (30, 38, 52)
[0000][PE] low and high boundaries for computing mean and std.dev: (1, 96)
[0000][PE] mean and std.dev: (41.72, 17.97)
[0000][PE] low and high boundaries for proper pairs: (1, 118)
[0000][PE] skip orientation FF
[0000][PE] skip orientation RF
[0000][PE] skip orientation RR
[0000] 3. Calling kt_for - worker_sam
[0000] read_chunk: 400000000, work_chunk_size: 400000026, nseq: 4620052
	[0000][ M::kt_pipeline] read 4620052 sequences (400000026 bp)...
	[0000][ M::mem_process_seqs] Processed 4601224 reads in 742.263 CPU sec, 20.464 real sec
[0000] Reallocating initial memory allocations!!
[0000] Calling mem_process_seqs.., task: 16
[0000] 1. Calling kt_for - worker_bwt
[0000] 2. Calling kt_for - worker_aln
[0000] read_chunk: 400000000, work_chunk_size: 400000136, nseq: 4434898
	[0000][ M::kt_pipeline] read 4434898 sequences (400000136 bp)...
[0000] Inferring insert size distribution of PE reads from data, l_pac: 798880421, n: 4620052
[0000][PE] # candidate unique pairs for (FF, FR, RF, RR): (205, 1591721, 25, 158)
[0000][PE] analyzing insert size distribution for orientation FF...
[0000][PE] (25, 50, 75) percentile: (29, 43, 61)
[0000][PE] low and high boundaries for computing mean and std.dev: (1, 125)
[0000][PE] mean and std.dev: (47.40, 24.32)
[0000][PE] low and high boundaries for proper pairs: (1, 157)
[0000][PE] analyzing insert size distribution for orientation FR...
[0000][PE] (25, 50, 75) percentile: (62, 80, 103)
[0000][PE] low and high boundaries for computing mean and std.dev: (1, 185)
[0000][PE] mean and std.dev: (84.04, 29.58)
[0000][PE] low and high boundaries for proper pairs: (1, 226)
[0000][PE] analyzing insert size distribution for orientation RF...
[0000][PE] (25, 50, 75) percentile: (48, 127, 359)
[0000][PE] low and high boundaries for computing mean and std.dev: (1, 981)
[0000][PE] mean and std.dev: (230.40, 237.12)
[0000][PE] low and high boundaries for proper pairs: (1, 1292)
[0000][PE] analyzing insert size distribution for orientation RR...
[0000][PE] (25, 50, 75) percentile: (28, 37, 53)
[0000][PE] low and high boundaries for computing mean and std.dev: (1, 103)
[0000][PE] mean and std.dev: (41.02, 19.41)
[0000][PE] low and high boundaries for proper pairs: (1, 128)
[0000][PE] skip orientation FF
[0000][PE] skip orientation RF
[0000][PE] skip orientation RR
[0000] 3. Calling kt_for - worker_sam
	[0000][ M::mem_process_seqs] Processed 4620052 reads in 834.934 CPU sec, 21.862 real sec
[0000] Calling mem_process_seqs.., task: 17
[0000] 1. Calling kt_for - worker_bwt
[0000] 2. Calling kt_for - worker_aln
[0000] read_chunk: 400000000, work_chunk_size: 400000075, nseq: 4544274
[0000] Inferring insert size distribution of PE reads from data, l_pac: 798880421, n: 4434898
	[0000][ M::kt_pipeline] read 4544274 sequences (400000075 bp)...
[0000][PE] # candidate unique pairs for (FF, FR, RF, RR): (188, 1333377, 37, 178)
[0000][PE] analyzing insert size distribution for orientation FF...
[0000][PE] (25, 50, 75) percentile: (30, 40, 56)
[0000][PE] low and high boundaries for computing mean and std.dev: (1, 108)
[0000][PE] mean and std.dev: (45.04, 19.53)
[0000][PE] low and high boundaries for proper pairs: (1, 134)
[0000][PE] analyzing insert size distribution for orientation FR...
[0000][PE] (25, 50, 75) percentile: (62, 81, 103)
[0000][PE] low and high boundaries for computing mean and std.dev: (1, 185)
[0000][PE] mean and std.dev: (84.17, 29.67)
[0000][PE] low and high boundaries for proper pairs: (1, 226)
[0000][PE] analyzing insert size distribution for orientation RF...
[0000][PE] (25, 50, 75) percentile: (61, 184, 443)
[0000][PE] low and high boundaries for computing mean and std.dev: (1, 1207)
[0000][PE] mean and std.dev: (264.86, 233.33)
[0000][PE] low and high boundaries for proper pairs: (1, 1589)
[0000][PE] analyzing insert size distribution for orientation RR...
[0000][PE] (25, 50, 75) percentile: (29, 41, 55)
[0000][PE] low and high boundaries for computing mean and std.dev: (1, 107)
[0000][PE] mean and std.dev: (42.16, 18.09)
[0000][PE] low and high boundaries for proper pairs: (1, 133)
[0000][PE] skip orientation FF
[0000][PE] skip orientation RF
[0000][PE] skip orientation RR
[0000] 3. Calling kt_for - worker_sam
	[0000][ M::mem_process_seqs] Processed 4434898 reads in 1061.914 CPU sec, 28.349 real sec
[0000] Calling mem_process_seqs.., task: 18
[0000] 1. Calling kt_for - worker_bwt
[0000] 2. Calling kt_for - worker_aln
[0000] Inferring insert size distribution of PE reads from data, l_pac: 798880421, n: 4544274
[0000][PE] # candidate unique pairs for (FF, FR, RF, RR): (191, 1505529, 29, 135)
[0000][PE] analyzing insert size distribution for orientation FF...
[0000][PE] (25, 50, 75) percentile: (29, 42, 59)
[0000][PE] low and high boundaries for computing mean and std.dev: (1, 119)
[0000][PE] mean and std.dev: (45.76, 24.42)
[0000][PE] low and high boundaries for proper pairs: (1, 149)
[0000][PE] analyzing insert size distribution for orientation FR...
[0000][PE] (25, 50, 75) percentile: (62, 80, 103)
[0000][PE] low and high boundaries for computing mean and std.dev: (1, 185)
[0000][PE] mean and std.dev: (84.05, 29.60)
[0000][PE] low and high boundaries for proper pairs: (1, 226)
[0000][PE] analyzing insert size distribution for orientation RF...
[0000][PE] (25, 50, 75) percentile: (47, 124, 408)
[0000][PE] low and high boundaries for computing mean and std.dev: (1, 1130)
[0000][PE] mean and std.dev: (194.30, 194.64)
[0000][PE] low and high boundaries for proper pairs: (1, 1491)
[0000][PE] analyzing insert size distribution for orientation RR...
[0000][PE] (25, 50, 75) percentile: (32, 42, 60)
[0000][PE] low and high boundaries for computing mean and std.dev: (1, 116)
[0000][PE] mean and std.dev: (45.47, 20.45)
[0000][PE] low and high boundaries for proper pairs: (1, 144)
[0000][PE] skip orientation FF
[0000][PE] skip orientation RF
[0000][PE] skip orientation RR
[0000] 3. Calling kt_for - worker_sam
[0000] read_chunk: 400000000, work_chunk_size: 400000189, nseq: 4586240
	[0000][ M::kt_pipeline] read 4586240 sequences (400000189 bp)...
	[0000][ M::mem_process_seqs] Processed 4544274 reads in 850.890 CPU sec, 23.446 real sec
[0000] Calling mem_process_seqs.., task: 19
[0000] 1. Calling kt_for - worker_bwt
[0000] 2. Calling kt_for - worker_aln
[0000] Inferring insert size distribution of PE reads from data, l_pac: 798880421, n: 4586240
[0000][PE] # candidate unique pairs for (FF, FR, RF, RR): (192, 1532025, 28, 175)
[0000][PE] analyzing insert size distribution for orientation FF...
[0000][PE] (25, 50, 75) percentile: (29, 44, 65)
[0000][PE] low and high boundaries for computing mean and std.dev: (1, 137)
[0000][PE] mean and std.dev: (49.38, 27.82)
[0000][PE] low and high boundaries for proper pairs: (1, 173)
[0000][PE] analyzing insert size distribution for orientation FR...
[0000][PE] (25, 50, 75) percentile: (62, 80, 103)
[0000][PE] low and high boundaries for computing mean and std.dev: (1, 185)
[0000][PE] mean and std.dev: (83.99, 29.58)
[0000][PE] low and high boundaries for proper pairs: (1, 226)
[0000][PE] analyzing insert size distribution for orientation RF...
[0000][PE] (25, 50, 75) percentile: (96, 211, 407)
[0000][PE] low and high boundaries for computing mean and std.dev: (1, 1029)
[0000][PE] mean and std.dev: (238.00, 189.56)
[0000][PE] low and high boundaries for proper pairs: (1, 1340)
[0000][PE] analyzing insert size distribution for orientation RR...
[0000][PE] (25, 50, 75) percentile: (29, 39, 56)
[0000][PE] low and high boundaries for computing mean and std.dev: (1, 110)
[0000][PE] mean and std.dev: (42.93, 20.14)
[0000][PE] low and high boundaries for proper pairs: (1, 137)
[0000][PE] skip orientation FF
[0000][PE] skip orientation RF
[0000][PE] skip orientation RR
[0000] 3. Calling kt_for - worker_sam
[0000] read_chunk: 400000000, work_chunk_size: 400000232, nseq: 4563484
	[0000][ M::kt_pipeline] read 4563484 sequences (400000232 bp)...
	[0000][ M::mem_process_seqs] Processed 4586240 reads in 846.362 CPU sec, 23.139 real sec
[0000] Calling mem_process_seqs.., task: 20
[0000] 1. Calling kt_for - worker_bwt
[0000] 2. Calling kt_for - worker_aln
[0000] Inferring insert size distribution of PE reads from data, l_pac: 798880421, n: 4563484
[0000][PE] # candidate unique pairs for (FF, FR, RF, RR): (181, 1510487, 33, 188)
[0000][PE] analyzing insert size distribution for orientation FF...
[0000][PE] (25, 50, 75) percentile: (27, 39, 50)
[0000][PE] low and high boundaries for computing mean and std.dev: (1, 96)
[0000][PE] mean and std.dev: (40.76, 17.64)
[0000][PE] low and high boundaries for proper pairs: (1, 119)
[0000][PE] analyzing insert size distribution for orientation FR...
[0000][PE] (25, 50, 75) percentile: (62, 80, 103)
[0000][PE] low and high boundaries for computing mean and std.dev: (1, 185)
[0000][PE] mean and std.dev: (84.04, 29.64)
[0000][PE] low and high boundaries for proper pairs: (1, 226)
[0000][PE] analyzing insert size distribution for orientation RF...
[0000][PE] (25, 50, 75) percentile: (78, 268, 515)
[0000][PE] low and high boundaries for computing mean and std.dev: (1, 1389)
[0000][PE] mean and std.dev: (327.90, 337.24)
[0000][PE] low and high boundaries for proper pairs: (1, 1826)
[0000][PE] analyzing insert size distribution for orientation RR...
[0000][PE] (25, 50, 75) percentile: (31, 41, 56)
[0000][PE] low and high boundaries for computing mean and std.dev: (1, 106)
[0000][PE] mean and std.dev: (44.78, 18.53)
[0000][PE] low and high boundaries for proper pairs: (1, 131)
[0000][PE] skip orientation FF
[0000][PE] skip orientation RF
[0000][PE] skip orientation RR
[0000] 3. Calling kt_for - worker_sam
[0000] read_chunk: 400000000, work_chunk_size: 400000005, nseq: 4586894
	[0000][ M::kt_pipeline] read 4586894 sequences (400000005 bp)...
	[0000][ M::mem_process_seqs] Processed 4563484 reads in 899.810 CPU sec, 24.316 real sec
[0000] Calling mem_process_seqs.., task: 21
[0000] 1. Calling kt_for - worker_bwt
[0000] 2. Calling kt_for - worker_aln
[0000] Inferring insert size distribution of PE reads from data, l_pac: 798880421, n: 4586894
[0000][PE] # candidate unique pairs for (FF, FR, RF, RR): (197, 1574098, 40, 177)
[0000][PE] analyzing insert size distribution for orientation FF...
[0000][PE] (25, 50, 75) percentile: (30, 40, 62)
[0000][PE] low and high boundaries for computing mean and std.dev: (1, 126)
[0000][PE] mean and std.dev: (45.99, 23.89)
[0000][PE] low and high boundaries for proper pairs: (1, 158)
[0000][PE] analyzing insert size distribution for orientation FR...
[0000][PE] (25, 50, 75) percentile: (62, 80, 103)
[0000][PE] low and high boundaries for computing mean and std.dev: (1, 185)
[0000][PE] mean and std.dev: (84.00, 29.60)
[0000][PE] low and high boundaries for proper pairs: (1, 226)
[0000][PE] analyzing insert size distribution for orientation RF...
[0000][PE] (25, 50, 75) percentile: (73, 194, 667)
[0000][PE] low and high boundaries for computing mean and std.dev: (1, 1855)
[0000][PE] mean and std.dev: (297.84, 302.91)
[0000][PE] low and high boundaries for proper pairs: (1, 2449)
[0000][PE] analyzing insert size distribution for orientation RR...
[0000][PE] (25, 50, 75) percentile: (29, 43, 61)
[0000][PE] low and high boundaries for computing mean and std.dev: (1, 125)
[0000][PE] mean and std.dev: (46.40, 22.68)
[0000][PE] low and high boundaries for proper pairs: (1, 157)
[0000][PE] skip orientation FF
[0000][PE] skip orientation RF
[0000][PE] skip orientation RR
[0000] 3. Calling kt_for - worker_sam
[0000] read_chunk: 400000000, work_chunk_size: 400000077, nseq: 4498436
	[0000][ M::kt_pipeline] read 4498436 sequences (400000077 bp)...
	[0000][ M::mem_process_seqs] Processed 4586894 reads in 768.756 CPU sec, 20.956 real sec
[0000] Calling mem_process_seqs.., task: 22
[0000] 1. Calling kt_for - worker_bwt
[0000] 2. Calling kt_for - worker_aln
[0000] Inferring insert size distribution of PE reads from data, l_pac: 798880421, n: 4498436
[0000][PE] # candidate unique pairs for (FF, FR, RF, RR): (166, 1225325, 21, 155)
[0000][PE] analyzing insert size distribution for orientation FF...
[0000][PE] (25, 50, 75) percentile: (31, 40, 61)
[0000][PE] low and high boundaries for computing mean and std.dev: (1, 121)
[0000][PE] mean and std.dev: (45.44, 21.93)
[0000][PE] low and high boundaries for proper pairs: (1, 151)
[0000][PE] analyzing insert size distribution for orientation FR...
[0000][PE] (25, 50, 75) percentile: (62, 80, 103)
[0000][PE] low and high boundaries for computing mean and std.dev: (1, 185)
[0000][PE] mean and std.dev: (84.01, 29.53)
[0000][PE] low and high boundaries for proper pairs: (1, 226)
[0000][PE] analyzing insert size distribution for orientation RF...
[0000][PE] (25, 50, 75) percentile: (115, 169, 406)
[0000][PE] low and high boundaries for computing mean and std.dev: (1, 988)
[0000][PE] mean and std.dev: (287.76, 264.57)
[0000][PE] low and high boundaries for proper pairs: (1, 1346)
[0000][PE] analyzing insert size distribution for orientation RR...
[0000][PE] (25, 50, 75) percentile: (30, 40, 56)
[0000][PE] low and high boundaries for computing mean and std.dev: (1, 108)
[0000][PE] mean and std.dev: (44.25, 20.11)
[0000][PE] low and high boundaries for proper pairs: (1, 134)
[0000][PE] skip orientation FF
[0000][PE] skip orientation RF
[0000][PE] skip orientation RR
[0000] 3. Calling kt_for - worker_sam
[0000] read_chunk: 400000000, work_chunk_size: 398990183, nseq: 4564466
	[0000][ M::kt_pipeline] read 4564466 sequences (398990183 bp)...
	[0000][ M::mem_process_seqs] Processed 4498436 reads in 1024.089 CPU sec, 27.236 real sec
[0000] Calling mem_process_seqs.., task: 23
[0000] 1. Calling kt_for - worker_bwt
[0000] 2. Calling kt_for - worker_aln
[0000] read_chunk: 400000000, work_chunk_size: 0, nseq: 0
[0000] Inferring insert size distribution of PE reads from data, l_pac: 798880421, n: 4564466
[0000][PE] # candidate unique pairs for (FF, FR, RF, RR): (185, 1556071, 27, 173)
[0000][PE] analyzing insert size distribution for orientation FF...
[0000][PE] (25, 50, 75) percentile: (28, 41, 63)
[0000][PE] low and high boundaries for computing mean and std.dev: (1, 133)
[0000][PE] mean and std.dev: (47.25, 25.87)
[0000][PE] low and high boundaries for proper pairs: (1, 168)
[0000][PE] analyzing insert size distribution for orientation FR...
[0000][PE] (25, 50, 75) percentile: (62, 80, 103)
[0000][PE] low and high boundaries for computing mean and std.dev: (1, 185)
[0000][PE] mean and std.dev: (84.01, 29.62)
[0000][PE] low and high boundaries for proper pairs: (1, 226)
[0000][PE] analyzing insert size distribution for orientation RF...
[0000][PE] (25, 50, 75) percentile: (131, 219, 302)
[0000][PE] low and high boundaries for computing mean and std.dev: (1, 644)
[0000][PE] mean and std.dev: (187.65, 109.29)
[0000][PE] low and high boundaries for proper pairs: (1, 815)
[0000][PE] analyzing insert size distribution for orientation RR...
[0000][PE] (25, 50, 75) percentile: (30, 41, 57)
[0000][PE] low and high boundaries for computing mean and std.dev: (1, 111)
[0000][PE] mean and std.dev: (44.33, 20.71)
[0000][PE] low and high boundaries for proper pairs: (1, 138)
[0000][PE] skip orientation FF
[0000][PE] skip orientation RF
[0000][PE] skip orientation RR
[0000] 3. Calling kt_for - worker_sam
	[0000][ M::mem_process_seqs] Processed 4564466 reads in 768.711 CPU sec, 26.765 real sec
[0000] read_chunk: 400000000, work_chunk_size: 0, nseq: 0
[0000] Computation ends..
No. of OMP threads: 40
Processor is running @2394.698884 MHz
Runtime profile:

	Time taken for main_mem function: 632.23 sec

	IO times (sec) :
	Reading IO time (reads) avg: 287.65, (287.65, 287.65)
	Writing IO time (SAM) avg: 194.99, (194.99, 194.99)
	Reading IO time (Reference Genome) avg: 1.20, (1.20, 1.20)
	Index read time avg: 0.40, (0.40, 0.40)

	Overall time (sec) (Excluding Index reading time):
	PROCESS() (Total compute time + (read + SAM) IO time) : 630.42
	MEM_PROCESS_SEQ() (Total compute time (Kernel + SAM)), avg: 563.82, (563.82, 563.82)

	 SAM Processing time (sec):
	--WORKER_SAM avg: 160.17, (160.17, 160.17)

	Kernels' compute time (sec):
	Total kernel (smem+sal+bsw) time avg: 392.21, (392.21, 392.21)
		MEM_ALN_CHAIN_FLT avg: 0.00, (0.00, 0.00)
		MEM_ALN_CHAIN_SEED avg: 0.00, (0.00, 0.00)
		ERT_SEED_CHAIN avg: 0.00, (0.00, 0.00)
	LEARNED_SEED_CHAIN avg: 159.61, (160.37, 159.08)
		SMEM compute avg: 0.00, (0.00, 0.00)
		SAL compute avg: 0.00, (0.00, 0.00)
				MEM_SA avg: 0.00, (0.00, 0.00)

		BSW time, avg: 212.95, (213.55, 212.16)

Important parameter settings: 
	BATCH_SIZE: 512
	MAX_SEQ_LEN_REF: 256
	MAX_SEQ_LEN_QER: 128
	MAX_SEQ_LEN8: 128
	SEEDS_PER_READ: 500
	SIMD_WIDTH8 X: 64
	SIMD_WIDTH16 X: 32
	AVG_SEEDS_PER_READ: 64
