Looking to launch executable "/opt/conda/bin/bwa-meme_mode3.avx512bw", simd = _mode3.avx512bw
Launching executable "/opt/conda/bin/bwa-meme_mode3.avx512bw"
-----------------------------
Executing in AVX512 mode!!
-----------------------------
* SA compression enabled with xfactor: 8
* Ref file: reference.denovoSSL.Sin.fasta
* Entering FMI_search
Reading other elements of the index from files reference.denovoSSL.Sin.fasta
* Index prefix: reference.denovoSSL.Sin.fasta
* Read 0 ALT contigs
* Reading reference genome..
* Binary seq file = reference.denovoSSL.Sin.fasta.0123
* Reference genome size: 1597760842 bp
* Done reading reference genome !!

------------------------------------------
1. Memory pre-allocation for Chaining: 5679.4903 MB
2. Memory pre-allocation for BSW: 9584.6810 MB
[M::memoryAllocLearned::MEME] Reading Learned-index models into memory
[Learned-Config] MODE:3 SEARCH_METHOD: 1 MEM_TRADEOFF:1 EXPONENTIAL_SMEMSEARCH: 1 DEBUG_MODE:0 Num 2nd Models:268435456 PWL Bits Used:28
[M::memoryAllocLearned::MEME] Loading RMI model and Pac reference file took 12.161 sec
[M::memoryAllocLearned::MEME] Reading suffix array into memory
[M::memoryAllocLearned::MEME] Loading pos_packed file took 16.187 sec
[M::memoryAllocLearned::MEME] Generating SA, 64-bit Suffix and ISA in memory
[M::memoryAllocLearned::MEME] Runtime-build-index took 18.908 sec
3. Memory pre-allocation for BWT: 8632.1949 MB
------------------------------------------
* Threads used (compute): 40
* No. of pipeline threads: 2

[0000] read_chunk: 400000000, work_chunk_size: 400000198, nseq: 3552500
	[0000][ M::kt_pipeline] read 3552500 sequences (400000198 bp)...
[0000] Reallocating initial memory allocations!!
[0000] Calling mem_process_seqs.., task: 0
[0000] 1. Calling kt_for - worker_bwt
[0000] 2. Calling kt_for - worker_aln
[0000] read_chunk: 400000000, work_chunk_size: 356718480, nseq: 3167050
	[0000][ M::kt_pipeline] read 3167050 sequences (356718480 bp)...
[0000] Inferring insert size distribution of PE reads from data, l_pac: 798880421, n: 3552500
[0000][PE] # candidate unique pairs for (FF, FR, RF, RR): (26, 1320959, 113, 28)
[0000][PE] analyzing insert size distribution for orientation FF...
[0000][PE] (25, 50, 75) percentile: (57, 101, 173)
[0000][PE] low and high boundaries for computing mean and std.dev: (1, 405)
[0000][PE] mean and std.dev: (122.96, 93.20)
[0000][PE] low and high boundaries for proper pairs: (1, 521)
[0000][PE] analyzing insert size distribution for orientation FR...
[0000][PE] (25, 50, 75) percentile: (85, 120, 166)
[0000][PE] low and high boundaries for computing mean and std.dev: (1, 328)
[0000][PE] mean and std.dev: (130.26, 59.45)
[0000][PE] low and high boundaries for proper pairs: (1, 409)
[0000][PE] analyzing insert size distribution for orientation RF...
[0000][PE] (25, 50, 75) percentile: (93, 244, 538)
[0000][PE] low and high boundaries for computing mean and std.dev: (1, 1428)
[0000][PE] mean and std.dev: (336.00, 347.76)
[0000][PE] low and high boundaries for proper pairs: (1, 1873)
[0000][PE] analyzing insert size distribution for orientation RR...
[0000][PE] (25, 50, 75) percentile: (91, 118, 209)
[0000][PE] low and high boundaries for computing mean and std.dev: (1, 445)
[0000][PE] mean and std.dev: (137.38, 92.64)
[0000][PE] low and high boundaries for proper pairs: (1, 563)
[0000][PE] skip orientation FF
[0000][PE] skip orientation RF
[0000][PE] skip orientation RR
[0000] 3. Calling kt_for - worker_sam
	[0000][ M::mem_process_seqs] Processed 3552500 reads in 642.880 CPU sec, 16.726 real sec
[0000] Calling mem_process_seqs.., task: 1
[0000] 1. Calling kt_for - worker_bwt
[0000] 2. Calling kt_for - worker_aln
[0000] read_chunk: 400000000, work_chunk_size: 0, nseq: 0
[0000] Inferring insert size distribution of PE reads from data, l_pac: 798880421, n: 3167050
[0000][PE] # candidate unique pairs for (FF, FR, RF, RR): (28, 1170200, 104, 23)
[0000][PE] analyzing insert size distribution for orientation FF...
[0000][PE] (25, 50, 75) percentile: (50, 110, 188)
[0000][PE] low and high boundaries for computing mean and std.dev: (1, 464)
[0000][PE] mean and std.dev: (121.69, 93.56)
[0000][PE] low and high boundaries for proper pairs: (1, 602)
[0000][PE] analyzing insert size distribution for orientation FR...
[0000][PE] (25, 50, 75) percentile: (85, 120, 166)
[0000][PE] low and high boundaries for computing mean and std.dev: (1, 328)
[0000][PE] mean and std.dev: (130.28, 59.49)
[0000][PE] low and high boundaries for proper pairs: (1, 409)
[0000][PE] analyzing insert size distribution for orientation RF...
[0000][PE] (25, 50, 75) percentile: (159, 321, 997)
[0000][PE] low and high boundaries for computing mean and std.dev: (1, 2673)
[0000][PE] mean and std.dev: (479.57, 534.72)
[0000][PE] low and high boundaries for proper pairs: (1, 3511)
[0000][PE] analyzing insert size distribution for orientation RR...
[0000][PE] (25, 50, 75) percentile: (100, 156, 253)
[0000][PE] low and high boundaries for computing mean and std.dev: (1, 559)
[0000][PE] mean and std.dev: (155.10, 95.45)
[0000][PE] low and high boundaries for proper pairs: (1, 712)
[0000][PE] skip orientation FF
[0000][PE] skip orientation RF
[0000][PE] skip orientation RR
[0000] 3. Calling kt_for - worker_sam
	[0000][ M::mem_process_seqs] Processed 3167050 reads in 582.669 CPU sec, 15.503 real sec
[0000] read_chunk: 400000000, work_chunk_size: 0, nseq: 0
[0000] Computation ends..
No. of OMP threads: 40
Processor is running @2394.704666 MHz
Runtime profile:

	Time taken for main_mem function: 86.31 sec

	IO times (sec) :
	Reading IO time (reads) avg: 22.08, (22.08, 22.08)
	Writing IO time (SAM) avg: 9.16, (9.16, 9.16)
	Reading IO time (Reference Genome) avg: 1.03, (1.03, 1.03)
	Index read time avg: 0.38, (0.38, 0.38)

	Overall time (sec) (Excluding Index reading time):
	PROCESS() (Total compute time + (read + SAM) IO time) : 84.67
	MEM_PROCESS_SEQ() (Total compute time (Kernel + SAM)), avg: 32.22, (32.22, 32.22)

	 SAM Processing time (sec):
	--WORKER_SAM avg: 11.88, (11.88, 11.88)

	Kernels' compute time (sec):
	Total kernel (smem+sal+bsw) time avg: 19.62, (19.62, 19.62)
		MEM_ALN_CHAIN_FLT avg: 0.00, (0.00, 0.00)
		MEM_ALN_CHAIN_SEED avg: 0.00, (0.00, 0.00)
		ERT_SEED_CHAIN avg: 0.00, (0.00, 0.00)
	LEARNED_SEED_CHAIN avg: 8.00, (8.03, 7.97)
		SMEM compute avg: 0.00, (0.00, 0.00)
		SAL compute avg: 0.00, (0.00, 0.00)
				MEM_SA avg: 0.00, (0.00, 0.00)

		BSW time, avg: 11.14, (11.22, 11.06)

Important parameter settings: 
	BATCH_SIZE: 512
	MAX_SEQ_LEN_REF: 256
	MAX_SEQ_LEN_QER: 128
	MAX_SEQ_LEN8: 128
	SEEDS_PER_READ: 500
	SIMD_WIDTH8 X: 64
	SIMD_WIDTH16 X: 32
	AVG_SEEDS_PER_READ: 64
