Looking to launch executable "/opt/conda/bin/bwa-meme_mode3.avx512bw", simd = _mode3.avx512bw
Launching executable "/opt/conda/bin/bwa-meme_mode3.avx512bw"
-----------------------------
Executing in AVX512 mode!!
-----------------------------
* SA compression enabled with xfactor: 8
* Ref file: reference.denovoSSL.Sin.fasta
* Entering FMI_search
Reading other elements of the index from files reference.denovoSSL.Sin.fasta
* Index prefix: reference.denovoSSL.Sin.fasta
* Read 0 ALT contigs
* Reading reference genome..
* Binary seq file = reference.denovoSSL.Sin.fasta.0123
* Reference genome size: 1597760842 bp
* Done reading reference genome !!

------------------------------------------
1. Memory pre-allocation for Chaining: 5679.4903 MB
2. Memory pre-allocation for BSW: 9584.6810 MB
[M::memoryAllocLearned::MEME] Reading Learned-index models into memory
[Learned-Config] MODE:3 SEARCH_METHOD: 1 MEM_TRADEOFF:1 EXPONENTIAL_SMEMSEARCH: 1 DEBUG_MODE:0 Num 2nd Models:268435456 PWL Bits Used:28
[M::memoryAllocLearned::MEME] Loading RMI model and Pac reference file took 12.057 sec
[M::memoryAllocLearned::MEME] Reading suffix array into memory
[M::memoryAllocLearned::MEME] Loading pos_packed file took 17.581 sec
[M::memoryAllocLearned::MEME] Generating SA, 64-bit Suffix and ISA in memory
[M::memoryAllocLearned::MEME] Runtime-build-index took 15.108 sec
3. Memory pre-allocation for BWT: 8632.1949 MB
------------------------------------------
* Threads used (compute): 40
* No. of pipeline threads: 2

[0000] read_chunk: 400000000, work_chunk_size: 400000015, nseq: 5066234
	[0000][ M::kt_pipeline] read 5066234 sequences (400000015 bp)...
[0000] Reallocating initial memory allocations!!
[0000] Calling mem_process_seqs.., task: 0
[0000] 1. Calling kt_for - worker_bwt
[0000] 2. Calling kt_for - worker_aln
[0000] read_chunk: 400000000, work_chunk_size: 400000175, nseq: 5022096
	[0000][ M::kt_pipeline] read 5022096 sequences (400000175 bp)...
[0000] Inferring insert size distribution of PE reads from data, l_pac: 798880421, n: 5066234
[0000][PE] # candidate unique pairs for (FF, FR, RF, RR): (130, 1774388, 19, 146)
[0000][PE] analyzing insert size distribution for orientation FF...
[0000][PE] (25, 50, 75) percentile: (23, 31, 41)
[0000][PE] low and high boundaries for computing mean and std.dev: (1, 77)
[0000][PE] mean and std.dev: (32.40, 15.67)
[0000][PE] low and high boundaries for proper pairs: (1, 95)
[0000][PE] analyzing insert size distribution for orientation FR...
[0000][PE] (25, 50, 75) percentile: (59, 74, 91)
[0000][PE] low and high boundaries for computing mean and std.dev: (1, 155)
[0000][PE] mean and std.dev: (76.04, 23.30)
[0000][PE] low and high boundaries for proper pairs: (1, 187)
[0000][PE] analyzing insert size distribution for orientation RF...
[0000][PE] (25, 50, 75) percentile: (37, 133, 298)
[0000][PE] low and high boundaries for computing mean and std.dev: (1, 820)
[0000][PE] mean and std.dev: (193.50, 192.43)
[0000][PE] low and high boundaries for proper pairs: (1, 1081)
[0000][PE] analyzing insert size distribution for orientation RR...
[0000][PE] (25, 50, 75) percentile: (23, 31, 47)
[0000][PE] low and high boundaries for computing mean and std.dev: (1, 95)
[0000][PE] mean and std.dev: (35.44, 17.90)
[0000][PE] low and high boundaries for proper pairs: (1, 119)
[0000][PE] skip orientation FF
[0000][PE] skip orientation RF
[0000][PE] skip orientation RR
[0000] 3. Calling kt_for - worker_sam
	[0000][ M::mem_process_seqs] Processed 5066234 reads in 714.752 CPU sec, 18.757 real sec
[0000] Calling mem_process_seqs.., task: 1
[0000] 1. Calling kt_for - worker_bwt
[0000] 2. Calling kt_for - worker_aln
[0000] Inferring insert size distribution of PE reads from data, l_pac: 798880421, n: 5022096
[0000][PE] # candidate unique pairs for (FF, FR, RF, RR): (125, 1698976, 20, 133)
[0000][PE] analyzing insert size distribution for orientation FF...
[0000][PE] (25, 50, 75) percentile: (23, 33, 47)
[0000][PE] low and high boundaries for computing mean and std.dev: (1, 95)
[0000][PE] mean and std.dev: (34.55, 17.77)
[0000][PE] low and high boundaries for proper pairs: (1, 119)
[0000][PE] analyzing insert size distribution for orientation FR...
[0000][PE] (25, 50, 75) percentile: (60, 74, 90)
[0000][PE] low and high boundaries for computing mean and std.dev: (1, 150)
[0000][PE] mean and std.dev: (75.84, 23.01)
[0000][PE] low and high boundaries for proper pairs: (1, 180)
[0000][PE] analyzing insert size distribution for orientation RF...
[0000][PE] (25, 50, 75) percentile: (29, 105, 435)
[0000][PE] low and high boundaries for computing mean and std.dev: (1, 1247)
[0000][PE] mean and std.dev: (233.05, 316.46)
[0000][PE] low and high boundaries for proper pairs: (1, 1653)
[0000][PE] analyzing insert size distribution for orientation RR...
[0000][PE] (25, 50, 75) percentile: (22, 31, 45)
[0000][PE] low and high boundaries for computing mean and std.dev: (1, 91)
[0000][PE] mean and std.dev: (34.44, 17.59)
[0000][PE] low and high boundaries for proper pairs: (1, 114)
[0000][PE] skip orientation FF
[0000][PE] skip orientation RF
[0000][PE] skip orientation RR
[0000] 3. Calling kt_for - worker_sam
[0000] read_chunk: 400000000, work_chunk_size: 400000252, nseq: 5052012
	[0000][ M::kt_pipeline] read 5052012 sequences (400000252 bp)...
	[0000][ M::mem_process_seqs] Processed 5022096 reads in 787.306 CPU sec, 21.015 real sec
[0000] Calling mem_process_seqs.., task: 2
[0000] 1. Calling kt_for - worker_bwt
[0000] 2. Calling kt_for - worker_aln
[0000] Inferring insert size distribution of PE reads from data, l_pac: 798880421, n: 5052012
[0000][PE] # candidate unique pairs for (FF, FR, RF, RR): (124, 1734166, 10, 130)
[0000][PE] analyzing insert size distribution for orientation FF...
[0000][PE] (25, 50, 75) percentile: (21, 29, 45)
[0000][PE] low and high boundaries for computing mean and std.dev: (1, 93)
[0000][PE] mean and std.dev: (32.10, 16.78)
[0000][PE] low and high boundaries for proper pairs: (1, 117)
[0000][PE] analyzing insert size distribution for orientation FR...
[0000][PE] (25, 50, 75) percentile: (60, 74, 90)
[0000][PE] low and high boundaries for computing mean and std.dev: (1, 150)
[0000][PE] mean and std.dev: (75.82, 23.00)
[0000][PE] low and high boundaries for proper pairs: (1, 180)
[0000][PE] analyzing insert size distribution for orientation RF...
[0000][PE] (25, 50, 75) percentile: (47, 206, 646)
[0000][PE] low and high boundaries for computing mean and std.dev: (1, 1844)
[0000][PE] mean and std.dev: (322.30, 280.42)
[0000][PE] low and high boundaries for proper pairs: (1, 2443)
[0000][PE] analyzing insert size distribution for orientation RR...
[0000][PE] (25, 50, 75) percentile: (22, 31, 46)
[0000][PE] low and high boundaries for computing mean and std.dev: (1, 94)
[0000][PE] mean and std.dev: (33.59, 17.60)
[0000][PE] low and high boundaries for proper pairs: (1, 118)
[0000][PE] skip orientation FF
[0000][PE] skip orientation RF
[0000][PE] skip orientation RR
[0000] 3. Calling kt_for - worker_sam
[0000] read_chunk: 400000000, work_chunk_size: 400000104, nseq: 4938768
	[0000][ M::kt_pipeline] read 4938768 sequences (400000104 bp)...
	[0000][ M::mem_process_seqs] Processed 5052012 reads in 770.979 CPU sec, 20.614 real sec
[0000] Calling mem_process_seqs.., task: 3
[0000] 1. Calling kt_for - worker_bwt
[0000] 2. Calling kt_for - worker_aln
[0000] Inferring insert size distribution of PE reads from data, l_pac: 798880421, n: 4938768
[0000][PE] # candidate unique pairs for (FF, FR, RF, RR): (108, 1533796, 12, 98)
[0000][PE] analyzing insert size distribution for orientation FF...
[0000][PE] (25, 50, 75) percentile: (20, 27, 41)
[0000][PE] low and high boundaries for computing mean and std.dev: (1, 83)
[0000][PE] mean and std.dev: (32.25, 17.25)
[0000][PE] low and high boundaries for proper pairs: (1, 104)
[0000][PE] analyzing insert size distribution for orientation FR...
[0000][PE] (25, 50, 75) percentile: (60, 74, 91)
[0000][PE] low and high boundaries for computing mean and std.dev: (1, 153)
[0000][PE] mean and std.dev: (76.03, 23.23)
[0000][PE] low and high boundaries for proper pairs: (1, 184)
[0000][PE] analyzing insert size distribution for orientation RF...
[0000][PE] (25, 50, 75) percentile: (108, 335, 706)
[0000][PE] low and high boundaries for computing mean and std.dev: (1, 1902)
[0000][PE] mean and std.dev: (376.09, 360.31)
[0000][PE] low and high boundaries for proper pairs: (1, 2500)
[0000][PE] analyzing insert size distribution for orientation RR...
[0000][PE] (25, 50, 75) percentile: (24, 32, 43)
[0000][PE] low and high boundaries for computing mean and std.dev: (1, 81)
[0000][PE] mean and std.dev: (34.11, 14.41)
[0000][PE] low and high boundaries for proper pairs: (1, 100)
[0000][PE] skip orientation FF
[0000][PE] skip orientation RF
[0000][PE] skip orientation RR
[0000] 3. Calling kt_for - worker_sam
[0000] read_chunk: 400000000, work_chunk_size: 400000044, nseq: 5059882
	[0000][ M::kt_pipeline] read 5059882 sequences (400000044 bp)...
	[0000][ M::mem_process_seqs] Processed 4938768 reads in 943.902 CPU sec, 24.955 real sec
[0000] Calling mem_process_seqs.., task: 4
[0000] 1. Calling kt_for - worker_bwt
[0000] 2. Calling kt_for - worker_aln
[0000] Inferring insert size distribution of PE reads from data, l_pac: 798880421, n: 5059882
[0000][PE] # candidate unique pairs for (FF, FR, RF, RR): (119, 1757445, 23, 122)
[0000][PE] analyzing insert size distribution for orientation FF...
[0000][PE] (25, 50, 75) percentile: (24, 33, 44)
[0000][PE] low and high boundaries for computing mean and std.dev: (1, 84)
[0000][PE] mean and std.dev: (34.54, 17.99)
[0000][PE] low and high boundaries for proper pairs: (1, 107)
[0000][PE] analyzing insert size distribution for orientation FR...
[0000][PE] (25, 50, 75) percentile: (60, 74, 91)
[0000][PE] low and high boundaries for computing mean and std.dev: (1, 153)
[0000][PE] mean and std.dev: (76.00, 23.21)
[0000][PE] low and high boundaries for proper pairs: (1, 184)
[0000][PE] analyzing insert size distribution for orientation RF...
[0000][PE] (25, 50, 75) percentile: (67, 177, 547)
[0000][PE] low and high boundaries for computing mean and std.dev: (1, 1507)
[0000][PE] mean and std.dev: (301.64, 290.61)
[0000][PE] low and high boundaries for proper pairs: (1, 1987)
[0000][PE] analyzing insert size distribution for orientation RR...
[0000][PE] (25, 50, 75) percentile: (25, 31, 49)
[0000][PE] low and high boundaries for computing mean and std.dev: (1, 97)
[0000][PE] mean and std.dev: (35.74, 17.82)
[0000][PE] low and high boundaries for proper pairs: (1, 121)
[0000][PE] skip orientation FF
[0000][PE] skip orientation RF
[0000][PE] skip orientation RR
[0000] 3. Calling kt_for - worker_sam
[0000] read_chunk: 400000000, work_chunk_size: 400000106, nseq: 4992622
	[0000][ M::kt_pipeline] read 4992622 sequences (400000106 bp)...
	[0000][ M::mem_process_seqs] Processed 5059882 reads in 757.853 CPU sec, 20.521 real sec
[0000] Calling mem_process_seqs.., task: 5
[0000] 1. Calling kt_for - worker_bwt
[0000] 2. Calling kt_for - worker_aln
[0000] Inferring insert size distribution of PE reads from data, l_pac: 798880421, n: 4992622
[0000][PE] # candidate unique pairs for (FF, FR, RF, RR): (117, 1645583, 11, 102)
[0000][PE] analyzing insert size distribution for orientation FF...
[0000][PE] (25, 50, 75) percentile: (23, 33, 45)
[0000][PE] low and high boundaries for computing mean and std.dev: (1, 89)
[0000][PE] mean and std.dev: (33.31, 16.70)
[0000][PE] low and high boundaries for proper pairs: (1, 111)
[0000][PE] analyzing insert size distribution for orientation FR...
[0000][PE] (25, 50, 75) percentile: (60, 74, 91)
[0000][PE] low and high boundaries for computing mean and std.dev: (1, 153)
[0000][PE] mean and std.dev: (76.00, 23.20)
[0000][PE] low and high boundaries for proper pairs: (1, 184)
[0000][PE] analyzing insert size distribution for orientation RF...
[0000][PE] (25, 50, 75) percentile: (50, 108, 207)
[0000][PE] low and high boundaries for computing mean and std.dev: (1, 521)
[0000][PE] mean and std.dev: (124.80, 144.54)
[0000][PE] low and high boundaries for proper pairs: (1, 703)
[0000][PE] analyzing insert size distribution for orientation RR...
[0000][PE] (25, 50, 75) percentile: (23, 34, 49)
[0000][PE] low and high boundaries for computing mean and std.dev: (1, 101)
[0000][PE] mean and std.dev: (36.36, 17.80)
[0000][PE] low and high boundaries for proper pairs: (1, 127)
[0000][PE] skip orientation FF
[0000][PE] skip orientation RF
[0000][PE] skip orientation RR
[0000] 3. Calling kt_for - worker_sam
[0000] read_chunk: 400000000, work_chunk_size: 375406012, nseq: 4708710
	[0000][ M::kt_pipeline] read 4708710 sequences (375406012 bp)...
	[0000][ M::mem_process_seqs] Processed 4992622 reads in 883.504 CPU sec, 23.606 real sec
[0000] Calling mem_process_seqs.., task: 6
[0000] 1. Calling kt_for - worker_bwt
[0000] 2. Calling kt_for - worker_aln
[0000] read_chunk: 400000000, work_chunk_size: 0, nseq: 0
[0000] Inferring insert size distribution of PE reads from data, l_pac: 798880421, n: 4708710
[0000][PE] # candidate unique pairs for (FF, FR, RF, RR): (120, 1540734, 14, 114)
[0000][PE] analyzing insert size distribution for orientation FF...
[0000][PE] (25, 50, 75) percentile: (19, 29, 41)
[0000][PE] low and high boundaries for computing mean and std.dev: (1, 85)
[0000][PE] mean and std.dev: (31.01, 16.01)
[0000][PE] low and high boundaries for proper pairs: (1, 107)
[0000][PE] analyzing insert size distribution for orientation FR...
[0000][PE] (25, 50, 75) percentile: (60, 74, 91)
[0000][PE] low and high boundaries for computing mean and std.dev: (1, 153)
[0000][PE] mean and std.dev: (75.97, 23.19)
[0000][PE] low and high boundaries for proper pairs: (1, 184)
[0000][PE] analyzing insert size distribution for orientation RF...
[0000][PE] (25, 50, 75) percentile: (50, 137, 283)
[0000][PE] low and high boundaries for computing mean and std.dev: (1, 749)
[0000][PE] mean and std.dev: (136.75, 135.02)
[0000][PE] low and high boundaries for proper pairs: (1, 982)
[0000][PE] analyzing insert size distribution for orientation RR...
[0000][PE] (25, 50, 75) percentile: (23, 31, 43)
[0000][PE] low and high boundaries for computing mean and std.dev: (1, 83)
[0000][PE] mean and std.dev: (31.71, 15.10)
[0000][PE] low and high boundaries for proper pairs: (1, 103)
[0000][PE] skip orientation FF
[0000][PE] skip orientation RF
[0000][PE] skip orientation RR
[0000] 3. Calling kt_for - worker_sam
	[0000][ M::mem_process_seqs] Processed 4708710 reads in 753.304 CPU sec, 20.394 real sec
[0000] read_chunk: 400000000, work_chunk_size: 0, nseq: 0
[0000] Computation ends..
No. of OMP threads: 40
Processor is running @2394.745904 MHz
Runtime profile:

	Time taken for main_mem function: 206.16 sec

	IO times (sec) :
	Reading IO time (reads) avg: 83.83, (83.83, 83.83)
	Writing IO time (SAM) avg: 46.68, (46.68, 46.68)
	Reading IO time (Reference Genome) avg: 1.18, (1.18, 1.18)
	Index read time avg: 0.39, (0.39, 0.39)

	Overall time (sec) (Excluding Index reading time):
	PROCESS() (Total compute time + (read + SAM) IO time) : 204.39
	MEM_PROCESS_SEQ() (Total compute time (Kernel + SAM)), avg: 149.84, (149.84, 149.84)

	 SAM Processing time (sec):
	--WORKER_SAM avg: 39.40, (39.40, 39.40)

	Kernels' compute time (sec):
	Total kernel (smem+sal+bsw) time avg: 107.30, (107.30, 107.30)
		MEM_ALN_CHAIN_FLT avg: 0.00, (0.00, 0.00)
		MEM_ALN_CHAIN_SEED avg: 0.00, (0.00, 0.00)
		ERT_SEED_CHAIN avg: 0.00, (0.00, 0.00)
	LEARNED_SEED_CHAIN avg: 48.35, (48.64, 48.17)
		SMEM compute avg: 0.00, (0.00, 0.00)
		SAL compute avg: 0.00, (0.00, 0.00)
				MEM_SA avg: 0.00, (0.00, 0.00)

		BSW time, avg: 54.32, (54.56, 53.99)

Important parameter settings: 
	BATCH_SIZE: 512
	MAX_SEQ_LEN_REF: 256
	MAX_SEQ_LEN_QER: 128
	MAX_SEQ_LEN8: 128
	SEEDS_PER_READ: 500
	SIMD_WIDTH8 X: 64
	SIMD_WIDTH16 X: 32
	AVG_SEEDS_PER_READ: 64
