Looking to launch executable "/opt/conda/bin/bwa-meme_mode3.avx512bw", simd = _mode3.avx512bw
Launching executable "/opt/conda/bin/bwa-meme_mode3.avx512bw"
-----------------------------
Executing in AVX512 mode!!
-----------------------------
* SA compression enabled with xfactor: 8
* Ref file: reference.denovoSSL.Sin.fasta
* Entering FMI_search
Reading other elements of the index from files reference.denovoSSL.Sin.fasta
* Index prefix: reference.denovoSSL.Sin.fasta
* Read 0 ALT contigs
* Reading reference genome..
* Binary seq file = reference.denovoSSL.Sin.fasta.0123
* Reference genome size: 1597760842 bp
* Done reading reference genome !!

------------------------------------------
1. Memory pre-allocation for Chaining: 5679.4903 MB
2. Memory pre-allocation for BSW: 9584.6810 MB
[M::memoryAllocLearned::MEME] Reading Learned-index models into memory
[Learned-Config] MODE:3 SEARCH_METHOD: 1 MEM_TRADEOFF:1 EXPONENTIAL_SMEMSEARCH: 1 DEBUG_MODE:0 Num 2nd Models:268435456 PWL Bits Used:28
[M::memoryAllocLearned::MEME] Loading RMI model and Pac reference file took 12.161 sec
[M::memoryAllocLearned::MEME] Reading suffix array into memory
[M::memoryAllocLearned::MEME] Loading pos_packed file took 17.005 sec
[M::memoryAllocLearned::MEME] Generating SA, 64-bit Suffix and ISA in memory
[M::memoryAllocLearned::MEME] Runtime-build-index took 15.162 sec
3. Memory pre-allocation for BWT: 8632.1949 MB
------------------------------------------
* Threads used (compute): 40
* No. of pipeline threads: 2

[0000] read_chunk: 400000000, work_chunk_size: 400000112, nseq: 4781162
	[0000][ M::kt_pipeline] read 4781162 sequences (400000112 bp)...
[0000] Reallocating initial memory allocations!!
[0000] Calling mem_process_seqs.., task: 0
[0000] 1. Calling kt_for - worker_bwt
[0000] 2. Calling kt_for - worker_aln
[0000] read_chunk: 400000000, work_chunk_size: 400000135, nseq: 4686518
	[0000][ M::kt_pipeline] read 4686518 sequences (400000135 bp)...
[0000] Inferring insert size distribution of PE reads from data, l_pac: 798880421, n: 4781162
[0000][PE] # candidate unique pairs for (FF, FR, RF, RR): (227, 1389986, 18, 233)
[0000][PE] analyzing insert size distribution for orientation FF...
[0000][PE] (25, 50, 75) percentile: (27, 36, 51)
[0000][PE] low and high boundaries for computing mean and std.dev: (1, 99)
[0000][PE] mean and std.dev: (39.46, 20.26)
[0000][PE] low and high boundaries for proper pairs: (1, 123)
[0000][PE] analyzing insert size distribution for orientation FR...
[0000][PE] (25, 50, 75) percentile: (61, 76, 94)
[0000][PE] low and high boundaries for computing mean and std.dev: (1, 160)
[0000][PE] mean and std.dev: (78.62, 24.63)
[0000][PE] low and high boundaries for proper pairs: (1, 193)
[0000][PE] analyzing insert size distribution for orientation RF...
[0000][PE] (25, 50, 75) percentile: (64, 194, 352)
[0000][PE] low and high boundaries for computing mean and std.dev: (1, 928)
[0000][PE] mean and std.dev: (172.53, 140.61)
[0000][PE] low and high boundaries for proper pairs: (1, 1216)
[0000][PE] analyzing insert size distribution for orientation RR...
[0000][PE] (25, 50, 75) percentile: (26, 38, 54)
[0000][PE] low and high boundaries for computing mean and std.dev: (1, 110)
[0000][PE] mean and std.dev: (40.64, 19.85)
[0000][PE] low and high boundaries for proper pairs: (1, 138)
[0000][PE] skip orientation FF
[0000][PE] skip orientation RF
[0000][PE] skip orientation RR
[0000] 3. Calling kt_for - worker_sam
	[0000][ M::mem_process_seqs] Processed 4781162 reads in 1029.913 CPU sec, 26.596 real sec
[0000] Calling mem_process_seqs.., task: 1
[0000] 1. Calling kt_for - worker_bwt
[0000] 2. Calling kt_for - worker_aln
[0000] read_chunk: 400000000, work_chunk_size: 400000103, nseq: 4752836
	[0000][ M::kt_pipeline] read 4752836 sequences (400000103 bp)...
[0000] Inferring insert size distribution of PE reads from data, l_pac: 798880421, n: 4686518
[0000][PE] # candidate unique pairs for (FF, FR, RF, RR): (164, 1222057, 8, 177)
[0000][PE] analyzing insert size distribution for orientation FF...
[0000][PE] (25, 50, 75) percentile: (27, 38, 51)
[0000][PE] low and high boundaries for computing mean and std.dev: (1, 99)
[0000][PE] mean and std.dev: (38.44, 18.29)
[0000][PE] low and high boundaries for proper pairs: (1, 123)
[0000][PE] analyzing insert size distribution for orientation FR...
[0000][PE] (25, 50, 75) percentile: (61, 76, 94)
[0000][PE] low and high boundaries for computing mean and std.dev: (1, 160)
[0000][PE] mean and std.dev: (78.69, 24.62)
[0000][PE] low and high boundaries for proper pairs: (1, 193)
[0000][PE] skip orientation RF as there are not enough pairs
[0000][PE] analyzing insert size distribution for orientation RR...
[0000][PE] (25, 50, 75) percentile: (25, 33, 49)
[0000][PE] low and high boundaries for computing mean and std.dev: (1, 97)
[0000][PE] mean and std.dev: (36.74, 18.29)
[0000][PE] low and high boundaries for proper pairs: (1, 121)
[0000][PE] skip orientation FF
[0000][PE] skip orientation RR
[0000] 3. Calling kt_for - worker_sam
	[0000][ M::mem_process_seqs] Processed 4686518 reads in 1189.845 CPU sec, 31.233 real sec
[0000] Calling mem_process_seqs.., task: 2
[0000] 1. Calling kt_for - worker_bwt
[0000] 2. Calling kt_for - worker_aln
[0000] read_chunk: 400000000, work_chunk_size: 156917718, nseq: 1847856
	[0000][ M::kt_pipeline] read 1847856 sequences (156917718 bp)...
[0000] Inferring insert size distribution of PE reads from data, l_pac: 798880421, n: 4752836
[0000][PE] # candidate unique pairs for (FF, FR, RF, RR): (207, 1339352, 13, 193)
[0000][PE] analyzing insert size distribution for orientation FF...
[0000][PE] (25, 50, 75) percentile: (24, 36, 50)
[0000][PE] low and high boundaries for computing mean and std.dev: (1, 102)
[0000][PE] mean and std.dev: (37.79, 19.75)
[0000][PE] low and high boundaries for proper pairs: (1, 128)
[0000][PE] analyzing insert size distribution for orientation FR...
[0000][PE] (25, 50, 75) percentile: (61, 76, 94)
[0000][PE] low and high boundaries for computing mean and std.dev: (1, 160)
[0000][PE] mean and std.dev: (78.61, 24.60)
[0000][PE] low and high boundaries for proper pairs: (1, 193)
[0000][PE] analyzing insert size distribution for orientation RF...
[0000][PE] (25, 50, 75) percentile: (80, 259, 504)
[0000][PE] low and high boundaries for computing mean and std.dev: (1, 1352)
[0000][PE] mean and std.dev: (232.33, 158.49)
[0000][PE] low and high boundaries for proper pairs: (1, 1776)
[0000][PE] analyzing insert size distribution for orientation RR...
[0000][PE] (25, 50, 75) percentile: (26, 37, 55)
[0000][PE] low and high boundaries for computing mean and std.dev: (1, 113)
[0000][PE] mean and std.dev: (41.79, 22.41)
[0000][PE] low and high boundaries for proper pairs: (1, 142)
[0000][PE] skip orientation FF
[0000][PE] skip orientation RF
[0000][PE] skip orientation RR
[0000] 3. Calling kt_for - worker_sam
	[0000][ M::mem_process_seqs] Processed 4752836 reads in 1147.447 CPU sec, 30.496 real sec
[0000] Calling mem_process_seqs.., task: 3
[0000] 1. Calling kt_for - worker_bwt
[0000] 2. Calling kt_for - worker_aln
[0000] read_chunk: 400000000, work_chunk_size: 0, nseq: 0
[0000] Inferring insert size distribution of PE reads from data, l_pac: 798880421, n: 1847856
[0000][PE] # candidate unique pairs for (FF, FR, RF, RR): (88, 465121, 4, 59)
[0000][PE] analyzing insert size distribution for orientation FF...
[0000][PE] (25, 50, 75) percentile: (31, 41, 53)
[0000][PE] low and high boundaries for computing mean and std.dev: (1, 97)
[0000][PE] mean and std.dev: (40.76, 16.46)
[0000][PE] low and high boundaries for proper pairs: (1, 119)
[0000][PE] analyzing insert size distribution for orientation FR...
[0000][PE] (25, 50, 75) percentile: (61, 76, 94)
[0000][PE] low and high boundaries for computing mean and std.dev: (1, 160)
[0000][PE] mean and std.dev: (78.63, 24.63)
[0000][PE] low and high boundaries for proper pairs: (1, 193)
[0000][PE] skip orientation RF as there are not enough pairs
[0000][PE] analyzing insert size distribution for orientation RR...
[0000][PE] (25, 50, 75) percentile: (28, 38, 56)
[0000][PE] low and high boundaries for computing mean and std.dev: (1, 112)
[0000][PE] mean and std.dev: (42.05, 22.17)
[0000][PE] low and high boundaries for proper pairs: (1, 140)
[0000][PE] skip orientation FF
[0000][PE] skip orientation RR
[0000] 3. Calling kt_for - worker_sam
	[0000][ M::mem_process_seqs] Processed 1847856 reads in 440.565 CPU sec, 12.472 real sec
[0000] read_chunk: 400000000, work_chunk_size: 0, nseq: 0
[0000] Computation ends..
No. of OMP threads: 40
Processor is running @2394.691864 MHz
Runtime profile:

	Time taken for main_mem function: 153.58 sec

	IO times (sec) :
	Reading IO time (reads) avg: 38.92, (38.92, 38.92)
	Writing IO time (SAM) avg: 26.26, (26.26, 26.26)
	Reading IO time (Reference Genome) avg: 1.26, (1.26, 1.26)
	Index read time avg: 0.40, (0.40, 0.40)

	Overall time (sec) (Excluding Index reading time):
	PROCESS() (Total compute time + (read + SAM) IO time) : 151.71
	MEM_PROCESS_SEQ() (Total compute time (Kernel + SAM)), avg: 100.78, (100.78, 100.78)

	 SAM Processing time (sec):
	--WORKER_SAM avg: 25.35, (25.35, 25.35)

	Kernels' compute time (sec):
	Total kernel (smem+sal+bsw) time avg: 74.09, (74.09, 74.09)
		MEM_ALN_CHAIN_FLT avg: 0.00, (0.00, 0.00)
		MEM_ALN_CHAIN_SEED avg: 0.00, (0.00, 0.00)
		ERT_SEED_CHAIN avg: 0.00, (0.00, 0.00)
	LEARNED_SEED_CHAIN avg: 31.92, (32.31, 31.81)
		SMEM compute avg: 0.00, (0.00, 0.00)
		SAL compute avg: 0.00, (0.00, 0.00)
				MEM_SA avg: 0.00, (0.00, 0.00)

		BSW time, avg: 38.77, (38.93, 38.55)

Important parameter settings: 
	BATCH_SIZE: 512
	MAX_SEQ_LEN_REF: 256
	MAX_SEQ_LEN_QER: 128
	MAX_SEQ_LEN8: 128
	SEEDS_PER_READ: 500
	SIMD_WIDTH8 X: 64
	SIMD_WIDTH16 X: 32
	AVG_SEEDS_PER_READ: 64
