Looking to launch executable "/opt/conda/bin/bwa-meme_mode3.avx512bw", simd = _mode3.avx512bw
Launching executable "/opt/conda/bin/bwa-meme_mode3.avx512bw"
-----------------------------
Executing in AVX512 mode!!
-----------------------------
* SA compression enabled with xfactor: 8
* Ref file: reference.denovoSSL.Sin.fasta
* Entering FMI_search
Reading other elements of the index from files reference.denovoSSL.Sin.fasta
* Index prefix: reference.denovoSSL.Sin.fasta
* Read 0 ALT contigs
* Reading reference genome..
* Binary seq file = reference.denovoSSL.Sin.fasta.0123
* Reference genome size: 1597760842 bp
* Done reading reference genome !!

------------------------------------------
1. Memory pre-allocation for Chaining: 5679.4903 MB
2. Memory pre-allocation for BSW: 9584.6810 MB
[M::memoryAllocLearned::MEME] Reading Learned-index models into memory
[Learned-Config] MODE:3 SEARCH_METHOD: 1 MEM_TRADEOFF:1 EXPONENTIAL_SMEMSEARCH: 1 DEBUG_MODE:0 Num 2nd Models:268435456 PWL Bits Used:28
[M::memoryAllocLearned::MEME] Loading RMI model and Pac reference file took 12.338 sec
[M::memoryAllocLearned::MEME] Reading suffix array into memory
[M::memoryAllocLearned::MEME] Loading pos_packed file took 16.478 sec
[M::memoryAllocLearned::MEME] Generating SA, 64-bit Suffix and ISA in memory
[M::memoryAllocLearned::MEME] Runtime-build-index took 17.525 sec
3. Memory pre-allocation for BWT: 8632.1949 MB
------------------------------------------
* Threads used (compute): 40
* No. of pipeline threads: 2

[0000] read_chunk: 400000000, work_chunk_size: 400000015, nseq: 4977328
	[0000][ M::kt_pipeline] read 4977328 sequences (400000015 bp)...
[0000] Reallocating initial memory allocations!!
[0000] Calling mem_process_seqs.., task: 0
[0000] 1. Calling kt_for - worker_bwt
[0000] 2. Calling kt_for - worker_aln
[0000] read_chunk: 400000000, work_chunk_size: 400000087, nseq: 5015666
	[0000][ M::kt_pipeline] read 5015666 sequences (400000087 bp)...
[0000] Inferring insert size distribution of PE reads from data, l_pac: 798880421, n: 4977328
[0000][PE] # candidate unique pairs for (FF, FR, RF, RR): (171, 1578271, 15, 178)
[0000][PE] analyzing insert size distribution for orientation FF...
[0000][PE] (25, 50, 75) percentile: (26, 36, 51)
[0000][PE] low and high boundaries for computing mean and std.dev: (1, 101)
[0000][PE] mean and std.dev: (38.75, 18.70)
[0000][PE] low and high boundaries for proper pairs: (1, 126)
[0000][PE] analyzing insert size distribution for orientation FR...
[0000][PE] (25, 50, 75) percentile: (59, 74, 90)
[0000][PE] low and high boundaries for computing mean and std.dev: (1, 152)
[0000][PE] mean and std.dev: (75.83, 23.25)
[0000][PE] low and high boundaries for proper pairs: (1, 183)
[0000][PE] analyzing insert size distribution for orientation RF...
[0000][PE] (25, 50, 75) percentile: (190, 243, 445)
[0000][PE] low and high boundaries for computing mean and std.dev: (1, 955)
[0000][PE] mean and std.dev: (249.85, 173.41)
[0000][PE] low and high boundaries for proper pairs: (1, 1210)
[0000][PE] analyzing insert size distribution for orientation RR...
[0000][PE] (25, 50, 75) percentile: (24, 33, 50)
[0000][PE] low and high boundaries for computing mean and std.dev: (1, 102)
[0000][PE] mean and std.dev: (38.36, 20.46)
[0000][PE] low and high boundaries for proper pairs: (1, 128)
[0000][PE] skip orientation FF
[0000][PE] skip orientation RF
[0000][PE] skip orientation RR
[0000] 3. Calling kt_for - worker_sam
	[0000][ M::mem_process_seqs] Processed 4977328 reads in 916.201 CPU sec, 23.870 real sec
[0000] Reallocating initial memory allocations!!
[0000] Calling mem_process_seqs.., task: 1
[0000] 1. Calling kt_for - worker_bwt
[0000] 2. Calling kt_for - worker_aln
[0000] read_chunk: 400000000, work_chunk_size: 400000123, nseq: 4861088
	[0000][ M::kt_pipeline] read 4861088 sequences (400000123 bp)...
[0000] Inferring insert size distribution of PE reads from data, l_pac: 798880421, n: 5015666
[0000][PE] # candidate unique pairs for (FF, FR, RF, RR): (169, 1600001, 20, 180)
[0000][PE] analyzing insert size distribution for orientation FF...
[0000][PE] (25, 50, 75) percentile: (23, 33, 50)
[0000][PE] low and high boundaries for computing mean and std.dev: (1, 104)
[0000][PE] mean and std.dev: (36.99, 21.69)
[0000][PE] low and high boundaries for proper pairs: (1, 131)
[0000][PE] analyzing insert size distribution for orientation FR...
[0000][PE] (25, 50, 75) percentile: (59, 74, 90)
[0000][PE] low and high boundaries for computing mean and std.dev: (1, 152)
[0000][PE] mean and std.dev: (75.81, 23.24)
[0000][PE] low and high boundaries for proper pairs: (1, 183)
[0000][PE] analyzing insert size distribution for orientation RF...
[0000][PE] (25, 50, 75) percentile: (154, 219, 653)
[0000][PE] low and high boundaries for computing mean and std.dev: (1, 1651)
[0000][PE] mean and std.dev: (378.21, 388.70)
[0000][PE] low and high boundaries for proper pairs: (1, 2150)
[0000][PE] analyzing insert size distribution for orientation RR...
[0000][PE] (25, 50, 75) percentile: (24, 35, 47)
[0000][PE] low and high boundaries for computing mean and std.dev: (1, 93)
[0000][PE] mean and std.dev: (35.58, 16.15)
[0000][PE] low and high boundaries for proper pairs: (1, 116)
[0000][PE] skip orientation FF
[0000][PE] skip orientation RF
[0000][PE] skip orientation RR
[0000] 3. Calling kt_for - worker_sam
	[0000][ M::mem_process_seqs] Processed 5015666 reads in 920.429 CPU sec, 24.374 real sec
[0000] Calling mem_process_seqs.., task: 2
[0000] 1. Calling kt_for - worker_bwt
[0000] 2. Calling kt_for - worker_aln
[0000] read_chunk: 400000000, work_chunk_size: 400000056, nseq: 4977788
	[0000][ M::kt_pipeline] read 4977788 sequences (400000056 bp)...
[0000] Inferring insert size distribution of PE reads from data, l_pac: 798880421, n: 4861088
[0000][PE] # candidate unique pairs for (FF, FR, RF, RR): (122, 1354598, 13, 141)
[0000][PE] analyzing insert size distribution for orientation FF...
[0000][PE] (25, 50, 75) percentile: (20, 34, 45)
[0000][PE] low and high boundaries for computing mean and std.dev: (1, 95)
[0000][PE] mean and std.dev: (34.93, 19.25)
[0000][PE] low and high boundaries for proper pairs: (1, 120)
[0000][PE] analyzing insert size distribution for orientation FR...
[0000][PE] (25, 50, 75) percentile: (59, 74, 91)
[0000][PE] low and high boundaries for computing mean and std.dev: (1, 155)
[0000][PE] mean and std.dev: (76.01, 23.42)
[0000][PE] low and high boundaries for proper pairs: (1, 187)
[0000][PE] analyzing insert size distribution for orientation RF...
[0000][PE] (25, 50, 75) percentile: (229, 366, 556)
[0000][PE] low and high boundaries for computing mean and std.dev: (1, 1210)
[0000][PE] mean and std.dev: (405.00, 241.74)
[0000][PE] low and high boundaries for proper pairs: (1, 1537)
[0000][PE] analyzing insert size distribution for orientation RR...
[0000][PE] (25, 50, 75) percentile: (27, 36, 55)
[0000][PE] low and high boundaries for computing mean and std.dev: (1, 111)
[0000][PE] mean and std.dev: (39.02, 18.83)
[0000][PE] low and high boundaries for proper pairs: (1, 139)
[0000][PE] skip orientation FF
[0000][PE] skip orientation RF
[0000][PE] skip orientation RR
[0000] 3. Calling kt_for - worker_sam
	[0000][ M::mem_process_seqs] Processed 4861088 reads in 1130.505 CPU sec, 29.819 real sec
[0000] Calling mem_process_seqs.., task: 3
[0000] 1. Calling kt_for - worker_bwt
[0000] 2. Calling kt_for - worker_aln
[0000] Inferring insert size distribution of PE reads from data, l_pac: 798880421, n: 4977788
[0000][PE] # candidate unique pairs for (FF, FR, RF, RR): (165, 1556485, 17, 147)
[0000][PE] analyzing insert size distribution for orientation FF...
[0000][PE] (25, 50, 75) percentile: (23, 34, 48)
[0000][PE] low and high boundaries for computing mean and std.dev: (1, 98)
[0000][PE] mean and std.dev: (36.80, 19.21)
[0000][PE] low and high boundaries for proper pairs: (1, 123)
[0000][PE] analyzing insert size distribution for orientation FR...
[0000][PE] (25, 50, 75) percentile: (59, 74, 90)
[0000][PE] low and high boundaries for computing mean and std.dev: (1, 152)
[0000][PE] mean and std.dev: (75.79, 23.22)
[0000][PE] low and high boundaries for proper pairs: (1, 183)
[0000][PE] analyzing insert size distribution for orientation RF...
[0000][PE] (25, 50, 75) percentile: (79, 159, 576)
[0000][PE] low and high boundaries for computing mean and std.dev: (1, 1570)
[0000][PE] mean and std.dev: (253.67, 322.12)
[0000][PE] low and high boundaries for proper pairs: (1, 2067)
[0000][PE] analyzing insert size distribution for orientation RR...
[0000][PE] (25, 50, 75) percentile: (24, 30, 41)
[0000][PE] low and high boundaries for computing mean and std.dev: (1, 75)
[0000][PE] mean and std.dev: (31.17, 13.42)
[0000][PE] low and high boundaries for proper pairs: (1, 92)
[0000][PE] skip orientation FF
[0000][PE] skip orientation RF
[0000][PE] skip orientation RR
[0000] 3. Calling kt_for - worker_sam
[0000] read_chunk: 400000000, work_chunk_size: 400000038, nseq: 4939860
	[0000][ M::kt_pipeline] read 4939860 sequences (400000038 bp)...
	[0000][ M::mem_process_seqs] Processed 4977788 reads in 1005.439 CPU sec, 26.859 real sec
[0000] Calling mem_process_seqs.., task: 4
[0000] 1. Calling kt_for - worker_bwt
[0000] 2. Calling kt_for - worker_aln
[0000] read_chunk: 400000000, work_chunk_size: 81197125, nseq: 1011156
	[0000][ M::kt_pipeline] read 1011156 sequences (81197125 bp)...
[0000] Inferring insert size distribution of PE reads from data, l_pac: 798880421, n: 4939860
[0000][PE] # candidate unique pairs for (FF, FR, RF, RR): (149, 1440782, 5, 148)
[0000][PE] analyzing insert size distribution for orientation FF...
[0000][PE] (25, 50, 75) percentile: (24, 35, 48)
[0000][PE] low and high boundaries for computing mean and std.dev: (1, 96)
[0000][PE] mean and std.dev: (36.68, 19.04)
[0000][PE] low and high boundaries for proper pairs: (1, 120)
[0000][PE] analyzing insert size distribution for orientation FR...
[0000][PE] (25, 50, 75) percentile: (59, 74, 90)
[0000][PE] low and high boundaries for computing mean and std.dev: (1, 152)
[0000][PE] mean and std.dev: (75.81, 23.24)
[0000][PE] low and high boundaries for proper pairs: (1, 183)
[0000][PE] skip orientation RF as there are not enough pairs
[0000][PE] analyzing insert size distribution for orientation RR...
[0000][PE] (25, 50, 75) percentile: (24, 32, 42)
[0000][PE] low and high boundaries for computing mean and std.dev: (1, 78)
[0000][PE] mean and std.dev: (32.83, 14.73)
[0000][PE] low and high boundaries for proper pairs: (1, 96)
[0000][PE] skip orientation FF
[0000][PE] skip orientation RR
[0000] 3. Calling kt_for - worker_sam
	[0000][ M::mem_process_seqs] Processed 4939860 reads in 1035.237 CPU sec, 27.478 real sec
[0000] Calling mem_process_seqs.., task: 5
[0000] 1. Calling kt_for - worker_bwt
[0000] 2. Calling kt_for - worker_aln
[0000] Inferring insert size distribution of PE reads from data, l_pac: 798880421, n: 1011156
[0000][PE] # candidate unique pairs for (FF, FR, RF, RR): (22, 320302, 4, 19)
[0000][PE] analyzing insert size distribution for orientation FF...
[0000][PE] (25, 50, 75) percentile: (23, 30, 47)
[0000][PE] low and high boundaries for computing mean and std.dev: (1, 95)
[0000][PE] mean and std.dev: (35.43, 17.54)
[0000][PE] low and high boundaries for proper pairs: (1, 119)
[0000][PE] analyzing insert size distribution for orientation FR...
[0000][PE] (25, 50, 75) percentile: (59, 74, 90)
[0000][PE] low and high boundaries for computing mean and std.dev: (1, 152)
[0000][PE] mean and std.dev: (75.74, 23.23)
[0000][PE] low and high boundaries for proper pairs: (1, 183)
[0000][PE] skip orientation RF as there are not enough pairs
[0000][PE] analyzing insert size distribution for orientation RR...
[0000][PE] (25, 50, 75) percentile: (31, 37, 55)
[0000][PE] low and high boundaries for computing mean and std.dev: (1, 103)
[0000][PE] mean and std.dev: (44.95, 21.14)
[0000][PE] low and high boundaries for proper pairs: (1, 130)
[0000][PE] skip orientation FF
[0000][PE] skip orientation RR
[0000] 3. Calling kt_for - worker_sam
[0000] read_chunk: 400000000, work_chunk_size: 0, nseq: 0
	[0000][ M::mem_process_seqs] Processed 1011156 reads in 190.890 CPU sec, 6.458 real sec
[0000] read_chunk: 400000000, work_chunk_size: 0, nseq: 0
[0000] Computation ends..
No. of OMP threads: 40
Processor is running @2394.714876 MHz
Runtime profile:

	Time taken for main_mem function: 193.30 sec

	IO times (sec) :
	Reading IO time (reads) avg: 60.87, (60.87, 60.87)
	Writing IO time (SAM) avg: 36.94, (36.94, 36.94)
	Reading IO time (Reference Genome) avg: 1.09, (1.09, 1.09)
	Index read time avg: 0.39, (0.39, 0.39)

	Overall time (sec) (Excluding Index reading time):
	PROCESS() (Total compute time + (read + SAM) IO time) : 191.61
	MEM_PROCESS_SEQ() (Total compute time (Kernel + SAM)), avg: 138.84, (138.84, 138.84)

	 SAM Processing time (sec):
	--WORKER_SAM avg: 35.96, (35.96, 35.96)

	Kernels' compute time (sec):
	Total kernel (smem+sal+bsw) time avg: 100.61, (100.61, 100.61)
		MEM_ALN_CHAIN_FLT avg: 0.00, (0.00, 0.00)
		MEM_ALN_CHAIN_SEED avg: 0.00, (0.00, 0.00)
		ERT_SEED_CHAIN avg: 0.00, (0.00, 0.00)
	LEARNED_SEED_CHAIN avg: 42.51, (42.72, 42.34)
		SMEM compute avg: 0.00, (0.00, 0.00)
		SAL compute avg: 0.00, (0.00, 0.00)
				MEM_SA avg: 0.00, (0.00, 0.00)

		BSW time, avg: 53.10, (53.53, 52.75)

Important parameter settings: 
	BATCH_SIZE: 512
	MAX_SEQ_LEN_REF: 256
	MAX_SEQ_LEN_QER: 128
	MAX_SEQ_LEN8: 128
	SEEDS_PER_READ: 500
	SIMD_WIDTH8 X: 64
	SIMD_WIDTH16 X: 32
	AVG_SEEDS_PER_READ: 64
