Looking to launch executable "/opt/conda/bin/bwa-meme_mode3.avx512bw", simd = _mode3.avx512bw
Launching executable "/opt/conda/bin/bwa-meme_mode3.avx512bw"
-----------------------------
Executing in AVX512 mode!!
-----------------------------
* SA compression enabled with xfactor: 8
* Ref file: reference.denovoSSL.Sin.fasta
* Entering FMI_search
Reading other elements of the index from files reference.denovoSSL.Sin.fasta
* Index prefix: reference.denovoSSL.Sin.fasta
* Read 0 ALT contigs
* Reading reference genome..
* Binary seq file = reference.denovoSSL.Sin.fasta.0123
* Reference genome size: 1597760842 bp
* Done reading reference genome !!

------------------------------------------
1. Memory pre-allocation for Chaining: 5679.4903 MB
2. Memory pre-allocation for BSW: 9584.6810 MB
[M::memoryAllocLearned::MEME] Reading Learned-index models into memory
[Learned-Config] MODE:3 SEARCH_METHOD: 1 MEM_TRADEOFF:1 EXPONENTIAL_SMEMSEARCH: 1 DEBUG_MODE:0 Num 2nd Models:268435456 PWL Bits Used:28
[M::memoryAllocLearned::MEME] Loading RMI model and Pac reference file took 12.263 sec
[M::memoryAllocLearned::MEME] Reading suffix array into memory
[M::memoryAllocLearned::MEME] Loading pos_packed file took 16.307 sec
[M::memoryAllocLearned::MEME] Generating SA, 64-bit Suffix and ISA in memory
[M::memoryAllocLearned::MEME] Runtime-build-index took 17.526 sec
3. Memory pre-allocation for BWT: 8632.1949 MB
------------------------------------------
* Threads used (compute): 40
* No. of pipeline threads: 2

[0000] read_chunk: 400000000, work_chunk_size: 400000019, nseq: 4763210
	[0000][ M::kt_pipeline] read 4763210 sequences (400000019 bp)...
[0000] Reallocating initial memory allocations!!
[0000] Calling mem_process_seqs.., task: 0
[0000] 1. Calling kt_for - worker_bwt
[0000] 2. Calling kt_for - worker_aln
[0000] read_chunk: 400000000, work_chunk_size: 400000177, nseq: 4710714
	[0000][ M::kt_pipeline] read 4710714 sequences (400000177 bp)...
[0000] Inferring insert size distribution of PE reads from data, l_pac: 798880421, n: 4763210
[0000][PE] # candidate unique pairs for (FF, FR, RF, RR): (257, 1371885, 14, 228)
[0000][PE] analyzing insert size distribution for orientation FF...
[0000][PE] (25, 50, 75) percentile: (26, 37, 53)
[0000][PE] low and high boundaries for computing mean and std.dev: (1, 107)
[0000][PE] mean and std.dev: (40.07, 21.84)
[0000][PE] low and high boundaries for proper pairs: (1, 134)
[0000][PE] analyzing insert size distribution for orientation FR...
[0000][PE] (25, 50, 75) percentile: (60, 76, 94)
[0000][PE] low and high boundaries for computing mean and std.dev: (1, 162)
[0000][PE] mean and std.dev: (78.29, 25.36)
[0000][PE] low and high boundaries for proper pairs: (1, 196)
[0000][PE] analyzing insert size distribution for orientation RF...
[0000][PE] (25, 50, 75) percentile: (45, 118, 265)
[0000][PE] low and high boundaries for computing mean and std.dev: (1, 705)
[0000][PE] mean and std.dev: (167.00, 185.24)
[0000][PE] low and high boundaries for proper pairs: (1, 925)
[0000][PE] analyzing insert size distribution for orientation RR...
[0000][PE] (25, 50, 75) percentile: (27, 39, 57)
[0000][PE] low and high boundaries for computing mean and std.dev: (1, 117)
[0000][PE] mean and std.dev: (42.87, 21.77)
[0000][PE] low and high boundaries for proper pairs: (1, 147)
[0000][PE] skip orientation FF
[0000][PE] skip orientation RF
[0000][PE] skip orientation RR
[0000] 3. Calling kt_for - worker_sam
	[0000][ M::mem_process_seqs] Processed 4763210 reads in 1115.550 CPU sec, 28.747 real sec
[0000] Calling mem_process_seqs.., task: 1
[0000] 1. Calling kt_for - worker_bwt
[0000] 2. Calling kt_for - worker_aln
[0000] read_chunk: 400000000, work_chunk_size: 400000140, nseq: 4714224
	[0000][ M::kt_pipeline] read 4714224 sequences (400000140 bp)...
[0000] Inferring insert size distribution of PE reads from data, l_pac: 798880421, n: 4710714
[0000][PE] # candidate unique pairs for (FF, FR, RF, RR): (205, 1268502, 9, 221)
[0000][PE] analyzing insert size distribution for orientation FF...
[0000][PE] (25, 50, 75) percentile: (25, 35, 50)
[0000][PE] low and high boundaries for computing mean and std.dev: (1, 100)
[0000][PE] mean and std.dev: (38.88, 21.04)
[0000][PE] low and high boundaries for proper pairs: (1, 125)
[0000][PE] analyzing insert size distribution for orientation FR...
[0000][PE] (25, 50, 75) percentile: (60, 76, 94)
[0000][PE] low and high boundaries for computing mean and std.dev: (1, 162)
[0000][PE] mean and std.dev: (78.33, 25.39)
[0000][PE] low and high boundaries for proper pairs: (1, 196)
[0000][PE] skip orientation RF as there are not enough pairs
[0000][PE] analyzing insert size distribution for orientation RR...
[0000][PE] (25, 50, 75) percentile: (29, 38, 54)
[0000][PE] low and high boundaries for computing mean and std.dev: (1, 104)
[0000][PE] mean and std.dev: (42.64, 21.57)
[0000][PE] low and high boundaries for proper pairs: (1, 129)
[0000][PE] skip orientation FF
[0000][PE] skip orientation RR
[0000] 3. Calling kt_for - worker_sam
	[0000][ M::mem_process_seqs] Processed 4710714 reads in 1173.606 CPU sec, 30.988 real sec
[0000] Calling mem_process_seqs.., task: 2
[0000] 1. Calling kt_for - worker_bwt
[0000] 2. Calling kt_for - worker_aln
[0000] read_chunk: 400000000, work_chunk_size: 400000050, nseq: 4500030
	[0000][ M::kt_pipeline] read 4500030 sequences (400000050 bp)...
[0000] Inferring insert size distribution of PE reads from data, l_pac: 798880421, n: 4714224
[0000][PE] # candidate unique pairs for (FF, FR, RF, RR): (224, 1264197, 9, 212)
[0000][PE] analyzing insert size distribution for orientation FF...
[0000][PE] (25, 50, 75) percentile: (26, 36, 54)
[0000][PE] low and high boundaries for computing mean and std.dev: (1, 110)
[0000][PE] mean and std.dev: (40.95, 22.00)
[0000][PE] low and high boundaries for proper pairs: (1, 138)
[0000][PE] analyzing insert size distribution for orientation FR...
[0000][PE] (25, 50, 75) percentile: (60, 76, 94)
[0000][PE] low and high boundaries for computing mean and std.dev: (1, 162)
[0000][PE] mean and std.dev: (78.35, 25.38)
[0000][PE] low and high boundaries for proper pairs: (1, 196)
[0000][PE] skip orientation RF as there are not enough pairs
[0000][PE] analyzing insert size distribution for orientation RR...
[0000][PE] (25, 50, 75) percentile: (26, 41, 59)
[0000][PE] low and high boundaries for computing mean and std.dev: (1, 125)
[0000][PE] mean and std.dev: (45.48, 25.22)
[0000][PE] low and high boundaries for proper pairs: (1, 158)
[0000][PE] skip orientation FF
[0000][PE] skip orientation RR
[0000] 3. Calling kt_for - worker_sam
	[0000][ M::mem_process_seqs] Processed 4714224 reads in 1225.595 CPU sec, 32.201 real sec
[0000] Calling mem_process_seqs.., task: 3
[0000] 1. Calling kt_for - worker_bwt
[0000] 2. Calling kt_for - worker_aln
[0000] read_chunk: 400000000, work_chunk_size: 400000014, nseq: 4702122
	[0000][ M::kt_pipeline] read 4702122 sequences (400000014 bp)...
[0000] Inferring insert size distribution of PE reads from data, l_pac: 798880421, n: 4500030
[0000][PE] # candidate unique pairs for (FF, FR, RF, RR): (175, 964163, 12, 173)
[0000][PE] analyzing insert size distribution for orientation FF...
[0000][PE] (25, 50, 75) percentile: (27, 37, 51)
[0000][PE] low and high boundaries for computing mean and std.dev: (1, 99)
[0000][PE] mean and std.dev: (39.23, 19.35)
[0000][PE] low and high boundaries for proper pairs: (1, 123)
[0000][PE] analyzing insert size distribution for orientation FR...
[0000][PE] (25, 50, 75) percentile: (60, 76, 94)
[0000][PE] low and high boundaries for computing mean and std.dev: (1, 162)
[0000][PE] mean and std.dev: (78.47, 25.37)
[0000][PE] low and high boundaries for proper pairs: (1, 196)
[0000][PE] analyzing insert size distribution for orientation RF...
[0000][PE] (25, 50, 75) percentile: (97, 171, 232)
[0000][PE] low and high boundaries for computing mean and std.dev: (1, 502)
[0000][PE] mean and std.dev: (152.27, 89.35)
[0000][PE] low and high boundaries for proper pairs: (1, 637)
[0000][PE] analyzing insert size distribution for orientation RR...
[0000][PE] (25, 50, 75) percentile: (26, 39, 65)
[0000][PE] low and high boundaries for computing mean and std.dev: (1, 143)
[0000][PE] mean and std.dev: (45.76, 26.07)
[0000][PE] low and high boundaries for proper pairs: (1, 182)
[0000][PE] skip orientation FF
[0000][PE] skip orientation RF
[0000][PE] skip orientation RR
[0000] 3. Calling kt_for - worker_sam
	[0000][ M::mem_process_seqs] Processed 4500030 reads in 1418.340 CPU sec, 37.140 real sec
[0000] Calling mem_process_seqs.., task: 4
[0000] 1. Calling kt_for - worker_bwt
[0000] 2. Calling kt_for - worker_aln
[0000] read_chunk: 400000000, work_chunk_size: 400000237, nseq: 4708962
	[0000][ M::kt_pipeline] read 4708962 sequences (400000237 bp)...
[0000] Inferring insert size distribution of PE reads from data, l_pac: 798880421, n: 4702122
[0000][PE] # candidate unique pairs for (FF, FR, RF, RR): (242, 1273546, 18, 215)
[0000][PE] analyzing insert size distribution for orientation FF...
[0000][PE] (25, 50, 75) percentile: (27, 37, 56)
[0000][PE] low and high boundaries for computing mean and std.dev: (1, 114)
[0000][PE] mean and std.dev: (41.66, 21.55)
[0000][PE] low and high boundaries for proper pairs: (1, 143)
[0000][PE] analyzing insert size distribution for orientation FR...
[0000][PE] (25, 50, 75) percentile: (60, 76, 94)
[0000][PE] low and high boundaries for computing mean and std.dev: (1, 162)
[0000][PE] mean and std.dev: (78.34, 25.37)
[0000][PE] low and high boundaries for proper pairs: (1, 196)
[0000][PE] analyzing insert size distribution for orientation RF...
[0000][PE] (25, 50, 75) percentile: (165, 347, 703)
[0000][PE] low and high boundaries for computing mean and std.dev: (1, 1779)
[0000][PE] mean and std.dev: (419.18, 357.33)
[0000][PE] low and high boundaries for proper pairs: (1, 2317)
[0000][PE] analyzing insert size distribution for orientation RR...
[0000][PE] (25, 50, 75) percentile: (28, 37, 51)
[0000][PE] low and high boundaries for computing mean and std.dev: (1, 97)
[0000][PE] mean and std.dev: (39.06, 17.91)
[0000][PE] low and high boundaries for proper pairs: (1, 120)
[0000][PE] skip orientation FF
[0000][PE] skip orientation RF
[0000][PE] skip orientation RR
[0000] 3. Calling kt_for - worker_sam
	[0000][ M::mem_process_seqs] Processed 4702122 reads in 1276.177 CPU sec, 33.886 real sec
[0000] Calling mem_process_seqs.., task: 5
[0000] 1. Calling kt_for - worker_bwt
[0000] 2. Calling kt_for - worker_aln
[0000] read_chunk: 400000000, work_chunk_size: 261087304, nseq: 3030362
	[0000][ M::kt_pipeline] read 3030362 sequences (261087304 bp)...
[0000] Inferring insert size distribution of PE reads from data, l_pac: 798880421, n: 4708962
[0000][PE] # candidate unique pairs for (FF, FR, RF, RR): (229, 1264082, 7, 225)
[0000][PE] analyzing insert size distribution for orientation FF...
[0000][PE] (25, 50, 75) percentile: (27, 37, 55)
[0000][PE] low and high boundaries for computing mean and std.dev: (1, 111)
[0000][PE] mean and std.dev: (41.41, 20.82)
[0000][PE] low and high boundaries for proper pairs: (1, 139)
[0000][PE] analyzing insert size distribution for orientation FR...
[0000][PE] (25, 50, 75) percentile: (60, 76, 94)
[0000][PE] low and high boundaries for computing mean and std.dev: (1, 162)
[0000][PE] mean and std.dev: (78.32, 25.34)
[0000][PE] low and high boundaries for proper pairs: (1, 196)
[0000][PE] skip orientation RF as there are not enough pairs
[0000][PE] analyzing insert size distribution for orientation RR...
[0000][PE] (25, 50, 75) percentile: (26, 39, 55)
[0000][PE] low and high boundaries for computing mean and std.dev: (1, 113)
[0000][PE] mean and std.dev: (41.82, 21.28)
[0000][PE] low and high boundaries for proper pairs: (1, 142)
[0000][PE] skip orientation FF
[0000][PE] skip orientation RR
[0000] 3. Calling kt_for - worker_sam
	[0000][ M::mem_process_seqs] Processed 4708962 reads in 1242.498 CPU sec, 33.146 real sec
[0000] Calling mem_process_seqs.., task: 6
[0000] 1. Calling kt_for - worker_bwt
[0000] 2. Calling kt_for - worker_aln
[0000] read_chunk: 400000000, work_chunk_size: 0, nseq: 0
[0000] Inferring insert size distribution of PE reads from data, l_pac: 798880421, n: 3030362
[0000][PE] # candidate unique pairs for (FF, FR, RF, RR): (142, 698156, 2, 129)
[0000][PE] analyzing insert size distribution for orientation FF...
[0000][PE] (25, 50, 75) percentile: (27, 40, 55)
[0000][PE] low and high boundaries for computing mean and std.dev: (1, 111)
[0000][PE] mean and std.dev: (42.98, 22.37)
[0000][PE] low and high boundaries for proper pairs: (1, 139)
[0000][PE] analyzing insert size distribution for orientation FR...
[0000][PE] (25, 50, 75) percentile: (60, 76, 94)
[0000][PE] low and high boundaries for computing mean and std.dev: (1, 162)
[0000][PE] mean and std.dev: (78.42, 25.38)
[0000][PE] low and high boundaries for proper pairs: (1, 196)
[0000][PE] skip orientation RF as there are not enough pairs
[0000][PE] analyzing insert size distribution for orientation RR...
[0000][PE] (25, 50, 75) percentile: (28, 42, 62)
[0000][PE] low and high boundaries for computing mean and std.dev: (1, 130)
[0000][PE] mean and std.dev: (43.97, 21.83)
[0000][PE] low and high boundaries for proper pairs: (1, 164)
[0000][PE] skip orientation FF
[0000][PE] skip orientation RR
[0000] 3. Calling kt_for - worker_sam
	[0000][ M::mem_process_seqs] Processed 3030362 reads in 805.203 CPU sec, 21.998 real sec
[0000] read_chunk: 400000000, work_chunk_size: 0, nseq: 0
[0000] Computation ends..
No. of OMP threads: 40
Processor is running @2394.713392 MHz
Runtime profile:

	Time taken for main_mem function: 271.92 sec

	IO times (sec) :
	Reading IO time (reads) avg: 77.66, (77.66, 77.66)
	Writing IO time (SAM) avg: 52.96, (52.96, 52.96)
	Reading IO time (Reference Genome) avg: 1.03, (1.03, 1.03)
	Index read time avg: 0.40, (0.40, 0.40)

	Overall time (sec) (Excluding Index reading time):
	PROCESS() (Total compute time + (read + SAM) IO time) : 270.28
	MEM_PROCESS_SEQ() (Total compute time (Kernel + SAM)), avg: 218.08, (218.08, 218.08)

	 SAM Processing time (sec):
	--WORKER_SAM avg: 55.64, (55.64, 55.64)

	Kernels' compute time (sec):
	Total kernel (smem+sal+bsw) time avg: 159.84, (159.84, 159.84)
		MEM_ALN_CHAIN_FLT avg: 0.00, (0.00, 0.00)
		MEM_ALN_CHAIN_SEED avg: 0.00, (0.00, 0.00)
		ERT_SEED_CHAIN avg: 0.00, (0.00, 0.00)
	LEARNED_SEED_CHAIN avg: 66.56, (66.87, 66.38)
		SMEM compute avg: 0.00, (0.00, 0.00)
		SAL compute avg: 0.00, (0.00, 0.00)
				MEM_SA avg: 0.00, (0.00, 0.00)

		BSW time, avg: 85.76, (86.23, 85.47)

Important parameter settings: 
	BATCH_SIZE: 512
	MAX_SEQ_LEN_REF: 256
	MAX_SEQ_LEN_QER: 128
	MAX_SEQ_LEN8: 128
	SEEDS_PER_READ: 500
	SIMD_WIDTH8 X: 64
	SIMD_WIDTH16 X: 32
	AVG_SEEDS_PER_READ: 64
