Looking to launch executable "/opt/conda/bin/bwa-meme_mode3.avx512bw", simd = _mode3.avx512bw
Launching executable "/opt/conda/bin/bwa-meme_mode3.avx512bw"
-----------------------------
Executing in AVX512 mode!!
-----------------------------
* SA compression enabled with xfactor: 8
* Ref file: reference.denovoSSL.Sin.fasta
* Entering FMI_search
Reading other elements of the index from files reference.denovoSSL.Sin.fasta
* Index prefix: reference.denovoSSL.Sin.fasta
* Read 0 ALT contigs
* Reading reference genome..
* Binary seq file = reference.denovoSSL.Sin.fasta.0123
* Reference genome size: 1597760842 bp
* Done reading reference genome !!

------------------------------------------
1. Memory pre-allocation for Chaining: 5679.4903 MB
2. Memory pre-allocation for BSW: 9584.6810 MB
[M::memoryAllocLearned::MEME] Reading Learned-index models into memory
[Learned-Config] MODE:3 SEARCH_METHOD: 1 MEM_TRADEOFF:1 EXPONENTIAL_SMEMSEARCH: 1 DEBUG_MODE:0 Num 2nd Models:268435456 PWL Bits Used:28
[M::memoryAllocLearned::MEME] Loading RMI model and Pac reference file took 12.078 sec
[M::memoryAllocLearned::MEME] Reading suffix array into memory
[M::memoryAllocLearned::MEME] Loading pos_packed file took 16.819 sec
[M::memoryAllocLearned::MEME] Generating SA, 64-bit Suffix and ISA in memory
[M::memoryAllocLearned::MEME] Runtime-build-index took 15.161 sec
3. Memory pre-allocation for BWT: 8632.1949 MB
------------------------------------------
* Threads used (compute): 40
* No. of pipeline threads: 2

[0000] read_chunk: 400000000, work_chunk_size: 400000031, nseq: 4968422
	[0000][ M::kt_pipeline] read 4968422 sequences (400000031 bp)...
[0000] Reallocating initial memory allocations!!
[0000] Calling mem_process_seqs.., task: 0
[0000] 1. Calling kt_for - worker_bwt
[0000] 2. Calling kt_for - worker_aln
[0000] read_chunk: 400000000, work_chunk_size: 400000026, nseq: 4969046
	[0000][ M::kt_pipeline] read 4969046 sequences (400000026 bp)...
[0000] Inferring insert size distribution of PE reads from data, l_pac: 798880421, n: 4968422
[0000][PE] # candidate unique pairs for (FF, FR, RF, RR): (208, 1673390, 24, 171)
[0000][PE] analyzing insert size distribution for orientation FF...
[0000][PE] (25, 50, 75) percentile: (28, 38, 54)
[0000][PE] low and high boundaries for computing mean and std.dev: (1, 106)
[0000][PE] mean and std.dev: (40.90, 20.72)
[0000][PE] low and high boundaries for proper pairs: (1, 132)
[0000][PE] analyzing insert size distribution for orientation FR...
[0000][PE] (25, 50, 75) percentile: (59, 75, 94)
[0000][PE] low and high boundaries for computing mean and std.dev: (1, 164)
[0000][PE] mean and std.dev: (77.79, 25.70)
[0000][PE] low and high boundaries for proper pairs: (1, 199)
[0000][PE] analyzing insert size distribution for orientation RF...
[0000][PE] (25, 50, 75) percentile: (72, 227, 654)
[0000][PE] low and high boundaries for computing mean and std.dev: (1, 1818)
[0000][PE] mean and std.dev: (332.36, 380.12)
[0000][PE] low and high boundaries for proper pairs: (1, 2400)
[0000][PE] analyzing insert size distribution for orientation RR...
[0000][PE] (25, 50, 75) percentile: (29, 39, 63)
[0000][PE] low and high boundaries for computing mean and std.dev: (1, 131)
[0000][PE] mean and std.dev: (45.17, 24.91)
[0000][PE] low and high boundaries for proper pairs: (1, 165)
[0000][PE] skip orientation FF
[0000][PE] skip orientation RF
[0000][PE] skip orientation RR
[0000] 3. Calling kt_for - worker_sam
	[0000][ M::mem_process_seqs] Processed 4968422 reads in 792.350 CPU sec, 20.965 real sec
[0000] Reallocating initial memory allocations!!
[0000] Calling mem_process_seqs.., task: 1
[0000] 1. Calling kt_for - worker_bwt
[0000] 2. Calling kt_for - worker_aln
[0000] read_chunk: 400000000, work_chunk_size: 400000034, nseq: 4913956
	[0000][ M::kt_pipeline] read 4913956 sequences (400000034 bp)...
[0000] Inferring insert size distribution of PE reads from data, l_pac: 798880421, n: 4969046
[0000][PE] # candidate unique pairs for (FF, FR, RF, RR): (180, 1667991, 19, 164)
[0000][PE] analyzing insert size distribution for orientation FF...
[0000][PE] (25, 50, 75) percentile: (27, 37, 49)
[0000][PE] low and high boundaries for computing mean and std.dev: (1, 93)
[0000][PE] mean and std.dev: (38.36, 18.37)
[0000][PE] low and high boundaries for proper pairs: (1, 115)
[0000][PE] analyzing insert size distribution for orientation FR...
[0000][PE] (25, 50, 75) percentile: (59, 75, 94)
[0000][PE] low and high boundaries for computing mean and std.dev: (1, 164)
[0000][PE] mean and std.dev: (77.77, 25.74)
[0000][PE] low and high boundaries for proper pairs: (1, 199)
[0000][PE] analyzing insert size distribution for orientation RF...
[0000][PE] (25, 50, 75) percentile: (56, 182, 507)
[0000][PE] low and high boundaries for computing mean and std.dev: (1, 1409)
[0000][PE] mean and std.dev: (260.83, 236.22)
[0000][PE] low and high boundaries for proper pairs: (1, 1860)
[0000][PE] analyzing insert size distribution for orientation RR...
[0000][PE] (25, 50, 75) percentile: (26, 35, 54)
[0000][PE] low and high boundaries for computing mean and std.dev: (1, 110)
[0000][PE] mean and std.dev: (40.42, 20.79)
[0000][PE] low and high boundaries for proper pairs: (1, 138)
[0000][PE] skip orientation FF
[0000][PE] skip orientation RF
[0000][PE] skip orientation RR
[0000] 3. Calling kt_for - worker_sam
	[0000][ M::mem_process_seqs] Processed 4969046 reads in 808.361 CPU sec, 21.140 real sec
[0000] Calling mem_process_seqs.., task: 2
[0000] 1. Calling kt_for - worker_bwt
[0000] 2. Calling kt_for - worker_aln
[0000] Inferring insert size distribution of PE reads from data, l_pac: 798880421, n: 4913956
[0000][PE] # candidate unique pairs for (FF, FR, RF, RR): (166, 1585408, 19, 152)
[0000][PE] analyzing insert size distribution for orientation FF...
[0000][PE] (25, 50, 75) percentile: (27, 42, 61)
[0000][PE] low and high boundaries for computing mean and std.dev: (1, 129)
[0000][PE] mean and std.dev: (44.27, 23.94)
[0000][PE] low and high boundaries for proper pairs: (1, 163)
[0000][PE] analyzing insert size distribution for orientation FR...
[0000][PE] (25, 50, 75) percentile: (59, 75, 94)
[0000][PE] low and high boundaries for computing mean and std.dev: (1, 164)
[0000][PE] mean and std.dev: (77.79, 25.68)
[0000][PE] low and high boundaries for proper pairs: (1, 199)
[0000][PE] analyzing insert size distribution for orientation RF...
[0000][PE] (25, 50, 75) percentile: (95, 209, 331)
[0000][PE] low and high boundaries for computing mean and std.dev: (1, 803)
[0000][PE] mean and std.dev: (209.22, 159.67)
[0000][PE] low and high boundaries for proper pairs: (1, 1039)
[0000][PE] analyzing insert size distribution for orientation RR...
[0000][PE] (25, 50, 75) percentile: (27, 36, 54)
[0000][PE] low and high boundaries for computing mean and std.dev: (1, 108)
[0000][PE] mean and std.dev: (40.47, 21.61)
[0000][PE] low and high boundaries for proper pairs: (1, 135)
[0000][PE] skip orientation FF
[0000][PE] skip orientation RF
[0000][PE] skip orientation RR
[0000] 3. Calling kt_for - worker_sam
[0000] read_chunk: 400000000, work_chunk_size: 400000081, nseq: 4948238
	[0000][ M::kt_pipeline] read 4948238 sequences (400000081 bp)...
	[0000][ M::mem_process_seqs] Processed 4913956 reads in 917.529 CPU sec, 24.409 real sec
[0000] Calling mem_process_seqs.., task: 3
[0000] 1. Calling kt_for - worker_bwt
[0000] 2. Calling kt_for - worker_aln
[0000] Inferring insert size distribution of PE reads from data, l_pac: 798880421, n: 4948238
[0000][PE] # candidate unique pairs for (FF, FR, RF, RR): (166, 1636687, 19, 185)
[0000][PE] analyzing insert size distribution for orientation FF...
[0000][PE] (25, 50, 75) percentile: (24, 41, 54)
[0000][PE] low and high boundaries for computing mean and std.dev: (1, 114)
[0000][PE] mean and std.dev: (40.72, 23.16)
[0000][PE] low and high boundaries for proper pairs: (1, 144)
[0000][PE] analyzing insert size distribution for orientation FR...
[0000][PE] (25, 50, 75) percentile: (59, 75, 94)
[0000][PE] low and high boundaries for computing mean and std.dev: (1, 164)
[0000][PE] mean and std.dev: (77.81, 25.73)
[0000][PE] low and high boundaries for proper pairs: (1, 199)
[0000][PE] analyzing insert size distribution for orientation RF...
[0000][PE] (25, 50, 75) percentile: (44, 106, 272)
[0000][PE] low and high boundaries for computing mean and std.dev: (1, 728)
[0000][PE] mean and std.dev: (179.11, 155.37)
[0000][PE] low and high boundaries for proper pairs: (1, 956)
[0000][PE] analyzing insert size distribution for orientation RR...
[0000][PE] (25, 50, 75) percentile: (25, 33, 50)
[0000][PE] low and high boundaries for computing mean and std.dev: (1, 100)
[0000][PE] mean and std.dev: (37.40, 19.08)
[0000][PE] low and high boundaries for proper pairs: (1, 125)
[0000][PE] skip orientation FF
[0000][PE] skip orientation RF
[0000][PE] skip orientation RR
[0000] 3. Calling kt_for - worker_sam
[0000] read_chunk: 400000000, work_chunk_size: 400000036, nseq: 4732702
	[0000][ M::kt_pipeline] read 4732702 sequences (400000036 bp)...
	[0000][ M::mem_process_seqs] Processed 4948238 reads in 834.823 CPU sec, 22.536 real sec
[0000] Calling mem_process_seqs.., task: 4
[0000] 1. Calling kt_for - worker_bwt
[0000] 2. Calling kt_for - worker_aln
[0000] read_chunk: 400000000, work_chunk_size: 400000069, nseq: 4937808
	[0000][ M::kt_pipeline] read 4937808 sequences (400000069 bp)...
[0000] Inferring insert size distribution of PE reads from data, l_pac: 798880421, n: 4732702
[0000][PE] # candidate unique pairs for (FF, FR, RF, RR): (145, 1286677, 20, 137)
[0000][PE] analyzing insert size distribution for orientation FF...
[0000][PE] (25, 50, 75) percentile: (29, 39, 57)
[0000][PE] low and high boundaries for computing mean and std.dev: (1, 113)
[0000][PE] mean and std.dev: (42.27, 20.81)
[0000][PE] low and high boundaries for proper pairs: (1, 141)
[0000][PE] analyzing insert size distribution for orientation FR...
[0000][PE] (25, 50, 75) percentile: (59, 75, 94)
[0000][PE] low and high boundaries for computing mean and std.dev: (1, 164)
[0000][PE] mean and std.dev: (77.85, 25.71)
[0000][PE] low and high boundaries for proper pairs: (1, 199)
[0000][PE] analyzing insert size distribution for orientation RF...
[0000][PE] (25, 50, 75) percentile: (64, 142, 484)
[0000][PE] low and high boundaries for computing mean and std.dev: (1, 1324)
[0000][PE] mean and std.dev: (281.50, 333.65)
[0000][PE] low and high boundaries for proper pairs: (1, 1744)
[0000][PE] analyzing insert size distribution for orientation RR...
[0000][PE] (25, 50, 75) percentile: (24, 33, 51)
[0000][PE] low and high boundaries for computing mean and std.dev: (1, 105)
[0000][PE] mean and std.dev: (39.56, 21.12)
[0000][PE] low and high boundaries for proper pairs: (1, 132)
[0000][PE] skip orientation FF
[0000][PE] skip orientation RF
[0000][PE] skip orientation RR
[0000] 3. Calling kt_for - worker_sam
	[0000][ M::mem_process_seqs] Processed 4732702 reads in 1125.161 CPU sec, 29.444 real sec
[0000] Calling mem_process_seqs.., task: 5
[0000] 1. Calling kt_for - worker_bwt
[0000] 2. Calling kt_for - worker_aln
[0000] Inferring insert size distribution of PE reads from data, l_pac: 798880421, n: 4937808
[0000][PE] # candidate unique pairs for (FF, FR, RF, RR): (192, 1618162, 22, 164)
[0000][PE] analyzing insert size distribution for orientation FF...
[0000][PE] (25, 50, 75) percentile: (27, 39, 54)
[0000][PE] low and high boundaries for computing mean and std.dev: (1, 108)
[0000][PE] mean and std.dev: (41.65, 22.82)
[0000][PE] low and high boundaries for proper pairs: (1, 135)
[0000][PE] analyzing insert size distribution for orientation FR...
[0000][PE] (25, 50, 75) percentile: (59, 75, 94)
[0000][PE] low and high boundaries for computing mean and std.dev: (1, 164)
[0000][PE] mean and std.dev: (77.79, 25.69)
[0000][PE] low and high boundaries for proper pairs: (1, 199)
[0000][PE] analyzing insert size distribution for orientation RF...
[0000][PE] (25, 50, 75) percentile: (43, 348, 649)
[0000][PE] low and high boundaries for computing mean and std.dev: (1, 1861)
[0000][PE] mean and std.dev: (397.10, 406.35)
[0000][PE] low and high boundaries for proper pairs: (1, 2467)
[0000][PE] analyzing insert size distribution for orientation RR...
[0000][PE] (25, 50, 75) percentile: (27, 38, 59)
[0000][PE] low and high boundaries for computing mean and std.dev: (1, 123)
[0000][PE] mean and std.dev: (42.31, 21.63)
[0000][PE] low and high boundaries for proper pairs: (1, 155)
[0000][PE] skip orientation FF
[0000][PE] skip orientation RF
[0000][PE] skip orientation RR
[0000] 3. Calling kt_for - worker_sam
[0000] read_chunk: 400000000, work_chunk_size: 400000108, nseq: 4945718
	[0000][ M::kt_pipeline] read 4945718 sequences (400000108 bp)...
	[0000][ M::mem_process_seqs] Processed 4937808 reads in 839.844 CPU sec, 22.849 real sec
[0000] Calling mem_process_seqs.., task: 6
[0000] 1. Calling kt_for - worker_bwt
[0000] 2. Calling kt_for - worker_aln
[0000] Inferring insert size distribution of PE reads from data, l_pac: 798880421, n: 4945718
[0000][PE] # candidate unique pairs for (FF, FR, RF, RR): (182, 1622230, 17, 174)
[0000][PE] analyzing insert size distribution for orientation FF...
[0000][PE] (25, 50, 75) percentile: (22, 38, 58)
[0000][PE] low and high boundaries for computing mean and std.dev: (1, 130)
[0000][PE] mean and std.dev: (40.51, 24.19)
[0000][PE] low and high boundaries for proper pairs: (1, 166)
[0000][PE] analyzing insert size distribution for orientation FR...
[0000][PE] (25, 50, 75) percentile: (59, 75, 94)
[0000][PE] low and high boundaries for computing mean and std.dev: (1, 164)
[0000][PE] mean and std.dev: (77.77, 25.69)
[0000][PE] low and high boundaries for proper pairs: (1, 199)
[0000][PE] analyzing insert size distribution for orientation RF...
[0000][PE] (25, 50, 75) percentile: (99, 157, 909)
[0000][PE] low and high boundaries for computing mean and std.dev: (1, 2529)
[0000][PE] mean and std.dev: (477.71, 502.79)
[0000][PE] low and high boundaries for proper pairs: (1, 3339)
[0000][PE] analyzing insert size distribution for orientation RR...
[0000][PE] (25, 50, 75) percentile: (23, 35, 53)
[0000][PE] low and high boundaries for computing mean and std.dev: (1, 113)
[0000][PE] mean and std.dev: (39.22, 22.74)
[0000][PE] low and high boundaries for proper pairs: (1, 143)
[0000][PE] skip orientation FF
[0000][PE] skip orientation RF
[0000][PE] skip orientation RR
[0000] 3. Calling kt_for - worker_sam
[0000] read_chunk: 400000000, work_chunk_size: 400000065, nseq: 4948916
	[0000][ M::kt_pipeline] read 4948916 sequences (400000065 bp)...
	[0000][ M::mem_process_seqs] Processed 4945718 reads in 886.423 CPU sec, 24.022 real sec
[0000] Calling mem_process_seqs.., task: 7
[0000] 1. Calling kt_for - worker_bwt
[0000] 2. Calling kt_for - worker_aln
[0000] Inferring insert size distribution of PE reads from data, l_pac: 798880421, n: 4948916
[0000][PE] # candidate unique pairs for (FF, FR, RF, RR): (182, 1592037, 11, 134)
[0000][PE] analyzing insert size distribution for orientation FF...
[0000][PE] (25, 50, 75) percentile: (22, 36, 56)
[0000][PE] low and high boundaries for computing mean and std.dev: (1, 124)
[0000][PE] mean and std.dev: (41.02, 25.28)
[0000][PE] low and high boundaries for proper pairs: (1, 158)
[0000][PE] analyzing insert size distribution for orientation FR...
[0000][PE] (25, 50, 75) percentile: (59, 75, 94)
[0000][PE] low and high boundaries for computing mean and std.dev: (1, 164)
[0000][PE] mean and std.dev: (77.79, 25.72)
[0000][PE] low and high boundaries for proper pairs: (1, 199)
[0000][PE] analyzing insert size distribution for orientation RF...
[0000][PE] (25, 50, 75) percentile: (46, 89, 383)
[0000][PE] low and high boundaries for computing mean and std.dev: (1, 1057)
[0000][PE] mean and std.dev: (216.73, 200.23)
[0000][PE] low and high boundaries for proper pairs: (1, 1394)
[0000][PE] analyzing insert size distribution for orientation RR...
[0000][PE] (25, 50, 75) percentile: (23, 33, 52)
[0000][PE] low and high boundaries for computing mean and std.dev: (1, 110)
[0000][PE] mean and std.dev: (38.45, 21.28)
[0000][PE] low and high boundaries for proper pairs: (1, 139)
[0000][PE] skip orientation FF
[0000][PE] skip orientation RF
[0000][PE] skip orientation RR
[0000] 3. Calling kt_for - worker_sam
[0000] read_chunk: 400000000, work_chunk_size: 400000192, nseq: 4959408
	[0000][ M::kt_pipeline] read 4959408 sequences (400000192 bp)...
	[0000][ M::mem_process_seqs] Processed 4948916 reads in 891.186 CPU sec, 24.136 real sec
[0000] Calling mem_process_seqs.., task: 8
[0000] 1. Calling kt_for - worker_bwt
[0000] 2. Calling kt_for - worker_aln
[0000] Inferring insert size distribution of PE reads from data, l_pac: 798880421, n: 4959408
[0000][PE] # candidate unique pairs for (FF, FR, RF, RR): (197, 1591594, 28, 181)
[0000][PE] analyzing insert size distribution for orientation FF...
[0000][PE] (25, 50, 75) percentile: (26, 36, 52)
[0000][PE] low and high boundaries for computing mean and std.dev: (1, 104)
[0000][PE] mean and std.dev: (38.92, 21.85)
[0000][PE] low and high boundaries for proper pairs: (1, 130)
[0000][PE] analyzing insert size distribution for orientation FR...
[0000][PE] (25, 50, 75) percentile: (59, 75, 94)
[0000][PE] low and high boundaries for computing mean and std.dev: (1, 164)
[0000][PE] mean and std.dev: (77.75, 25.70)
[0000][PE] low and high boundaries for proper pairs: (1, 199)
[0000][PE] analyzing insert size distribution for orientation RF...
[0000][PE] (25, 50, 75) percentile: (130, 321, 513)
[0000][PE] low and high boundaries for computing mean and std.dev: (1, 1279)
[0000][PE] mean and std.dev: (302.88, 270.97)
[0000][PE] low and high boundaries for proper pairs: (1, 1662)
[0000][PE] analyzing insert size distribution for orientation RR...
[0000][PE] (25, 50, 75) percentile: (24, 34, 52)
[0000][PE] low and high boundaries for computing mean and std.dev: (1, 108)
[0000][PE] mean and std.dev: (37.82, 20.66)
[0000][PE] low and high boundaries for proper pairs: (1, 136)
[0000][PE] skip orientation FF
[0000][PE] skip orientation RF
[0000][PE] skip orientation RR
[0000] 3. Calling kt_for - worker_sam
[0000] read_chunk: 400000000, work_chunk_size: 400000039, nseq: 4957540
	[0000][ M::kt_pipeline] read 4957540 sequences (400000039 bp)...
	[0000][ M::mem_process_seqs] Processed 4959408 reads in 899.683 CPU sec, 24.475 real sec
[0000] Calling mem_process_seqs.., task: 9
[0000] 1. Calling kt_for - worker_bwt
[0000] 2. Calling kt_for - worker_aln
[0000] Inferring insert size distribution of PE reads from data, l_pac: 798880421, n: 4957540
[0000][PE] # candidate unique pairs for (FF, FR, RF, RR): (189, 1653631, 18, 173)
[0000][PE] analyzing insert size distribution for orientation FF...
[0000][PE] (25, 50, 75) percentile: (26, 37, 53)
[0000][PE] low and high boundaries for computing mean and std.dev: (1, 107)
[0000][PE] mean and std.dev: (41.99, 23.05)
[0000][PE] low and high boundaries for proper pairs: (1, 134)
[0000][PE] analyzing insert size distribution for orientation FR...
[0000][PE] (25, 50, 75) percentile: (59, 75, 94)
[0000][PE] low and high boundaries for computing mean and std.dev: (1, 164)
[0000][PE] mean and std.dev: (77.78, 25.73)
[0000][PE] low and high boundaries for proper pairs: (1, 199)
[0000][PE] analyzing insert size distribution for orientation RF...
[0000][PE] (25, 50, 75) percentile: (50, 205, 488)
[0000][PE] low and high boundaries for computing mean and std.dev: (1, 1364)
[0000][PE] mean and std.dev: (286.44, 289.10)
[0000][PE] low and high boundaries for proper pairs: (1, 1802)
[0000][PE] analyzing insert size distribution for orientation RR...
[0000][PE] (25, 50, 75) percentile: (25, 35, 44)
[0000][PE] low and high boundaries for computing mean and std.dev: (1, 82)
[0000][PE] mean and std.dev: (34.52, 16.81)
[0000][PE] low and high boundaries for proper pairs: (1, 102)
[0000][PE] skip orientation FF
[0000][PE] skip orientation RF
[0000][PE] skip orientation RR
[0000] 3. Calling kt_for - worker_sam
[0000] read_chunk: 400000000, work_chunk_size: 400000157, nseq: 4909590
	[0000][ M::kt_pipeline] read 4909590 sequences (400000157 bp)...
	[0000][ M::mem_process_seqs] Processed 4957540 reads in 837.439 CPU sec, 22.728 real sec
[0000] Calling mem_process_seqs.., task: 10
[0000] 1. Calling kt_for - worker_bwt
[0000] 2. Calling kt_for - worker_aln
[0000] Inferring insert size distribution of PE reads from data, l_pac: 798880421, n: 4909590
[0000][PE] # candidate unique pairs for (FF, FR, RF, RR): (176, 1534177, 19, 142)
[0000][PE] analyzing insert size distribution for orientation FF...
[0000][PE] (25, 50, 75) percentile: (25, 40, 60)
[0000][PE] low and high boundaries for computing mean and std.dev: (1, 130)
[0000][PE] mean and std.dev: (42.61, 24.42)
[0000][PE] low and high boundaries for proper pairs: (1, 165)
[0000][PE] analyzing insert size distribution for orientation FR...
[0000][PE] (25, 50, 75) percentile: (59, 75, 94)
[0000][PE] low and high boundaries for computing mean and std.dev: (1, 164)
[0000][PE] mean and std.dev: (77.76, 25.71)
[0000][PE] low and high boundaries for proper pairs: (1, 199)
[0000][PE] analyzing insert size distribution for orientation RF...
[0000][PE] (25, 50, 75) percentile: (149, 202, 387)
[0000][PE] low and high boundaries for computing mean and std.dev: (1, 863)
[0000][PE] mean and std.dev: (248.74, 153.12)
[0000][PE] low and high boundaries for proper pairs: (1, 1101)
[0000][PE] analyzing insert size distribution for orientation RR...
[0000][PE] (25, 50, 75) percentile: (27, 34, 48)
[0000][PE] low and high boundaries for computing mean and std.dev: (1, 90)
[0000][PE] mean and std.dev: (36.43, 15.73)
[0000][PE] low and high boundaries for proper pairs: (1, 111)
[0000][PE] skip orientation FF
[0000][PE] skip orientation RF
[0000][PE] skip orientation RR
[0000] 3. Calling kt_for - worker_sam
[0000] read_chunk: 400000000, work_chunk_size: 400000165, nseq: 4917736
	[0000][ M::kt_pipeline] read 4917736 sequences (400000165 bp)...
	[0000][ M::mem_process_seqs] Processed 4909590 reads in 958.034 CPU sec, 25.440 real sec
[0000] Calling mem_process_seqs.., task: 11
[0000] 1. Calling kt_for - worker_bwt
[0000] 2. Calling kt_for - worker_aln
[0000] Inferring insert size distribution of PE reads from data, l_pac: 798880421, n: 4917736
[0000][PE] # candidate unique pairs for (FF, FR, RF, RR): (184, 1547111, 14, 143)
[0000][PE] analyzing insert size distribution for orientation FF...
[0000][PE] (25, 50, 75) percentile: (24, 42, 61)
[0000][PE] low and high boundaries for computing mean and std.dev: (1, 135)
[0000][PE] mean and std.dev: (44.41, 26.03)
[0000][PE] low and high boundaries for proper pairs: (1, 172)
[0000][PE] analyzing insert size distribution for orientation FR...
[0000][PE] (25, 50, 75) percentile: (59, 75, 94)
[0000][PE] low and high boundaries for computing mean and std.dev: (1, 164)
[0000][PE] mean and std.dev: (77.78, 25.71)
[0000][PE] low and high boundaries for proper pairs: (1, 199)
[0000][PE] analyzing insert size distribution for orientation RF...
[0000][PE] (25, 50, 75) percentile: (16, 81, 429)
[0000][PE] low and high boundaries for computing mean and std.dev: (1, 1255)
[0000][PE] mean and std.dev: (195.29, 203.98)
[0000][PE] low and high boundaries for proper pairs: (1, 1668)
[0000][PE] analyzing insert size distribution for orientation RR...
[0000][PE] (25, 50, 75) percentile: (27, 38, 52)
[0000][PE] low and high boundaries for computing mean and std.dev: (1, 102)
[0000][PE] mean and std.dev: (39.70, 19.43)
[0000][PE] low and high boundaries for proper pairs: (1, 127)
[0000][PE] skip orientation FF
[0000][PE] skip orientation RF
[0000][PE] skip orientation RR
[0000] 3. Calling kt_for - worker_sam
[0000] read_chunk: 400000000, work_chunk_size: 400000050, nseq: 4969490
	[0000][ M::kt_pipeline] read 4969490 sequences (400000050 bp)...
	[0000][ M::mem_process_seqs] Processed 4917736 reads in 976.214 CPU sec, 26.640 real sec
[0000] Reallocating initial memory allocations!!
[0000] Calling mem_process_seqs.., task: 12
[0000] 1. Calling kt_for - worker_bwt
[0000] 2. Calling kt_for - worker_aln
[0000] read_chunk: 400000000, work_chunk_size: 400000013, nseq: 4729826
	[0000][ M::kt_pipeline] read 4729826 sequences (400000013 bp)...
[0000] Inferring insert size distribution of PE reads from data, l_pac: 798880421, n: 4969490
[0000][PE] # candidate unique pairs for (FF, FR, RF, RR): (166, 1622224, 22, 157)
[0000][PE] analyzing insert size distribution for orientation FF...
[0000][PE] (25, 50, 75) percentile: (26, 39, 57)
[0000][PE] low and high boundaries for computing mean and std.dev: (1, 119)
[0000][PE] mean and std.dev: (41.83, 22.32)
[0000][PE] low and high boundaries for proper pairs: (1, 150)
[0000][PE] analyzing insert size distribution for orientation FR...
[0000][PE] (25, 50, 75) percentile: (59, 75, 94)
[0000][PE] low and high boundaries for computing mean and std.dev: (1, 164)
[0000][PE] mean and std.dev: (77.83, 25.71)
[0000][PE] low and high boundaries for proper pairs: (1, 199)
[0000][PE] analyzing insert size distribution for orientation RF...
[0000][PE] (25, 50, 75) percentile: (46, 148, 321)
[0000][PE] low and high boundaries for computing mean and std.dev: (1, 871)
[0000][PE] mean and std.dev: (196.45, 198.21)
[0000][PE] low and high boundaries for proper pairs: (1, 1146)
[0000][PE] analyzing insert size distribution for orientation RR...
[0000][PE] (25, 50, 75) percentile: (25, 35, 49)
[0000][PE] low and high boundaries for computing mean and std.dev: (1, 97)
[0000][PE] mean and std.dev: (37.68, 19.32)
[0000][PE] low and high boundaries for proper pairs: (1, 121)
[0000][PE] skip orientation FF
[0000][PE] skip orientation RF
[0000][PE] skip orientation RR
[0000] 3. Calling kt_for - worker_sam
	[0000][ M::mem_process_seqs] Processed 4969490 reads in 856.893 CPU sec, 22.775 real sec
[0000] Calling mem_process_seqs.., task: 13
[0000] 1. Calling kt_for - worker_bwt
[0000] 2. Calling kt_for - worker_aln
[0000] Inferring insert size distribution of PE reads from data, l_pac: 798880421, n: 4729826
[0000][PE] # candidate unique pairs for (FF, FR, RF, RR): (136, 1157595, 9, 119)
[0000][PE] analyzing insert size distribution for orientation FF...
[0000][PE] (25, 50, 75) percentile: (26, 37, 58)
[0000][PE] low and high boundaries for computing mean and std.dev: (1, 122)
[0000][PE] mean and std.dev: (41.48, 23.64)
[0000][PE] low and high boundaries for proper pairs: (1, 154)
[0000][PE] analyzing insert size distribution for orientation FR...
[0000][PE] (25, 50, 75) percentile: (59, 75, 94)
[0000][PE] low and high boundaries for computing mean and std.dev: (1, 164)
[0000][PE] mean and std.dev: (77.90, 25.75)
[0000][PE] low and high boundaries for proper pairs: (1, 199)
[0000][PE] skip orientation RF as there are not enough pairs
[0000][PE] analyzing insert size distribution for orientation RR...
[0000][PE] (25, 50, 75) percentile: (30, 37, 60)
[0000][PE] low and high boundaries for computing mean and std.dev: (1, 120)
[0000][PE] mean and std.dev: (43.40, 21.10)
[0000][PE] low and high boundaries for proper pairs: (1, 150)
[0000][PE] skip orientation FF
[0000][PE] skip orientation RR
[0000] 3. Calling kt_for - worker_sam
[0000] read_chunk: 400000000, work_chunk_size: 400000107, nseq: 4949728
	[0000][ M::kt_pipeline] read 4949728 sequences (400000107 bp)...
	[0000][ M::mem_process_seqs] Processed 4729826 reads in 1320.209 CPU sec, 41.121 real sec
[0000] Calling mem_process_seqs.., task: 14
[0000] 1. Calling kt_for - worker_bwt
[0000] 2. Calling kt_for - worker_aln
[0000] Inferring insert size distribution of PE reads from data, l_pac: 798880421, n: 4949728
[0000][PE] # candidate unique pairs for (FF, FR, RF, RR): (201, 1634902, 21, 163)
[0000][PE] analyzing insert size distribution for orientation FF...
[0000][PE] (25, 50, 75) percentile: (27, 39, 55)
[0000][PE] low and high boundaries for computing mean and std.dev: (1, 111)
[0000][PE] mean and std.dev: (40.76, 21.81)
[0000][PE] low and high boundaries for proper pairs: (1, 139)
[0000][PE] analyzing insert size distribution for orientation FR...
[0000][PE] (25, 50, 75) percentile: (59, 75, 94)
[0000][PE] low and high boundaries for computing mean and std.dev: (1, 164)
[0000][PE] mean and std.dev: (77.81, 25.70)
[0000][PE] low and high boundaries for proper pairs: (1, 199)
[0000][PE] analyzing insert size distribution for orientation RF...
[0000][PE] (25, 50, 75) percentile: (61, 277, 739)
[0000][PE] low and high boundaries for computing mean and std.dev: (1, 2095)
[0000][PE] mean and std.dev: (394.25, 392.34)
[0000][PE] low and high boundaries for proper pairs: (1, 2773)
[0000][PE] analyzing insert size distribution for orientation RR...
[0000][PE] (25, 50, 75) percentile: (25, 36, 50)
[0000][PE] low and high boundaries for computing mean and std.dev: (1, 100)
[0000][PE] mean and std.dev: (36.79, 17.08)
[0000][PE] low and high boundaries for proper pairs: (1, 125)
[0000][PE] skip orientation FF
[0000][PE] skip orientation RF
[0000][PE] skip orientation RR
[0000] 3. Calling kt_for - worker_sam
[0000] read_chunk: 400000000, work_chunk_size: 400000004, nseq: 4497138
	[0000][ M::kt_pipeline] read 4497138 sequences (400000004 bp)...
	[0000][ M::mem_process_seqs] Processed 4949728 reads in 854.607 CPU sec, 24.044 real sec
[0000] Calling mem_process_seqs.., task: 15
[0000] 1. Calling kt_for - worker_bwt
[0000] 2. Calling kt_for - worker_aln
[0000] read_chunk: 400000000, work_chunk_size: 400000023, nseq: 4965080
	[0000][ M::kt_pipeline] read 4965080 sequences (400000023 bp)...
[0000] Inferring insert size distribution of PE reads from data, l_pac: 798880421, n: 4497138
[0000][PE] # candidate unique pairs for (FF, FR, RF, RR): (78, 832900, 9, 66)
[0000][PE] analyzing insert size distribution for orientation FF...
[0000][PE] (25, 50, 75) percentile: (29, 40, 51)
[0000][PE] low and high boundaries for computing mean and std.dev: (1, 95)
[0000][PE] mean and std.dev: (39.55, 17.02)
[0000][PE] low and high boundaries for proper pairs: (1, 117)
[0000][PE] analyzing insert size distribution for orientation FR...
[0000][PE] (25, 50, 75) percentile: (59, 76, 95)
[0000][PE] low and high boundaries for computing mean and std.dev: (1, 167)
[0000][PE] mean and std.dev: (78.19, 25.89)
[0000][PE] low and high boundaries for proper pairs: (1, 203)
[0000][PE] skip orientation RF as there are not enough pairs
[0000][PE] analyzing insert size distribution for orientation RR...
[0000][PE] (25, 50, 75) percentile: (30, 39, 51)
[0000][PE] low and high boundaries for computing mean and std.dev: (1, 93)
[0000][PE] mean and std.dev: (41.00, 18.30)
[0000][PE] low and high boundaries for proper pairs: (1, 114)
[0000][PE] skip orientation FF
[0000][PE] skip orientation RR
[0000] 3. Calling kt_for - worker_sam
	[0000][ M::mem_process_seqs] Processed 4497138 reads in 1519.584 CPU sec, 39.315 real sec
[0000] Calling mem_process_seqs.., task: 16
[0000] 1. Calling kt_for - worker_bwt
[0000] 2. Calling kt_for - worker_aln
[0000] Inferring insert size distribution of PE reads from data, l_pac: 798880421, n: 4965080
[0000][PE] # candidate unique pairs for (FF, FR, RF, RR): (171, 1601065, 23, 167)
[0000][PE] analyzing insert size distribution for orientation FF...
[0000][PE] (25, 50, 75) percentile: (27, 39, 58)
[0000][PE] low and high boundaries for computing mean and std.dev: (1, 120)
[0000][PE] mean and std.dev: (41.44, 22.10)
[0000][PE] low and high boundaries for proper pairs: (1, 151)
[0000][PE] analyzing insert size distribution for orientation FR...
[0000][PE] (25, 50, 75) percentile: (59, 75, 94)
[0000][PE] low and high boundaries for computing mean and std.dev: (1, 164)
[0000][PE] mean and std.dev: (77.78, 25.68)
[0000][PE] low and high boundaries for proper pairs: (1, 199)
[0000][PE] analyzing insert size distribution for orientation RF...
[0000][PE] (25, 50, 75) percentile: (61, 213, 403)
[0000][PE] low and high boundaries for computing mean and std.dev: (1, 1087)
[0000][PE] mean and std.dev: (225.62, 205.51)
[0000][PE] low and high boundaries for proper pairs: (1, 1429)
[0000][PE] analyzing insert size distribution for orientation RR...
[0000][PE] (25, 50, 75) percentile: (27, 38, 59)
[0000][PE] low and high boundaries for computing mean and std.dev: (1, 123)
[0000][PE] mean and std.dev: (42.29, 21.69)
[0000][PE] low and high boundaries for proper pairs: (1, 155)
[0000][PE] skip orientation FF
[0000][PE] skip orientation RF
[0000][PE] skip orientation RR
[0000] 3. Calling kt_for - worker_sam
[0000] read_chunk: 400000000, work_chunk_size: 400000078, nseq: 4942780
	[0000][ M::kt_pipeline] read 4942780 sequences (400000078 bp)...
	[0000][ M::mem_process_seqs] Processed 4965080 reads in 897.826 CPU sec, 25.324 real sec
[0000] Calling mem_process_seqs.., task: 17
[0000] 1. Calling kt_for - worker_bwt
[0000] 2. Calling kt_for - worker_aln
[0000] Inferring insert size distribution of PE reads from data, l_pac: 798880421, n: 4942780
[0000][PE] # candidate unique pairs for (FF, FR, RF, RR): (183, 1639458, 26, 175)
[0000][PE] analyzing insert size distribution for orientation FF...
[0000][PE] (25, 50, 75) percentile: (27, 37, 50)
[0000][PE] low and high boundaries for computing mean and std.dev: (1, 96)
[0000][PE] mean and std.dev: (38.06, 19.01)
[0000][PE] low and high boundaries for proper pairs: (1, 119)
[0000][PE] analyzing insert size distribution for orientation FR...
[0000][PE] (25, 50, 75) percentile: (59, 75, 94)
[0000][PE] low and high boundaries for computing mean and std.dev: (1, 164)
[0000][PE] mean and std.dev: (77.78, 25.71)
[0000][PE] low and high boundaries for proper pairs: (1, 199)
[0000][PE] analyzing insert size distribution for orientation RF...
[0000][PE] (25, 50, 75) percentile: (31, 103, 440)
[0000][PE] low and high boundaries for computing mean and std.dev: (1, 1258)
[0000][PE] mean and std.dev: (236.28, 269.96)
[0000][PE] low and high boundaries for proper pairs: (1, 1667)
[0000][PE] analyzing insert size distribution for orientation RR...
[0000][PE] (25, 50, 75) percentile: (28, 37, 56)
[0000][PE] low and high boundaries for computing mean and std.dev: (1, 112)
[0000][PE] mean and std.dev: (42.38, 21.55)
[0000][PE] low and high boundaries for proper pairs: (1, 140)
[0000][PE] skip orientation FF
[0000][PE] skip orientation RF
[0000][PE] skip orientation RR
[0000] 3. Calling kt_for - worker_sam
[0000] read_chunk: 400000000, work_chunk_size: 400000080, nseq: 4960990
	[0000][ M::kt_pipeline] read 4960990 sequences (400000080 bp)...
	[0000][ M::mem_process_seqs] Processed 4942780 reads in 811.722 CPU sec, 22.266 real sec
[0000] Calling mem_process_seqs.., task: 18
[0000] 1. Calling kt_for - worker_bwt
[0000] 2. Calling kt_for - worker_aln
[0000] Inferring insert size distribution of PE reads from data, l_pac: 798880421, n: 4960990
[0000][PE] # candidate unique pairs for (FF, FR, RF, RR): (199, 1658824, 25, 150)
[0000][PE] analyzing insert size distribution for orientation FF...
[0000][PE] (25, 50, 75) percentile: (27, 40, 58)
[0000][PE] low and high boundaries for computing mean and std.dev: (1, 120)
[0000][PE] mean and std.dev: (42.70, 21.40)
[0000][PE] low and high boundaries for proper pairs: (1, 151)
[0000][PE] analyzing insert size distribution for orientation FR...
[0000][PE] (25, 50, 75) percentile: (59, 75, 94)
[0000][PE] low and high boundaries for computing mean and std.dev: (1, 164)
[0000][PE] mean and std.dev: (77.76, 25.69)
[0000][PE] low and high boundaries for proper pairs: (1, 199)
[0000][PE] analyzing insert size distribution for orientation RF...
[0000][PE] (25, 50, 75) percentile: (96, 303, 562)
[0000][PE] low and high boundaries for computing mean and std.dev: (1, 1494)
[0000][PE] mean and std.dev: (324.21, 291.61)
[0000][PE] low and high boundaries for proper pairs: (1, 1960)
[0000][PE] analyzing insert size distribution for orientation RR...
[0000][PE] (25, 50, 75) percentile: (25, 35, 50)
[0000][PE] low and high boundaries for computing mean and std.dev: (1, 100)
[0000][PE] mean and std.dev: (38.38, 19.70)
[0000][PE] low and high boundaries for proper pairs: (1, 125)
[0000][PE] skip orientation FF
[0000][PE] skip orientation RF
[0000][PE] skip orientation RR
[0000] 3. Calling kt_for - worker_sam
[0000] read_chunk: 400000000, work_chunk_size: 400000111, nseq: 4966320
	[0000][ M::kt_pipeline] read 4966320 sequences (400000111 bp)...
	[0000][ M::mem_process_seqs] Processed 4960990 reads in 829.565 CPU sec, 22.443 real sec
[0000] Calling mem_process_seqs.., task: 19
[0000] 1. Calling kt_for - worker_bwt
[0000] 2. Calling kt_for - worker_aln
[0000] Inferring insert size distribution of PE reads from data, l_pac: 798880421, n: 4966320
[0000] read_chunk: 400000000, work_chunk_size: 400000124, nseq: 4739128
	[0000][ M::kt_pipeline] read 4739128 sequences (400000124 bp)...
[0000][PE] # candidate unique pairs for (FF, FR, RF, RR): (176, 1587832, 23, 173)
[0000][PE] analyzing insert size distribution for orientation FF...
[0000][PE] (25, 50, 75) percentile: (24, 37, 54)
[0000][PE] low and high boundaries for computing mean and std.dev: (1, 114)
[0000][PE] mean and std.dev: (40.63, 21.65)
[0000][PE] low and high boundaries for proper pairs: (1, 144)
[0000][PE] analyzing insert size distribution for orientation FR...
[0000][PE] (25, 50, 75) percentile: (59, 75, 94)
[0000][PE] low and high boundaries for computing mean and std.dev: (1, 164)
[0000][PE] mean and std.dev: (77.78, 25.71)
[0000][PE] low and high boundaries for proper pairs: (1, 199)
[0000][PE] analyzing insert size distribution for orientation RF...
[0000][PE] (25, 50, 75) percentile: (97, 321, 654)
[0000][PE] low and high boundaries for computing mean and std.dev: (1, 1768)
[0000][PE] mean and std.dev: (383.13, 349.63)
[0000][PE] low and high boundaries for proper pairs: (1, 2325)
[0000][PE] analyzing insert size distribution for orientation RR...
[0000][PE] (25, 50, 75) percentile: (24, 35, 50)
[0000][PE] low and high boundaries for computing mean and std.dev: (1, 102)
[0000][PE] mean and std.dev: (38.11, 18.99)
[0000][PE] low and high boundaries for proper pairs: (1, 128)
[0000][PE] skip orientation FF
[0000][PE] skip orientation RF
[0000][PE] skip orientation RR
[0000] 3. Calling kt_for - worker_sam
	[0000][ M::mem_process_seqs] Processed 4966320 reads in 1007.648 CPU sec, 26.883 real sec
[0000] Calling mem_process_seqs.., task: 20
[0000] 1. Calling kt_for - worker_bwt
[0000] 2. Calling kt_for - worker_aln
[0000] read_chunk: 400000000, work_chunk_size: 400000014, nseq: 4875884
	[0000][ M::kt_pipeline] read 4875884 sequences (400000014 bp)...
[0000] Inferring insert size distribution of PE reads from data, l_pac: 798880421, n: 4739128
[0000][PE] # candidate unique pairs for (FF, FR, RF, RR): (159, 1295359, 10, 113)
[0000][PE] analyzing insert size distribution for orientation FF...
[0000][PE] (25, 50, 75) percentile: (30, 43, 58)
[0000][PE] low and high boundaries for computing mean and std.dev: (1, 114)
[0000][PE] mean and std.dev: (45.03, 19.93)
[0000][PE] low and high boundaries for proper pairs: (1, 142)
[0000][PE] analyzing insert size distribution for orientation FR...
[0000][PE] (25, 50, 75) percentile: (59, 75, 94)
[0000][PE] low and high boundaries for computing mean and std.dev: (1, 164)
[0000][PE] mean and std.dev: (77.85, 25.69)
[0000][PE] low and high boundaries for proper pairs: (1, 199)
[0000][PE] analyzing insert size distribution for orientation RF...
[0000][PE] (25, 50, 75) percentile: (99, 204, 406)
[0000][PE] low and high boundaries for computing mean and std.dev: (1, 1020)
[0000][PE] mean and std.dev: (206.00, 164.50)
[0000][PE] low and high boundaries for proper pairs: (1, 1327)
[0000][PE] analyzing insert size distribution for orientation RR...
[0000][PE] (25, 50, 75) percentile: (28, 39, 58)
[0000][PE] low and high boundaries for computing mean and std.dev: (1, 118)
[0000][PE] mean and std.dev: (43.00, 21.00)
[0000][PE] low and high boundaries for proper pairs: (1, 148)
[0000][PE] skip orientation FF
[0000][PE] skip orientation RF
[0000][PE] skip orientation RR
[0000] 3. Calling kt_for - worker_sam
	[0000][ M::mem_process_seqs] Processed 4739128 reads in 1257.153 CPU sec, 33.704 real sec
[0000] Calling mem_process_seqs.., task: 21
[0000] 1. Calling kt_for - worker_bwt
[0000] 2. Calling kt_for - worker_aln
[0000] Inferring insert size distribution of PE reads from data, l_pac: 798880421, n: 4875884
[0000][PE] # candidate unique pairs for (FF, FR, RF, RR): (164, 1484257, 19, 140)
[0000][PE] analyzing insert size distribution for orientation FF...
[0000][PE] (25, 50, 75) percentile: (25, 40, 59)
[0000][PE] low and high boundaries for computing mean and std.dev: (1, 127)
[0000][PE] mean and std.dev: (42.58, 25.52)
[0000][PE] low and high boundaries for proper pairs: (1, 161)
[0000][PE] analyzing insert size distribution for orientation FR...
[0000][PE] (25, 50, 75) percentile: (59, 75, 94)
[0000][PE] low and high boundaries for computing mean and std.dev: (1, 164)
[0000][PE] mean and std.dev: (77.77, 25.72)
[0000][PE] low and high boundaries for proper pairs: (1, 199)
[0000][PE] analyzing insert size distribution for orientation RF...
[0000][PE] (25, 50, 75) percentile: (102, 158, 422)
[0000][PE] low and high boundaries for computing mean and std.dev: (1, 1062)
[0000][PE] mean and std.dev: (219.71, 220.09)
[0000][PE] low and high boundaries for proper pairs: (1, 1382)
[0000][PE] analyzing insert size distribution for orientation RR...
[0000][PE] (25, 50, 75) percentile: (26, 38, 59)
[0000][PE] low and high boundaries for computing mean and std.dev: (1, 125)
[0000][PE] mean and std.dev: (41.07, 21.43)
[0000][PE] low and high boundaries for proper pairs: (1, 158)
[0000][PE] skip orientation FF
[0000][PE] skip orientation RF
[0000][PE] skip orientation RR
[0000] 3. Calling kt_for - worker_sam
[0000] read_chunk: 400000000, work_chunk_size: 400000176, nseq: 4945892
	[0000][ M::kt_pipeline] read 4945892 sequences (400000176 bp)...
	[0000][ M::mem_process_seqs] Processed 4875884 reads in 982.668 CPU sec, 26.700 real sec
[0000] Calling mem_process_seqs.., task: 22
[0000] 1. Calling kt_for - worker_bwt
[0000] 2. Calling kt_for - worker_aln
[0000] Inferring insert size distribution of PE reads from data, l_pac: 798880421, n: 4945892
[0000][PE] # candidate unique pairs for (FF, FR, RF, RR): (190, 1640586, 23, 166)
[0000][PE] analyzing insert size distribution for orientation FF...
[0000][PE] (25, 50, 75) percentile: (25, 35, 55)
[0000][PE] low and high boundaries for computing mean and std.dev: (1, 115)
[0000][PE] mean and std.dev: (41.22, 22.50)
[0000][PE] low and high boundaries for proper pairs: (1, 145)
[0000][PE] analyzing insert size distribution for orientation FR...
[0000][PE] (25, 50, 75) percentile: (59, 75, 94)
[0000][PE] low and high boundaries for computing mean and std.dev: (1, 164)
[0000][PE] mean and std.dev: (77.79, 25.70)
[0000][PE] low and high boundaries for proper pairs: (1, 199)
[0000][PE] analyzing insert size distribution for orientation RF...
[0000][PE] (25, 50, 75) percentile: (94, 135, 334)
[0000][PE] low and high boundaries for computing mean and std.dev: (1, 814)
[0000][PE] mean and std.dev: (194.71, 181.38)
[0000][PE] low and high boundaries for proper pairs: (1, 1054)
[0000][PE] analyzing insert size distribution for orientation RR...
[0000][PE] (25, 50, 75) percentile: (25, 35, 50)
[0000][PE] low and high boundaries for computing mean and std.dev: (1, 100)
[0000][PE] mean and std.dev: (37.12, 19.06)
[0000][PE] low and high boundaries for proper pairs: (1, 125)
[0000][PE] skip orientation FF
[0000][PE] skip orientation RF
[0000][PE] skip orientation RR
[0000] 3. Calling kt_for - worker_sam
[0000] read_chunk: 400000000, work_chunk_size: 400000017, nseq: 4922178
	[0000][ M::kt_pipeline] read 4922178 sequences (400000017 bp)...
	[0000][ M::mem_process_seqs] Processed 4945892 reads in 822.009 CPU sec, 22.687 real sec
[0000] Calling mem_process_seqs.., task: 23
[0000] 1. Calling kt_for - worker_bwt
[0000] 2. Calling kt_for - worker_aln
[0000] Inferring insert size distribution of PE reads from data, l_pac: 798880421, n: 4922178
[0000][PE] # candidate unique pairs for (FF, FR, RF, RR): (168, 1531423, 20, 147)
[0000][PE] analyzing insert size distribution for orientation FF...
[0000][PE] (25, 50, 75) percentile: (26, 35, 54)
[0000][PE] low and high boundaries for computing mean and std.dev: (1, 110)
[0000][PE] mean and std.dev: (40.19, 21.99)
[0000][PE] low and high boundaries for proper pairs: (1, 138)
[0000][PE] analyzing insert size distribution for orientation FR...
[0000][PE] (25, 50, 75) percentile: (59, 75, 94)
[0000][PE] low and high boundaries for computing mean and std.dev: (1, 164)
[0000][PE] mean and std.dev: (77.78, 25.72)
[0000][PE] low and high boundaries for proper pairs: (1, 199)
[0000][PE] analyzing insert size distribution for orientation RF...
[0000][PE] (25, 50, 75) percentile: (33, 364, 530)
[0000][PE] low and high boundaries for computing mean and std.dev: (1, 1524)
[0000][PE] mean and std.dev: (311.65, 271.80)
[0000][PE] low and high boundaries for proper pairs: (1, 2021)
[0000][PE] analyzing insert size distribution for orientation RR...
[0000][PE] (25, 50, 75) percentile: (25, 37, 52)
[0000][PE] low and high boundaries for computing mean and std.dev: (1, 106)
[0000][PE] mean and std.dev: (39.66, 21.33)
[0000][PE] low and high boundaries for proper pairs: (1, 133)
[0000][PE] skip orientation FF
[0000][PE] skip orientation RF
[0000][PE] skip orientation RR
[0000] 3. Calling kt_for - worker_sam
[0000] read_chunk: 400000000, work_chunk_size: 400000162, nseq: 4897756
	[0000][ M::kt_pipeline] read 4897756 sequences (400000162 bp)...
	[0000][ M::mem_process_seqs] Processed 4922178 reads in 977.892 CPU sec, 26.120 real sec
[0000] Calling mem_process_seqs.., task: 24
[0000] 1. Calling kt_for - worker_bwt
[0000] 2. Calling kt_for - worker_aln
[0000] Inferring insert size distribution of PE reads from data, l_pac: 798880421, n: 4897756
[0000] read_chunk: 400000000, work_chunk_size: 400000117, nseq: 4859218
[0000][PE] # candidate unique pairs for (FF, FR, RF, RR): (192, 1511827, 16, 135)
[0000][PE] analyzing insert size distribution for orientation FF...
[0000][PE] (25, 50, 75) percentile: (27, 36, 54)
[0000][PE] low and high boundaries for computing mean and std.dev: (1, 108)
[0000][PE] mean and std.dev: (39.40, 19.90)
[0000][PE] low and high boundaries for proper pairs: (1, 135)
[0000][PE] analyzing insert size distribution for orientation FR...
[0000][PE] (25, 50, 75) percentile: (59, 75, 94)
[0000][PE] low and high boundaries for computing mean and std.dev: (1, 164)
[0000][PE] mean and std.dev: (77.81, 25.70)
[0000][PE] low and high boundaries for proper pairs: (1, 199)
[0000][PE] analyzing insert size distribution for orientation RF...
[0000][PE] (25, 50, 75) percentile: (50, 154, 574)
[0000][PE] low and high boundaries for computing mean and std.dev: (1, 1622)
[0000][PE] mean and std.dev: (262.87, 320.58)
[0000][PE] low and high boundaries for proper pairs: (1, 2146)
[0000][PE] analyzing insert size distribution for orientation RR...
[0000][PE] (25, 50, 75) percentile: (26, 35, 52)
[0000][PE] low and high boundaries for computing mean and std.dev: (1, 104)
[0000][PE] mean and std.dev: (39.76, 19.78)
[0000][PE] low and high boundaries for proper pairs: (1, 130)
[0000][PE] skip orientation FF
[0000][PE] skip orientation RF
[0000][PE] skip orientation RR
[0000] 3. Calling kt_for - worker_sam
	[0000][ M::kt_pipeline] read 4859218 sequences (400000117 bp)...
	[0000][ M::mem_process_seqs] Processed 4897756 reads in 1058.547 CPU sec, 28.288 real sec
[0000] Calling mem_process_seqs.., task: 25
[0000] 1. Calling kt_for - worker_bwt
[0000] 2. Calling kt_for - worker_aln
[0000] Inferring insert size distribution of PE reads from data, l_pac: 798880421, n: 4859218
[0000][PE] # candidate unique pairs for (FF, FR, RF, RR): (145, 1371808, 21, 131)
[0000][PE] analyzing insert size distribution for orientation FF...
[0000][PE] (25, 50, 75) percentile: (26, 38, 57)
[0000][PE] low and high boundaries for computing mean and std.dev: (1, 119)
[0000][PE] mean and std.dev: (41.49, 22.17)
[0000][PE] low and high boundaries for proper pairs: (1, 150)
[0000][PE] analyzing insert size distribution for orientation FR...
[0000][PE] (25, 50, 75) percentile: (59, 75, 94)
[0000][PE] low and high boundaries for computing mean and std.dev: (1, 164)
[0000][PE] mean and std.dev: (77.76, 25.67)
[0000][PE] low and high boundaries for proper pairs: (1, 199)
[0000][PE] analyzing insert size distribution for orientation RF...
[0000][PE] (25, 50, 75) percentile: (72, 312, 498)
[0000][PE] low and high boundaries for computing mean and std.dev: (1, 1350)
[0000][PE] mean and std.dev: (271.52, 216.14)
[0000][PE] low and high boundaries for proper pairs: (1, 1776)
[0000][PE] analyzing insert size distribution for orientation RR...
[0000][PE] (25, 50, 75) percentile: (27, 39, 56)
[0000][PE] low and high boundaries for computing mean and std.dev: (1, 114)
[0000][PE] mean and std.dev: (41.73, 22.11)
[0000][PE] low and high boundaries for proper pairs: (1, 143)
[0000][PE] skip orientation FF
[0000][PE] skip orientation RF
[0000][PE] skip orientation RR
[0000] 3. Calling kt_for - worker_sam
	[0000][ M::mem_process_seqs] Processed 4859218 reads in 1007.554 CPU sec, 33.559 real sec
[0000] read_chunk: 400000000, work_chunk_size: 400000086, nseq: 4876004
	[0000][ M::kt_pipeline] read 4876004 sequences (400000086 bp)...
[0000] Calling mem_process_seqs.., task: 26
[0000] 1. Calling kt_for - worker_bwt
[0000] 2. Calling kt_for - worker_aln
[0000] read_chunk: 400000000, work_chunk_size: 400000183, nseq: 4924848
	[0000][ M::kt_pipeline] read 4924848 sequences (400000183 bp)...
[0000] Inferring insert size distribution of PE reads from data, l_pac: 798880421, n: 4876004
[0000][PE] # candidate unique pairs for (FF, FR, RF, RR): (136, 1389886, 19, 151)
[0000][PE] analyzing insert size distribution for orientation FF...
[0000][PE] (25, 50, 75) percentile: (27, 39, 56)
[0000][PE] low and high boundaries for computing mean and std.dev: (1, 114)
[0000][PE] mean and std.dev: (42.90, 22.07)
[0000][PE] low and high boundaries for proper pairs: (1, 143)
[0000][PE] analyzing insert size distribution for orientation FR...
[0000][PE] (25, 50, 75) percentile: (59, 75, 94)
[0000][PE] low and high boundaries for computing mean and std.dev: (1, 164)
[0000][PE] mean and std.dev: (77.74, 25.67)
[0000][PE] low and high boundaries for proper pairs: (1, 199)
[0000][PE] analyzing insert size distribution for orientation RF...
[0000][PE] (25, 50, 75) percentile: (44, 142, 339)
[0000][PE] low and high boundaries for computing mean and std.dev: (1, 929)
[0000][PE] mean and std.dev: (162.06, 164.70)
[0000][PE] low and high boundaries for proper pairs: (1, 1224)
[0000][PE] analyzing insert size distribution for orientation RR...
[0000][PE] (25, 50, 75) percentile: (25, 35, 54)
[0000][PE] low and high boundaries for computing mean and std.dev: (1, 112)
[0000][PE] mean and std.dev: (39.93, 21.19)
[0000][PE] low and high boundaries for proper pairs: (1, 141)
[0000][PE] skip orientation FF
[0000][PE] skip orientation RF
[0000][PE] skip orientation RR
[0000] 3. Calling kt_for - worker_sam
	[0000][ M::mem_process_seqs] Processed 4876004 reads in 992.946 CPU sec, 26.585 real sec
[0000] Calling mem_process_seqs.., task: 27
[0000] 1. Calling kt_for - worker_bwt
[0000] 2. Calling kt_for - worker_aln
[0000] read_chunk: 400000000, work_chunk_size: 63320253, nseq: 770742
	[0000][ M::kt_pipeline] read 770742 sequences (63320253 bp)...
[0000] Inferring insert size distribution of PE reads from data, l_pac: 798880421, n: 4924848
[0000][PE] # candidate unique pairs for (FF, FR, RF, RR): (178, 1608712, 20, 149)
[0000][PE] analyzing insert size distribution for orientation FF...
[0000][PE] (25, 50, 75) percentile: (27, 39, 54)
[0000][PE] low and high boundaries for computing mean and std.dev: (1, 108)
[0000][PE] mean and std.dev: (39.98, 19.44)
[0000][PE] low and high boundaries for proper pairs: (1, 135)
[0000][PE] analyzing insert size distribution for orientation FR...
[0000][PE] (25, 50, 75) percentile: (59, 75, 94)
[0000][PE] low and high boundaries for computing mean and std.dev: (1, 164)
[0000][PE] mean and std.dev: (77.78, 25.72)
[0000][PE] low and high boundaries for proper pairs: (1, 199)
[0000][PE] analyzing insert size distribution for orientation RF...
[0000][PE] (25, 50, 75) percentile: (104, 459, 623)
[0000][PE] low and high boundaries for computing mean and std.dev: (1, 1661)
[0000][PE] mean and std.dev: (367.39, 311.39)
[0000][PE] low and high boundaries for proper pairs: (1, 2180)
[0000][PE] analyzing insert size distribution for orientation RR...
[0000][PE] (25, 50, 75) percentile: (27, 34, 48)
[0000][PE] low and high boundaries for computing mean and std.dev: (1, 90)
[0000][PE] mean and std.dev: (37.54, 16.83)
[0000][PE] low and high boundaries for proper pairs: (1, 111)
[0000][PE] skip orientation FF
[0000][PE] skip orientation RF
[0000][PE] skip orientation RR
[0000] 3. Calling kt_for - worker_sam
	[0000][ M::mem_process_seqs] Processed 4924848 reads in 827.839 CPU sec, 22.699 real sec
[0000] Calling mem_process_seqs.., task: 28
[0000] 1. Calling kt_for - worker_bwt
[0000] 2. Calling kt_for - worker_aln
[0000] Inferring insert size distribution of PE reads from data, l_pac: 798880421, n: 770742
[0000][PE] # candidate unique pairs for (FF, FR, RF, RR): (35, 230833, 2, 13)
[0000][PE] analyzing insert size distribution for orientation FF...
[0000][PE] (25, 50, 75) percentile: (27, 37, 48)
[0000][PE] low and high boundaries for computing mean and std.dev: (1, 90)
[0000][PE] mean and std.dev: (38.47, 17.07)
[0000][PE] low and high boundaries for proper pairs: (1, 111)
[0000][PE] analyzing insert size distribution for orientation FR...
[0000][PE] (25, 50, 75) percentile: (59, 75, 94)
[0000][PE] low and high boundaries for computing mean and std.dev: (1, 164)
[0000][PE] mean and std.dev: (77.77, 25.77)
[0000][PE] low and high boundaries for proper pairs: (1, 199)
[0000][PE] skip orientation RF as there are not enough pairs
[0000][PE] analyzing insert size distribution for orientation RR...
[0000][PE] (25, 50, 75) percentile: (31, 33, 56)
[0000][PE] low and high boundaries for computing mean and std.dev: (1, 106)
[0000][PE] mean and std.dev: (40.46, 17.73)
[0000][PE] low and high boundaries for proper pairs: (1, 131)
[0000][PE] skip orientation FF
[0000][PE] skip orientation RR
[0000] 3. Calling kt_for - worker_sam
[0000] read_chunk: 400000000, work_chunk_size: 0, nseq: 0
	[0000][ M::mem_process_seqs] Processed 770742 reads in 165.652 CPU sec, 5.537 real sec
[0000] read_chunk: 400000000, work_chunk_size: 0, nseq: 0
[0000] Computation ends..
No. of OMP threads: 40
Processor is running @2394.756598 MHz
Runtime profile:

	Time taken for main_mem function: 802.93 sec

	IO times (sec) :
	Reading IO time (reads) avg: 363.41, (363.41, 363.41)
	Writing IO time (SAM) avg: 223.76, (223.76, 223.76)
	Reading IO time (Reference Genome) avg: 1.18, (1.18, 1.18)
	Index read time avg: 0.39, (0.39, 0.39)

	Overall time (sec) (Excluding Index reading time):
	PROCESS() (Total compute time + (read + SAM) IO time) : 801.15
	MEM_PROCESS_SEQ() (Total compute time (Kernel + SAM)), avg: 738.72, (738.72, 738.72)

	 SAM Processing time (sec):
	--WORKER_SAM avg: 190.27, (190.27, 190.27)

	Kernels' compute time (sec):
	Total kernel (smem+sal+bsw) time avg: 536.10, (536.10, 536.10)
		MEM_ALN_CHAIN_FLT avg: 0.00, (0.00, 0.00)
		MEM_ALN_CHAIN_SEED avg: 0.00, (0.00, 0.00)
		ERT_SEED_CHAIN avg: 0.00, (0.00, 0.00)
	LEARNED_SEED_CHAIN avg: 240.12, (240.72, 239.58)
		SMEM compute avg: 0.00, (0.00, 0.00)
		SAL compute avg: 0.00, (0.00, 0.00)
				MEM_SA avg: 0.00, (0.00, 0.00)

		BSW time, avg: 268.85, (269.51, 267.87)

Important parameter settings: 
	BATCH_SIZE: 512
	MAX_SEQ_LEN_REF: 256
	MAX_SEQ_LEN_QER: 128
	MAX_SEQ_LEN8: 128
	SEEDS_PER_READ: 500
	SIMD_WIDTH8 X: 64
	SIMD_WIDTH16 X: 32
	AVG_SEEDS_PER_READ: 64
