Looking to launch executable "/opt/conda/bin/bwa-meme_mode3.avx512bw", simd = _mode3.avx512bw
Launching executable "/opt/conda/bin/bwa-meme_mode3.avx512bw"
-----------------------------
Executing in AVX512 mode!!
-----------------------------
* SA compression enabled with xfactor: 8
* Ref file: reference.denovoSSL.Sin.fasta
* Entering FMI_search
Reading other elements of the index from files reference.denovoSSL.Sin.fasta
* Index prefix: reference.denovoSSL.Sin.fasta
* Read 0 ALT contigs
* Reading reference genome..
* Binary seq file = reference.denovoSSL.Sin.fasta.0123
* Reference genome size: 1597760842 bp
* Done reading reference genome !!

------------------------------------------
1. Memory pre-allocation for Chaining: 5679.4903 MB
2. Memory pre-allocation for BSW: 9584.6810 MB
[M::memoryAllocLearned::MEME] Reading Learned-index models into memory
[Learned-Config] MODE:3 SEARCH_METHOD: 1 MEM_TRADEOFF:1 EXPONENTIAL_SMEMSEARCH: 1 DEBUG_MODE:0 Num 2nd Models:268435456 PWL Bits Used:28
[M::memoryAllocLearned::MEME] Loading RMI model and Pac reference file took 16.410 sec
[M::memoryAllocLearned::MEME] Reading suffix array into memory
[M::memoryAllocLearned::MEME] Loading pos_packed file took 21.996 sec
[M::memoryAllocLearned::MEME] Generating SA, 64-bit Suffix and ISA in memory
[M::memoryAllocLearned::MEME] Runtime-build-index took 15.130 sec
3. Memory pre-allocation for BWT: 8632.1949 MB
------------------------------------------
* Threads used (compute): 40
* No. of pipeline threads: 2

[0000] read_chunk: 400000000, work_chunk_size: 400000052, nseq: 5159534
	[0000][ M::kt_pipeline] read 5159534 sequences (400000052 bp)...
[0000] Reallocating initial memory allocations!!
[0000] Calling mem_process_seqs.., task: 0
[0000] 1. Calling kt_for - worker_bwt
[0000] 2. Calling kt_for - worker_aln
[0000] read_chunk: 400000000, work_chunk_size: 400000070, nseq: 5187398
	[0000][ M::kt_pipeline] read 5187398 sequences (400000070 bp)...
[0000] Inferring insert size distribution of PE reads from data, l_pac: 798880421, n: 5159534
[0000][PE] # candidate unique pairs for (FF, FR, RF, RR): (163, 1632537, 14, 148)
[0000][PE] analyzing insert size distribution for orientation FF...
[0000][PE] (25, 50, 75) percentile: (24, 35, 48)
[0000][PE] low and high boundaries for computing mean and std.dev: (1, 96)
[0000][PE] mean and std.dev: (36.63, 18.26)
[0000][PE] low and high boundaries for proper pairs: (1, 120)
[0000][PE] analyzing insert size distribution for orientation FR...
[0000][PE] (25, 50, 75) percentile: (57, 71, 87)
[0000][PE] low and high boundaries for computing mean and std.dev: (1, 147)
[0000][PE] mean and std.dev: (73.08, 22.57)
[0000][PE] low and high boundaries for proper pairs: (1, 177)
[0000][PE] analyzing insert size distribution for orientation RF...
[0000][PE] (25, 50, 75) percentile: (64, 194, 499)
[0000][PE] low and high boundaries for computing mean and std.dev: (1, 1369)
[0000][PE] mean and std.dev: (243.77, 261.59)
[0000][PE] low and high boundaries for proper pairs: (1, 1804)
[0000][PE] analyzing insert size distribution for orientation RR...
[0000][PE] (25, 50, 75) percentile: (25, 34, 47)
[0000][PE] low and high boundaries for computing mean and std.dev: (1, 91)
[0000][PE] mean and std.dev: (35.24, 15.69)
[0000][PE] low and high boundaries for proper pairs: (1, 113)
[0000][PE] skip orientation FF
[0000][PE] skip orientation RF
[0000][PE] skip orientation RR
[0000] 3. Calling kt_for - worker_sam
	[0000][ M::mem_process_seqs] Processed 5159534 reads in 919.506 CPU sec, 23.868 real sec
[0000] Reallocating initial memory allocations!!
[0000] Calling mem_process_seqs.., task: 1
[0000] 1. Calling kt_for - worker_bwt
[0000] read_chunk: 400000000, work_chunk_size: 400000196, nseq: 5038690
[0000] 2. Calling kt_for - worker_aln
	[0000][ M::kt_pipeline] read 5038690 sequences (400000196 bp)...
[0000] Inferring insert size distribution of PE reads from data, l_pac: 798880421, n: 5187398
[0000][PE] # candidate unique pairs for (FF, FR, RF, RR): (147, 1645868, 10, 168)
[0000][PE] analyzing insert size distribution for orientation FF...
[0000][PE] (25, 50, 75) percentile: (25, 35, 51)
[0000][PE] low and high boundaries for computing mean and std.dev: (1, 103)
[0000][PE] mean and std.dev: (37.97, 18.83)
[0000][PE] low and high boundaries for proper pairs: (1, 129)
[0000][PE] analyzing insert size distribution for orientation FR...
[0000][PE] (25, 50, 75) percentile: (57, 71, 87)
[0000][PE] low and high boundaries for computing mean and std.dev: (1, 147)
[0000][PE] mean and std.dev: (73.09, 22.57)
[0000][PE] low and high boundaries for proper pairs: (1, 177)
[0000][PE] analyzing insert size distribution for orientation RF...
[0000][PE] (25, 50, 75) percentile: (48, 235, 516)
[0000][PE] low and high boundaries for computing mean and std.dev: (1, 1452)
[0000][PE] mean and std.dev: (358.30, 348.77)
[0000][PE] low and high boundaries for proper pairs: (1, 1920)
[0000][PE] analyzing insert size distribution for orientation RR...
[0000][PE] (25, 50, 75) percentile: (26, 34, 46)
[0000][PE] low and high boundaries for computing mean and std.dev: (1, 86)
[0000][PE] mean and std.dev: (36.85, 17.80)
[0000][PE] low and high boundaries for proper pairs: (1, 108)
[0000][PE] skip orientation FF
[0000][PE] skip orientation RF
[0000][PE] skip orientation RR
[0000] 3. Calling kt_for - worker_sam
	[0000][ M::mem_process_seqs] Processed 5187398 reads in 925.994 CPU sec, 24.133 real sec
[0000] Calling mem_process_seqs.., task: 2
[0000] 1. Calling kt_for - worker_bwt
[0000] 2. Calling kt_for - worker_aln
[0000] read_chunk: 400000000, work_chunk_size: 400000022, nseq: 5138978
	[0000][ M::kt_pipeline] read 5138978 sequences (400000022 bp)...
[0000] Inferring insert size distribution of PE reads from data, l_pac: 798880421, n: 5038690
[0000][PE] # candidate unique pairs for (FF, FR, RF, RR): (134, 1422855, 10, 138)
[0000][PE] analyzing insert size distribution for orientation FF...
[0000][PE] (25, 50, 75) percentile: (25, 36, 53)
[0000][PE] low and high boundaries for computing mean and std.dev: (1, 109)
[0000][PE] mean and std.dev: (39.15, 20.97)
[0000][PE] low and high boundaries for proper pairs: (1, 137)
[0000][PE] analyzing insert size distribution for orientation FR...
[0000][PE] (25, 50, 75) percentile: (57, 71, 87)
[0000][PE] low and high boundaries for computing mean and std.dev: (1, 147)
[0000][PE] mean and std.dev: (73.11, 22.59)
[0000][PE] low and high boundaries for proper pairs: (1, 177)
[0000][PE] analyzing insert size distribution for orientation RF...
[0000][PE] (25, 50, 75) percentile: (79, 170, 409)
[0000][PE] low and high boundaries for computing mean and std.dev: (1, 1069)
[0000][PE] mean and std.dev: (220.70, 167.95)
[0000][PE] low and high boundaries for proper pairs: (1, 1399)
[0000][PE] analyzing insert size distribution for orientation RR...
[0000][PE] (25, 50, 75) percentile: (22, 34, 48)
[0000][PE] low and high boundaries for computing mean and std.dev: (1, 100)
[0000][PE] mean and std.dev: (37.02, 20.09)
[0000][PE] low and high boundaries for proper pairs: (1, 126)
[0000][PE] skip orientation FF
[0000][PE] skip orientation RF
[0000][PE] skip orientation RR
[0000] 3. Calling kt_for - worker_sam
	[0000][ M::mem_process_seqs] Processed 5038690 reads in 1141.071 CPU sec, 30.710 real sec
[0000] Calling mem_process_seqs.., task: 3
[0000] 1. Calling kt_for - worker_bwt
[0000] 2. Calling kt_for - worker_aln
[0000] Inferring insert size distribution of PE reads from data, l_pac: 798880421, n: 5138978
[0000][PE] # candidate unique pairs for (FF, FR, RF, RR): (134, 1589488, 17, 152)
[0000][PE] analyzing insert size distribution for orientation FF...
[0000][PE] (25, 50, 75) percentile: (25, 35, 47)
[0000][PE] low and high boundaries for computing mean and std.dev: (1, 91)
[0000][PE] mean and std.dev: (36.30, 17.42)
[0000][PE] low and high boundaries for proper pairs: (1, 113)
[0000][PE] analyzing insert size distribution for orientation FR...
[0000] read_chunk: 400000000, work_chunk_size: 400000011, nseq: 5122012
[0000][PE] (25, 50, 75) percentile: (57, 71, 87)
[0000][PE] low and high boundaries for computing mean and std.dev: (1, 147)
[0000][PE] mean and std.dev: (73.10, 22.58)
[0000][PE] low and high boundaries for proper pairs: (1, 177)
[0000][PE] analyzing insert size distribution for orientation RF...
[0000][PE] (25, 50, 75) percentile: (124, 188, 662)
[0000][PE] low and high boundaries for computing mean and std.dev: (1, 1738)
[0000][PE] mean and std.dev: (275.75, 247.81)
[0000][PE] low and high boundaries for proper pairs: (1, 2276)
[0000][PE] analyzing insert size distribution for orientation RR...
[0000][PE] (25, 50, 75) percentile: (27, 37, 49)
[0000][PE] low and high boundaries for computing mean and std.dev: (1, 93)
[0000][PE] mean and std.dev: (38.03, 17.89)
[0000][PE] low and high boundaries for proper pairs: (1, 115)
[0000][PE] skip orientation FF
[0000][PE] skip orientation RF
[0000][PE] skip orientation RR
[0000] 3. Calling kt_for - worker_sam
	[0000][ M::kt_pipeline] read 5122012 sequences (400000011 bp)...
	[0000][ M::mem_process_seqs] Processed 5138978 reads in 1030.958 CPU sec, 27.454 real sec
[0000] Calling mem_process_seqs.., task: 4
[0000] 1. Calling kt_for - worker_bwt
[0000] 2. Calling kt_for - worker_aln
[0000] read_chunk: 400000000, work_chunk_size: 48098360, nseq: 621568
	[0000][ M::kt_pipeline] read 621568 sequences (48098360 bp)...
[0000] Inferring insert size distribution of PE reads from data, l_pac: 798880421, n: 5122012
[0000][PE] # candidate unique pairs for (FF, FR, RF, RR): (127, 1519204, 16, 109)
[0000][PE] analyzing insert size distribution for orientation FF...
[0000][PE] (25, 50, 75) percentile: (21, 30, 43)
[0000][PE] low and high boundaries for computing mean and std.dev: (1, 87)
[0000][PE] mean and std.dev: (32.02, 16.59)
[0000][PE] low and high boundaries for proper pairs: (1, 109)
[0000][PE] analyzing insert size distribution for orientation FR...
[0000][PE] (25, 50, 75) percentile: (57, 71, 87)
[0000][PE] low and high boundaries for computing mean and std.dev: (1, 147)
[0000][PE] mean and std.dev: (73.07, 22.56)
[0000][PE] low and high boundaries for proper pairs: (1, 177)
[0000][PE] analyzing insert size distribution for orientation RF...
[0000][PE] (25, 50, 75) percentile: (55, 127, 392)
[0000][PE] low and high boundaries for computing mean and std.dev: (1, 1066)
[0000][PE] mean and std.dev: (159.87, 145.42)
[0000][PE] low and high boundaries for proper pairs: (1, 1403)
[0000][PE] analyzing insert size distribution for orientation RR...
[0000][PE] (25, 50, 75) percentile: (25, 35, 48)
[0000][PE] low and high boundaries for computing mean and std.dev: (1, 94)
[0000][PE] mean and std.dev: (36.67, 17.69)
[0000][PE] low and high boundaries for proper pairs: (1, 117)
[0000][PE] skip orientation FF
[0000][PE] skip orientation RF
[0000][PE] skip orientation RR
[0000] 3. Calling kt_for - worker_sam
	[0000][ M::mem_process_seqs] Processed 5122012 reads in 1026.414 CPU sec, 27.336 real sec
[0000] Calling mem_process_seqs.., task: 5
[0000] 1. Calling kt_for - worker_bwt
[0000] 2. Calling kt_for - worker_aln
[0000] Inferring insert size distribution of PE reads from data, l_pac: 798880421, n: 621568
[0000][PE] # candidate unique pairs for (FF, FR, RF, RR): (22, 195959, 0, 14)
[0000][PE] analyzing insert size distribution for orientation FF...
[0000][PE] (25, 50, 75) percentile: (23, 43, 71)
[0000][PE] low and high boundaries for computing mean and std.dev: (1, 167)
[0000][PE] mean and std.dev: (42.55, 23.58)
[0000][PE] low and high boundaries for proper pairs: (1, 215)
[0000][PE] analyzing insert size distribution for orientation FR...
[0000][PE] (25, 50, 75) percentile: (57, 71, 87)
[0000][PE] low and high boundaries for computing mean and std.dev: (1, 147)
[0000][PE] mean and std.dev: (72.99, 22.57)
[0000][PE] low and high boundaries for proper pairs: (1, 177)
[0000][PE] skip orientation RF as there are not enough pairs
[0000][PE] analyzing insert size distribution for orientation RR...
[0000][PE] (25, 50, 75) percentile: (25, 42, 51)
[0000][PE] low and high boundaries for computing mean and std.dev: (1, 103)
[0000][PE] mean and std.dev: (33.42, 13.85)
[0000][PE] low and high boundaries for proper pairs: (1, 129)
[0000][PE] skip orientation FF
[0000][PE] skip orientation RR
[0000] 3. Calling kt_for - worker_sam
	[0000][ M::mem_process_seqs] Processed 621568 reads in 119.269 CPU sec, 4.503 real sec
[0000] read_chunk: 400000000, work_chunk_size: 0, nseq: 0
[0000] read_chunk: 400000000, work_chunk_size: 0, nseq: 0
[0000] Computation ends..
No. of OMP threads: 40
Processor is running @2394.722914 MHz
Runtime profile:

	Time taken for main_mem function: 204.61 sec

	IO times (sec) :
	Reading IO time (reads) avg: 60.56, (60.56, 60.56)
	Writing IO time (SAM) avg: 33.02, (33.02, 33.02)
	Reading IO time (Reference Genome) avg: 1.25, (1.25, 1.25)
	Index read time avg: 0.39, (0.39, 0.39)

	Overall time (sec) (Excluding Index reading time):
	PROCESS() (Total compute time + (read + SAM) IO time) : 202.76
	MEM_PROCESS_SEQ() (Total compute time (Kernel + SAM)), avg: 137.98, (137.98, 137.98)

	 SAM Processing time (sec):
	--WORKER_SAM avg: 33.64, (33.64, 33.64)

	Kernels' compute time (sec):
	Total kernel (smem+sal+bsw) time avg: 102.04, (102.04, 102.04)
		MEM_ALN_CHAIN_FLT avg: 0.00, (0.00, 0.00)
		MEM_ALN_CHAIN_SEED avg: 0.00, (0.00, 0.00)
		ERT_SEED_CHAIN avg: 0.00, (0.00, 0.00)
	LEARNED_SEED_CHAIN avg: 44.01, (44.28, 43.86)
		SMEM compute avg: 0.00, (0.00, 0.00)
		SAL compute avg: 0.00, (0.00, 0.00)
				MEM_SA avg: 0.00, (0.00, 0.00)

		BSW time, avg: 53.28, (53.57, 52.90)

Important parameter settings: 
	BATCH_SIZE: 512
	MAX_SEQ_LEN_REF: 256
	MAX_SEQ_LEN_QER: 128
	MAX_SEQ_LEN8: 128
	SEEDS_PER_READ: 500
	SIMD_WIDTH8 X: 64
	SIMD_WIDTH16 X: 32
	AVG_SEEDS_PER_READ: 64
