Looking to launch executable "/opt/conda/bin/bwa-meme_mode3.avx512bw", simd = _mode3.avx512bw
Launching executable "/opt/conda/bin/bwa-meme_mode3.avx512bw"
-----------------------------
Executing in AVX512 mode!!
-----------------------------
* SA compression enabled with xfactor: 8
* Ref file: reference.denovoSSL.Sin.fasta
* Entering FMI_search
Reading other elements of the index from files reference.denovoSSL.Sin.fasta
* Index prefix: reference.denovoSSL.Sin.fasta
* Read 0 ALT contigs
* Reading reference genome..
* Binary seq file = reference.denovoSSL.Sin.fasta.0123
* Reference genome size: 1597760842 bp
* Done reading reference genome !!

------------------------------------------
1. Memory pre-allocation for Chaining: 5679.4903 MB
2. Memory pre-allocation for BSW: 9584.6810 MB
[M::memoryAllocLearned::MEME] Reading Learned-index models into memory
[Learned-Config] MODE:3 SEARCH_METHOD: 1 MEM_TRADEOFF:1 EXPONENTIAL_SMEMSEARCH: 1 DEBUG_MODE:0 Num 2nd Models:268435456 PWL Bits Used:28
[M::memoryAllocLearned::MEME] Loading RMI model and Pac reference file took 12.113 sec
[M::memoryAllocLearned::MEME] Reading suffix array into memory
[M::memoryAllocLearned::MEME] Loading pos_packed file took 16.899 sec
[M::memoryAllocLearned::MEME] Generating SA, 64-bit Suffix and ISA in memory
[M::memoryAllocLearned::MEME] Runtime-build-index took 15.198 sec
3. Memory pre-allocation for BWT: 8632.1949 MB
------------------------------------------
* Threads used (compute): 40
* No. of pipeline threads: 2

[0000] read_chunk: 400000000, work_chunk_size: 400000058, nseq: 4445110
	[0000][ M::kt_pipeline] read 4445110 sequences (400000058 bp)...
[0000] Reallocating initial memory allocations!!
[0000] Calling mem_process_seqs.., task: 0
[0000] 1. Calling kt_for - worker_bwt
[0000] 2. Calling kt_for - worker_aln
[0000] Inferring insert size distribution of PE reads from data, l_pac: 798880421, n: 4445110
[0000][PE] # candidate unique pairs for (FF, FR, RF, RR): (16, 1716540, 31, 7)
[0000][PE] analyzing insert size distribution for orientation FF...
[0000][PE] (25, 50, 75) percentile: (68, 85, 143)
[0000][PE] low and high boundaries for computing mean and std.dev: (1, 293)
[0000][PE] mean and std.dev: (89.73, 54.63)
[0000][PE] low and high boundaries for proper pairs: (1, 368)
[0000][PE] analyzing insert size distribution for orientation FR...
[0000][PE] (25, 50, 75) percentile: (61, 82, 115)
[0000][PE] low and high boundaries for computing mean and std.dev: (1, 223)
[0000][PE] mean and std.dev: (90.26, 39.39)
[0000][PE] low and high boundaries for proper pairs: (1, 277)
[0000][PE] analyzing insert size distribution for orientation RF...
[0000][PE] (25, 50, 75) percentile: (89, 209, 432)
[0000][PE] low and high boundaries for computing mean and std.dev: (1, 1118)
[0000][PE] mean and std.dev: (214.79, 159.96)
[0000][PE] low and high boundaries for proper pairs: (1, 1461)
[0000][PE] skip orientation RR as there are not enough pairs
[0000][PE] skip orientation FF
[0000][PE] skip orientation RF
[0000] 3. Calling kt_for - worker_sam
[0000] read_chunk: 400000000, work_chunk_size: 400000196, nseq: 4429658
	[0000][ M::kt_pipeline] read 4429658 sequences (400000196 bp)...
	[0000][ M::mem_process_seqs] Processed 4445110 reads in 521.292 CPU sec, 13.648 real sec
[0000] Calling mem_process_seqs.., task: 1
[0000] 1. Calling kt_for - worker_bwt
[0000] 2. Calling kt_for - worker_aln
[0000] Inferring insert size distribution of PE reads from data, l_pac: 798880421, n: 4429658
[0000][PE] # candidate unique pairs for (FF, FR, RF, RR): (9, 1696141, 41, 11)
[0000][PE] skip orientation FF as there are not enough pairs
[0000][PE] analyzing insert size distribution for orientation FR...
[0000][PE] (25, 50, 75) percentile: (61, 82, 115)
[0000][PE] low and high boundaries for computing mean and std.dev: (1, 223)
[0000][PE] mean and std.dev: (90.36, 39.41)
[0000][PE] low and high boundaries for proper pairs: (1, 277)
[0000][PE] analyzing insert size distribution for orientation RF...
[0000][PE] (25, 50, 75) percentile: (123, 252, 580)
[0000][PE] low and high boundaries for computing mean and std.dev: (1, 1494)
[0000][PE] mean and std.dev: (343.59, 366.61)
[0000][PE] low and high boundaries for proper pairs: (1, 1951)
[0000][PE] analyzing insert size distribution for orientation RR...
[0000][PE] (25, 50, 75) percentile: (27, 48, 142)
[0000][PE] low and high boundaries for computing mean and std.dev: (1, 372)
[0000][PE] mean and std.dev: (67.90, 56.39)
[0000][PE] low and high boundaries for proper pairs: (1, 487)
[0000][PE] skip orientation RF
[0000][PE] skip orientation RR
[0000] 3. Calling kt_for - worker_sam
	[0000][ M::mem_process_seqs] Processed 4429658 reads in 544.809 CPU sec, 14.688 real sec
[0000] read_chunk: 400000000, work_chunk_size: 259540710, nseq: 2883870
	[0000][ M::kt_pipeline] read 2883870 sequences (259540710 bp)...
[0000] Calling mem_process_seqs.., task: 2
[0000] 1. Calling kt_for - worker_bwt
[0000] 2. Calling kt_for - worker_aln
[0000] read_chunk: 400000000, work_chunk_size: 0, nseq: 0
[0000] Inferring insert size distribution of PE reads from data, l_pac: 798880421, n: 2883870
[0000][PE] # candidate unique pairs for (FF, FR, RF, RR): (3, 1110439, 24, 9)
[0000][PE] skip orientation FF as there are not enough pairs
[0000][PE] analyzing insert size distribution for orientation FR...
[0000][PE] (25, 50, 75) percentile: (61, 82, 115)
[0000][PE] low and high boundaries for computing mean and std.dev: (1, 223)
[0000][PE] mean and std.dev: (90.21, 39.39)
[0000][PE] low and high boundaries for proper pairs: (1, 277)
[0000][PE] analyzing insert size distribution for orientation RF...
[0000][PE] (25, 50, 75) percentile: (140, 356, 726)
[0000][PE] low and high boundaries for computing mean and std.dev: (1, 1898)
[0000][PE] mean and std.dev: (390.45, 370.02)
[0000][PE] low and high boundaries for proper pairs: (1, 2484)
[0000][PE] skip orientation RR as there are not enough pairs
[0000][PE] skip orientation RF
[0000] 3. Calling kt_for - worker_sam
	[0000][ M::mem_process_seqs] Processed 2883870 reads in 342.589 CPU sec, 9.365 real sec
[0000] read_chunk: 400000000, work_chunk_size: 0, nseq: 0
[0000] Computation ends..
No. of OMP threads: 40
Processor is running @2394.752784 MHz
Runtime profile:

	Time taken for main_mem function: 90.69 sec

	IO times (sec) :
	Reading IO time (reads) avg: 30.36, (30.36, 30.36)
	Writing IO time (SAM) avg: 13.52, (13.52, 13.52)
	Reading IO time (Reference Genome) avg: 1.07, (1.07, 1.07)
	Index read time avg: 0.38, (0.38, 0.38)

	Overall time (sec) (Excluding Index reading time):
	PROCESS() (Total compute time + (read + SAM) IO time) : 89.03
	MEM_PROCESS_SEQ() (Total compute time (Kernel + SAM)), avg: 37.69, (37.69, 37.69)

	 SAM Processing time (sec):
	--WORKER_SAM avg: 12.01, (12.01, 12.01)

	Kernels' compute time (sec):
	Total kernel (smem+sal+bsw) time avg: 24.58, (24.58, 24.58)
		MEM_ALN_CHAIN_FLT avg: 0.00, (0.00, 0.00)
		MEM_ALN_CHAIN_SEED avg: 0.00, (0.00, 0.00)
		ERT_SEED_CHAIN avg: 0.00, (0.00, 0.00)
	LEARNED_SEED_CHAIN avg: 11.04, (11.20, 11.01)
		SMEM compute avg: 0.00, (0.00, 0.00)
		SAL compute avg: 0.00, (0.00, 0.00)
				MEM_SA avg: 0.00, (0.00, 0.00)

		BSW time, avg: 12.67, (12.79, 12.54)

Important parameter settings: 
	BATCH_SIZE: 512
	MAX_SEQ_LEN_REF: 256
	MAX_SEQ_LEN_QER: 128
	MAX_SEQ_LEN8: 128
	SEEDS_PER_READ: 500
	SIMD_WIDTH8 X: 64
	SIMD_WIDTH16 X: 32
	AVG_SEEDS_PER_READ: 64
