Looking to launch executable "/opt/conda/bin/bwa-meme_mode3.avx512bw", simd = _mode3.avx512bw
Launching executable "/opt/conda/bin/bwa-meme_mode3.avx512bw"
-----------------------------
Executing in AVX512 mode!!
-----------------------------
* SA compression enabled with xfactor: 8
* Ref file: reference.denovoSSL.Sin.fasta
* Entering FMI_search
Reading other elements of the index from files reference.denovoSSL.Sin.fasta
* Index prefix: reference.denovoSSL.Sin.fasta
* Read 0 ALT contigs
* Reading reference genome..
* Binary seq file = reference.denovoSSL.Sin.fasta.0123
* Reference genome size: 1597760842 bp
* Done reading reference genome !!

------------------------------------------
1. Memory pre-allocation for Chaining: 5679.4903 MB
2. Memory pre-allocation for BSW: 9584.6810 MB
[M::memoryAllocLearned::MEME] Reading Learned-index models into memory
[Learned-Config] MODE:3 SEARCH_METHOD: 1 MEM_TRADEOFF:1 EXPONENTIAL_SMEMSEARCH: 1 DEBUG_MODE:0 Num 2nd Models:268435456 PWL Bits Used:28
[M::memoryAllocLearned::MEME] Loading RMI model and Pac reference file took 11.958 sec
[M::memoryAllocLearned::MEME] Reading suffix array into memory
[M::memoryAllocLearned::MEME] Loading pos_packed file took 17.735 sec
[M::memoryAllocLearned::MEME] Generating SA, 64-bit Suffix and ISA in memory
[M::memoryAllocLearned::MEME] Runtime-build-index took 15.131 sec
3. Memory pre-allocation for BWT: 8632.1949 MB
------------------------------------------
* Threads used (compute): 40
* No. of pipeline threads: 2

[0000] read_chunk: 400000000, work_chunk_size: 400000123, nseq: 4807936
	[0000][ M::kt_pipeline] read 4807936 sequences (400000123 bp)...
[0000] Reallocating initial memory allocations!!
[0000] Calling mem_process_seqs.., task: 0
[0000] 1. Calling kt_for - worker_bwt
[0000] 2. Calling kt_for - worker_aln
[0000] read_chunk: 400000000, work_chunk_size: 400000214, nseq: 4847610
	[0000][ M::kt_pipeline] read 4847610 sequences (400000214 bp)...
[0000] Inferring insert size distribution of PE reads from data, l_pac: 798880421, n: 4807936
[0000][PE] # candidate unique pairs for (FF, FR, RF, RR): (128, 1429188, 21, 151)
[0000][PE] analyzing insert size distribution for orientation FF...
[0000][PE] (25, 50, 75) percentile: (27, 38, 54)
[0000][PE] low and high boundaries for computing mean and std.dev: (1, 108)
[0000][PE] mean and std.dev: (41.10, 22.48)
[0000][PE] low and high boundaries for proper pairs: (1, 135)
[0000][PE] analyzing insert size distribution for orientation FR...
[0000][PE] (25, 50, 75) percentile: (60, 75, 94)
[0000][PE] low and high boundaries for computing mean and std.dev: (1, 162)
[0000][PE] mean and std.dev: (78.11, 25.04)
[0000][PE] low and high boundaries for proper pairs: (1, 196)
[0000][PE] analyzing insert size distribution for orientation RF...
[0000][PE] (25, 50, 75) percentile: (122, 165, 498)
[0000][PE] low and high boundaries for computing mean and std.dev: (1, 1250)
[0000][PE] mean and std.dev: (235.00, 200.17)
[0000][PE] low and high boundaries for proper pairs: (1, 1626)
[0000][PE] analyzing insert size distribution for orientation RR...
[0000][PE] (25, 50, 75) percentile: (25, 36, 55)
[0000][PE] low and high boundaries for computing mean and std.dev: (1, 115)
[0000][PE] mean and std.dev: (40.19, 22.03)
[0000][PE] low and high boundaries for proper pairs: (1, 145)
[0000][PE] skip orientation FF
[0000][PE] skip orientation RF
[0000][PE] skip orientation RR
[0000] 3. Calling kt_for - worker_sam
	[0000][ M::mem_process_seqs] Processed 4807936 reads in 998.683 CPU sec, 25.794 real sec
[0000] Reallocating initial memory allocations!!
[0000] Calling mem_process_seqs.., task: 1
[0000] 1. Calling kt_for - worker_bwt
[0000] read_chunk: 400000000, work_chunk_size: 400000131, nseq: 4691118
[0000] 2. Calling kt_for - worker_aln
	[0000][ M::kt_pipeline] read 4691118 sequences (400000131 bp)...
[0000] Inferring insert size distribution of PE reads from data, l_pac: 798880421, n: 4847610
[0000][PE] # candidate unique pairs for (FF, FR, RF, RR): (149, 1459789, 16, 153)
[0000][PE] analyzing insert size distribution for orientation FF...
[0000][PE] (25, 50, 75) percentile: (25, 35, 48)
[0000][PE] low and high boundaries for computing mean and std.dev: (1, 94)
[0000][PE] mean and std.dev: (37.14, 17.76)
[0000][PE] low and high boundaries for proper pairs: (1, 117)
[0000][PE] analyzing insert size distribution for orientation FR...
[0000][PE] (25, 50, 75) percentile: (60, 75, 94)
[0000][PE] low and high boundaries for computing mean and std.dev: (1, 162)
[0000][PE] mean and std.dev: (78.11, 25.01)
[0000][PE] low and high boundaries for proper pairs: (1, 196)
[0000][PE] analyzing insert size distribution for orientation RF...
[0000][PE] (25, 50, 75) percentile: (185, 235, 507)
[0000][PE] low and high boundaries for computing mean and std.dev: (1, 1151)
[0000][PE] mean and std.dev: (315.07, 260.27)
[0000][PE] low and high boundaries for proper pairs: (1, 1473)
[0000][PE] analyzing insert size distribution for orientation RR...
[0000][PE] (25, 50, 75) percentile: (26, 37, 51)
[0000][PE] low and high boundaries for computing mean and std.dev: (1, 101)
[0000][PE] mean and std.dev: (39.96, 20.05)
[0000][PE] low and high boundaries for proper pairs: (1, 126)
[0000][PE] skip orientation FF
[0000][PE] skip orientation RF
[0000][PE] skip orientation RR
[0000] 3. Calling kt_for - worker_sam
	[0000][ M::mem_process_seqs] Processed 4847610 reads in 1008.639 CPU sec, 27.830 real sec
[0000] Calling mem_process_seqs.., task: 2
[0000] 1. Calling kt_for - worker_bwt
[0000] 2. Calling kt_for - worker_aln
[0000] read_chunk: 400000000, work_chunk_size: 400000192, nseq: 4805888
	[0000][ M::kt_pipeline] read 4805888 sequences (400000192 bp)...
[0000] Inferring insert size distribution of PE reads from data, l_pac: 798880421, n: 4691118
[0000][PE] # candidate unique pairs for (FF, FR, RF, RR): (98, 1198416, 13, 119)
[0000][PE] analyzing insert size distribution for orientation FF...
[0000][PE] (25, 50, 75) percentile: (26, 36, 54)
[0000][PE] low and high boundaries for computing mean and std.dev: (1, 110)
[0000][PE] mean and std.dev: (41.02, 21.65)
[0000][PE] low and high boundaries for proper pairs: (1, 138)
[0000][PE] analyzing insert size distribution for orientation FR...
[0000][PE] (25, 50, 75) percentile: (60, 75, 94)
[0000][PE] low and high boundaries for computing mean and std.dev: (1, 162)
[0000][PE] mean and std.dev: (78.19, 25.03)
[0000][PE] low and high boundaries for proper pairs: (1, 196)
[0000][PE] analyzing insert size distribution for orientation RF...
[0000][PE] (25, 50, 75) percentile: (218, 310, 604)
[0000][PE] low and high boundaries for computing mean and std.dev: (1, 1376)
[0000][PE] mean and std.dev: (344.67, 207.32)
[0000][PE] low and high boundaries for proper pairs: (1, 1762)
[0000][PE] analyzing insert size distribution for orientation RR...
[0000][PE] (25, 50, 75) percentile: (27, 38, 50)
[0000][PE] low and high boundaries for computing mean and std.dev: (1, 96)
[0000][PE] mean and std.dev: (38.74, 18.34)
[0000][PE] low and high boundaries for proper pairs: (1, 119)
[0000][PE] skip orientation FF
[0000][PE] skip orientation RF
[0000][PE] skip orientation RR
[0000] 3. Calling kt_for - worker_sam
	[0000][ M::mem_process_seqs] Processed 4691118 reads in 1245.344 CPU sec, 33.739 real sec
[0000] Calling mem_process_seqs.., task: 3
[0000] 1. Calling kt_for - worker_bwt
[0000] 2. Calling kt_for - worker_aln
[0000] Inferring insert size distribution of PE reads from data, l_pac: 798880421, n: 4805888
[0000][PE] # candidate unique pairs for (FF, FR, RF, RR): (160, 1409111, 16, 133)
[0000][PE] analyzing insert size distribution for orientation FF...
[0000][PE] (25, 50, 75) percentile: (24, 35, 51)
[0000][PE] low and high boundaries for computing mean and std.dev: (1, 105)
[0000][PE] mean and std.dev: (38.64, 21.18)
[0000][PE] low and high boundaries for proper pairs: (1, 132)
[0000][PE] analyzing insert size distribution for orientation FR...
[0000][PE] (25, 50, 75) percentile: (60, 75, 94)
[0000][PE] low and high boundaries for computing mean and std.dev: (1, 162)
[0000][PE] mean and std.dev: (78.12, 25.02)
[0000][PE] low and high boundaries for proper pairs: (1, 196)
[0000][PE] analyzing insert size distribution for orientation RF...
[0000][PE] (25, 50, 75) percentile: (73, 115, 443)
[0000][PE] low and high boundaries for computing mean and std.dev: (1, 1183)
[0000][PE] mean and std.dev: (262.25, 265.24)
[0000][PE] low and high boundaries for proper pairs: (1, 1553)
[0000][PE] analyzing insert size distribution for orientation RR...
[0000][PE] (25, 50, 75) percentile: (24, 33, 46)
[0000][PE] low and high boundaries for computing mean and std.dev: (1, 90)
[0000][PE] mean and std.dev: (35.46, 17.36)
[0000][PE] low and high boundaries for proper pairs: (1, 112)
[0000][PE] skip orientation FF
[0000][PE] skip orientation RF
[0000][PE] skip orientation RR
[0000] 3. Calling kt_for - worker_sam
[0000] read_chunk: 400000000, work_chunk_size: 400000136, nseq: 4779430
	[0000][ M::kt_pipeline] read 4779430 sequences (400000136 bp)...
	[0000][ M::mem_process_seqs] Processed 4805888 reads in 1115.161 CPU sec, 30.563 real sec
[0000] Calling mem_process_seqs.., task: 4
[0000] 1. Calling kt_for - worker_bwt
[0000] 2. Calling kt_for - worker_aln
[0000] read_chunk: 400000000, work_chunk_size: 84081263, nseq: 1012074
	[0000][ M::kt_pipeline] read 1012074 sequences (84081263 bp)...
[0000] Inferring insert size distribution of PE reads from data, l_pac: 798880421, n: 4779430
[0000][PE] # candidate unique pairs for (FF, FR, RF, RR): (109, 1298472, 18, 141)
[0000][PE] analyzing insert size distribution for orientation FF...
[0000][PE] (25, 50, 75) percentile: (22, 32, 43)
[0000][PE] low and high boundaries for computing mean and std.dev: (1, 85)
[0000][PE] mean and std.dev: (33.24, 16.48)
[0000][PE] low and high boundaries for proper pairs: (1, 106)
[0000][PE] analyzing insert size distribution for orientation FR...
[0000][PE] (25, 50, 75) percentile: (60, 75, 94)
[0000][PE] low and high boundaries for computing mean and std.dev: (1, 162)
[0000][PE] mean and std.dev: (78.10, 25.01)
[0000][PE] low and high boundaries for proper pairs: (1, 196)
[0000][PE] analyzing insert size distribution for orientation RF...
[0000][PE] (25, 50, 75) percentile: (18, 99, 285)
[0000][PE] low and high boundaries for computing mean and std.dev: (1, 819)
[0000][PE] mean and std.dev: (179.33, 191.76)
[0000][PE] low and high boundaries for proper pairs: (1, 1086)
[0000][PE] analyzing insert size distribution for orientation RR...
[0000][PE] (25, 50, 75) percentile: (26, 39, 54)
[0000][PE] low and high boundaries for computing mean and std.dev: (1, 110)
[0000][PE] mean and std.dev: (40.93, 21.45)
[0000][PE] low and high boundaries for proper pairs: (1, 138)
[0000][PE] skip orientation FF
[0000][PE] skip orientation RF
[0000][PE] skip orientation RR
[0000] 3. Calling kt_for - worker_sam
	[0000][ M::mem_process_seqs] Processed 4779430 reads in 1145.704 CPU sec, 30.448 real sec
[0000] Calling mem_process_seqs.., task: 5
[0000] 1. Calling kt_for - worker_bwt
[0000] 2. Calling kt_for - worker_aln
[0000] Inferring insert size distribution of PE reads from data, l_pac: 798880421, n: 1012074
[0000][PE] # candidate unique pairs for (FF, FR, RF, RR): (25, 302897, 7, 37)
[0000][PE] analyzing insert size distribution for orientation FF...
[0000][PE] (25, 50, 75) percentile: (25, 41, 60)
[0000][PE] low and high boundaries for computing mean and std.dev: (1, 130)
[0000][PE] mean and std.dev: (40.75, 22.98)
[0000][PE] low and high boundaries for proper pairs: (1, 165)
[0000][PE] analyzing insert size distribution for orientation FR...
[0000][PE] (25, 50, 75) percentile: (60, 75, 94)
[0000][PE] low and high boundaries for computing mean and std.dev: (1, 162)
[0000][PE] mean and std.dev: (78.14, 25.02)
[0000][PE] low and high boundaries for proper pairs: (1, 196)
[0000][PE] skip orientation RF as there are not enough pairs
[0000][PE] analyzing insert size distribution for orientation RR...
[0000][PE] (25, 50, 75) percentile: (29, 38, 55)
[0000][PE] low and high boundaries for computing mean and std.dev: (1, 107)
[0000][PE] mean and std.dev: (40.03, 16.31)
[0000][PE] low and high boundaries for proper pairs: (1, 133)
[0000][PE] skip orientation FF
[0000][PE] skip orientation RR
[0000] 3. Calling kt_for - worker_sam
[0000] read_chunk: 400000000, work_chunk_size: 0, nseq: 0
	[0000][ M::mem_process_seqs] Processed 1012074 reads in 218.319 CPU sec, 7.456 real sec
[0000] read_chunk: 400000000, work_chunk_size: 0, nseq: 0
[0000] Computation ends..
No. of OMP threads: 40
Processor is running @2394.727530 MHz
Runtime profile:

	Time taken for main_mem function: 216.77 sec

	IO times (sec) :
	Reading IO time (reads) avg: 64.57, (64.57, 64.57)
	Writing IO time (SAM) avg: 43.69, (43.69, 43.69)
	Reading IO time (Reference Genome) avg: 1.15, (1.15, 1.15)
	Index read time avg: 0.38, (0.38, 0.38)

	Overall time (sec) (Excluding Index reading time):
	PROCESS() (Total compute time + (read + SAM) IO time) : 215.03
	MEM_PROCESS_SEQ() (Total compute time (Kernel + SAM)), avg: 155.81, (155.81, 155.81)

	 SAM Processing time (sec):
	--WORKER_SAM avg: 38.07, (38.07, 38.07)

	Kernels' compute time (sec):
	Total kernel (smem+sal+bsw) time avg: 115.56, (115.56, 115.56)
		MEM_ALN_CHAIN_FLT avg: 0.00, (0.00, 0.00)
		MEM_ALN_CHAIN_SEED avg: 0.00, (0.00, 0.00)
		ERT_SEED_CHAIN avg: 0.00, (0.00, 0.00)
	LEARNED_SEED_CHAIN avg: 49.60, (49.87, 49.45)
		SMEM compute avg: 0.00, (0.00, 0.00)
		SAL compute avg: 0.00, (0.00, 0.00)
				MEM_SA avg: 0.00, (0.00, 0.00)

		BSW time, avg: 60.99, (61.27, 60.55)

Important parameter settings: 
	BATCH_SIZE: 512
	MAX_SEQ_LEN_REF: 256
	MAX_SEQ_LEN_QER: 128
	MAX_SEQ_LEN8: 128
	SEEDS_PER_READ: 500
	SIMD_WIDTH8 X: 64
	SIMD_WIDTH16 X: 32
	AVG_SEEDS_PER_READ: 64
