Looking to launch executable "/opt/conda/bin/bwa-meme_mode3.avx512bw", simd = _mode3.avx512bw
Launching executable "/opt/conda/bin/bwa-meme_mode3.avx512bw"
-----------------------------
Executing in AVX512 mode!!
-----------------------------
* SA compression enabled with xfactor: 8
* Ref file: reference.denovoSSL.Sin.fasta
* Entering FMI_search
Reading other elements of the index from files reference.denovoSSL.Sin.fasta
* Index prefix: reference.denovoSSL.Sin.fasta
* Read 0 ALT contigs
* Reading reference genome..
* Binary seq file = reference.denovoSSL.Sin.fasta.0123
* Reference genome size: 1597760842 bp
* Done reading reference genome !!

------------------------------------------
1. Memory pre-allocation for Chaining: 5679.4903 MB
2. Memory pre-allocation for BSW: 9584.6810 MB
[M::memoryAllocLearned::MEME] Reading Learned-index models into memory
[Learned-Config] MODE:3 SEARCH_METHOD: 1 MEM_TRADEOFF:1 EXPONENTIAL_SMEMSEARCH: 1 DEBUG_MODE:0 Num 2nd Models:268435456 PWL Bits Used:28
[M::memoryAllocLearned::MEME] Loading RMI model and Pac reference file took 12.080 sec
[M::memoryAllocLearned::MEME] Reading suffix array into memory
[M::memoryAllocLearned::MEME] Loading pos_packed file took 16.823 sec
[M::memoryAllocLearned::MEME] Generating SA, 64-bit Suffix and ISA in memory
[M::memoryAllocLearned::MEME] Runtime-build-index took 15.174 sec
3. Memory pre-allocation for BWT: 8632.1949 MB
------------------------------------------
* Threads used (compute): 40
* No. of pipeline threads: 2

[0000] read_chunk: 400000000, work_chunk_size: 400000095, nseq: 5034014
	[0000][ M::kt_pipeline] read 5034014 sequences (400000095 bp)...
[0000] Reallocating initial memory allocations!!
[0000] Calling mem_process_seqs.., task: 0
[0000] 1. Calling kt_for - worker_bwt
[0000] read_chunk: 400000000, work_chunk_size: 400000013, nseq: 5085048
	[0000][ M::kt_pipeline] read 5085048 sequences (400000013 bp)...
[0000] 2. Calling kt_for - worker_aln
[0000] Inferring insert size distribution of PE reads from data, l_pac: 798880421, n: 5034014
[0000][PE] # candidate unique pairs for (FF, FR, RF, RR): (317, 1252012, 4, 337)
[0000][PE] analyzing insert size distribution for orientation FF...
[0000][PE] (25, 50, 75) percentile: (26, 33, 45)
[0000][PE] low and high boundaries for computing mean and std.dev: (1, 83)
[0000][PE] mean and std.dev: (34.84, 16.15)
[0000][PE] low and high boundaries for proper pairs: (1, 102)
[0000][PE] analyzing insert size distribution for orientation FR...
[0000][PE] (25, 50, 75) percentile: (56, 69, 85)
[0000][PE] low and high boundaries for computing mean and std.dev: (1, 143)
[0000][PE] mean and std.dev: (71.49, 21.73)
[0000][PE] low and high boundaries for proper pairs: (1, 172)
[0000][PE] skip orientation RF as there are not enough pairs
[0000][PE] analyzing insert size distribution for orientation RR...
[0000][PE] (25, 50, 75) percentile: (27, 34, 50)
[0000][PE] low and high boundaries for computing mean and std.dev: (1, 96)
[0000][PE] mean and std.dev: (38.75, 18.28)
[0000][PE] low and high boundaries for proper pairs: (1, 119)
[0000][PE] skip orientation FF
[0000][PE] skip orientation RR
[0000] 3. Calling kt_for - worker_sam
	[0000][ M::mem_process_seqs] Processed 5034014 reads in 1334.890 CPU sec, 34.454 real sec
[0000] Reallocating initial memory allocations!!
[0000] Calling mem_process_seqs.., task: 1
[0000] 1. Calling kt_for - worker_bwt
[0000] 2. Calling kt_for - worker_aln
[0000] read_chunk: 400000000, work_chunk_size: 400000118, nseq: 4831690
	[0000][ M::kt_pipeline] read 4831690 sequences (400000118 bp)...
[0000] Inferring insert size distribution of PE reads from data, l_pac: 798880421, n: 5085048
[0000][PE] # candidate unique pairs for (FF, FR, RF, RR): (325, 1266409, 15, 374)
[0000][PE] analyzing insert size distribution for orientation FF...
[0000][PE] (25, 50, 75) percentile: (26, 37, 51)
[0000][PE] low and high boundaries for computing mean and std.dev: (1, 101)
[0000][PE] mean and std.dev: (39.89, 19.76)
[0000][PE] low and high boundaries for proper pairs: (1, 126)
[0000][PE] analyzing insert size distribution for orientation FR...
[0000][PE] (25, 50, 75) percentile: (56, 69, 85)
[0000][PE] low and high boundaries for computing mean and std.dev: (1, 143)
[0000][PE] mean and std.dev: (71.49, 21.73)
[0000][PE] low and high boundaries for proper pairs: (1, 172)
[0000][PE] analyzing insert size distribution for orientation RF...
[0000][PE] (25, 50, 75) percentile: (78, 140, 426)
[0000][PE] low and high boundaries for computing mean and std.dev: (1, 1122)
[0000][PE] mean and std.dev: (247.60, 228.36)
[0000][PE] low and high boundaries for proper pairs: (1, 1470)
[0000][PE] analyzing insert size distribution for orientation RR...
[0000][PE] (25, 50, 75) percentile: (26, 34, 49)
[0000][PE] low and high boundaries for computing mean and std.dev: (1, 95)
[0000][PE] mean and std.dev: (37.19, 18.10)
[0000][PE] low and high boundaries for proper pairs: (1, 118)
[0000][PE] skip orientation FF
[0000][PE] skip orientation RF
[0000][PE] skip orientation RR
[0000] 3. Calling kt_for - worker_sam
	[0000][ M::mem_process_seqs] Processed 5085048 reads in 1376.346 CPU sec, 36.022 real sec
[0000] Calling mem_process_seqs.., task: 2
[0000] 1. Calling kt_for - worker_bwt
[0000] 2. Calling kt_for - worker_aln
[0000] read_chunk: 400000000, work_chunk_size: 400000065, nseq: 4994196
	[0000][ M::kt_pipeline] read 4994196 sequences (400000065 bp)...
[0000] Inferring insert size distribution of PE reads from data, l_pac: 798880421, n: 4831690
[0000][PE] # candidate unique pairs for (FF, FR, RF, RR): (252, 956925, 6, 274)
[0000][PE] analyzing insert size distribution for orientation FF...
[0000][PE] (25, 50, 75) percentile: (25, 34, 47)
[0000][PE] low and high boundaries for computing mean and std.dev: (1, 91)
[0000][PE] mean and std.dev: (36.49, 17.40)
[0000][PE] low and high boundaries for proper pairs: (1, 113)
[0000][PE] analyzing insert size distribution for orientation FR...
[0000][PE] (25, 50, 75) percentile: (56, 69, 85)
[0000][PE] low and high boundaries for computing mean and std.dev: (1, 143)
[0000][PE] mean and std.dev: (71.63, 21.78)
[0000][PE] low and high boundaries for proper pairs: (1, 172)
[0000][PE] skip orientation RF as there are not enough pairs
[0000][PE] analyzing insert size distribution for orientation RR...
[0000][PE] (25, 50, 75) percentile: (26, 35, 45)
[0000][PE] low and high boundaries for computing mean and std.dev: (1, 83)
[0000][PE] mean and std.dev: (35.84, 14.74)
[0000][PE] low and high boundaries for proper pairs: (1, 102)
[0000][PE] skip orientation FF
[0000][PE] skip orientation RR
[0000] 3. Calling kt_for - worker_sam
	[0000][ M::mem_process_seqs] Processed 4831690 reads in 1576.926 CPU sec, 41.300 real sec
[0000] Calling mem_process_seqs.., task: 3
[0000] 1. Calling kt_for - worker_bwt
[0000] 2. Calling kt_for - worker_aln
[0000] read_chunk: 400000000, work_chunk_size: 339552982, nseq: 4215902
	[0000][ M::kt_pipeline] read 4215902 sequences (339552982 bp)...
[0000] Inferring insert size distribution of PE reads from data, l_pac: 798880421, n: 4994196
[0000][PE] # candidate unique pairs for (FF, FR, RF, RR): (316, 1176366, 8, 287)
[0000][PE] analyzing insert size distribution for orientation FF...
[0000][PE] (25, 50, 75) percentile: (25, 34, 50)
[0000][PE] low and high boundaries for computing mean and std.dev: (1, 100)
[0000][PE] mean and std.dev: (37.79, 19.46)
[0000][PE] low and high boundaries for proper pairs: (1, 125)
[0000][PE] analyzing insert size distribution for orientation FR...
[0000][PE] (25, 50, 75) percentile: (56, 69, 85)
[0000][PE] low and high boundaries for computing mean and std.dev: (1, 143)
[0000][PE] mean and std.dev: (71.52, 21.75)
[0000][PE] low and high boundaries for proper pairs: (1, 172)
[0000][PE] skip orientation RF as there are not enough pairs
[0000][PE] analyzing insert size distribution for orientation RR...
[0000][PE] (25, 50, 75) percentile: (25, 34, 47)
[0000][PE] low and high boundaries for computing mean and std.dev: (1, 91)
[0000][PE] mean and std.dev: (36.73, 17.17)
[0000][PE] low and high boundaries for proper pairs: (1, 113)
[0000][PE] skip orientation FF
[0000][PE] skip orientation RR
[0000] 3. Calling kt_for - worker_sam
	[0000][ M::mem_process_seqs] Processed 4994196 reads in 1521.694 CPU sec, 40.468 real sec
[0000] Calling mem_process_seqs.., task: 4
[0000] 1. Calling kt_for - worker_bwt
[0000] read_chunk: 400000000, work_chunk_size: 0, nseq: 0
[0000] 2. Calling kt_for - worker_aln
[0000] Inferring insert size distribution of PE reads from data, l_pac: 798880421, n: 4215902
[0000][PE] # candidate unique pairs for (FF, FR, RF, RR): (225, 924362, 7, 229)
[0000][PE] analyzing insert size distribution for orientation FF...
[0000][PE] (25, 50, 75) percentile: (25, 34, 43)
[0000][PE] low and high boundaries for computing mean and std.dev: (1, 79)
[0000][PE] mean and std.dev: (34.49, 16.33)
[0000][PE] low and high boundaries for proper pairs: (1, 100)
[0000][PE] analyzing insert size distribution for orientation FR...
[0000][PE] (25, 50, 75) percentile: (56, 69, 85)
[0000][PE] low and high boundaries for computing mean and std.dev: (1, 143)
[0000][PE] mean and std.dev: (71.49, 21.73)
[0000][PE] low and high boundaries for proper pairs: (1, 172)
[0000][PE] skip orientation RF as there are not enough pairs
[0000][PE] analyzing insert size distribution for orientation RR...
[0000][PE] (25, 50, 75) percentile: (26, 34, 49)
[0000][PE] low and high boundaries for computing mean and std.dev: (1, 95)
[0000][PE] mean and std.dev: (38.05, 17.84)
[0000][PE] low and high boundaries for proper pairs: (1, 118)
[0000][PE] skip orientation FF
[0000][PE] skip orientation RR
[0000] 3. Calling kt_for - worker_sam
	[0000][ M::mem_process_seqs] Processed 4215902 reads in 1216.921 CPU sec, 32.831 real sec
[0000] read_chunk: 400000000, work_chunk_size: 0, nseq: 0
[0000] Computation ends..
No. of OMP threads: 40
Processor is running @2394.728862 MHz
Runtime profile:

	Time taken for main_mem function: 242.67 sec

	IO times (sec) :
	Reading IO time (reads) avg: 58.97, (58.97, 58.97)
	Writing IO time (SAM) avg: 37.37, (37.37, 37.37)
	Reading IO time (Reference Genome) avg: 0.96, (0.96, 0.96)
	Index read time avg: 0.38, (0.38, 0.38)

	Overall time (sec) (Excluding Index reading time):
	PROCESS() (Total compute time + (read + SAM) IO time) : 241.12
	MEM_PROCESS_SEQ() (Total compute time (Kernel + SAM)), avg: 185.05, (185.05, 185.05)

	 SAM Processing time (sec):
	--WORKER_SAM avg: 43.95, (43.95, 43.95)

	Kernels' compute time (sec):
	Total kernel (smem+sal+bsw) time avg: 139.15, (139.15, 139.15)
		MEM_ALN_CHAIN_FLT avg: 0.00, (0.00, 0.00)
		MEM_ALN_CHAIN_SEED avg: 0.00, (0.00, 0.00)
		ERT_SEED_CHAIN avg: 0.00, (0.00, 0.00)
	LEARNED_SEED_CHAIN avg: 59.14, (59.63, 58.90)
		SMEM compute avg: 0.00, (0.00, 0.00)
		SAL compute avg: 0.00, (0.00, 0.00)
				MEM_SA avg: 0.00, (0.00, 0.00)

		BSW time, avg: 72.78, (73.15, 72.39)

Important parameter settings: 
	BATCH_SIZE: 512
	MAX_SEQ_LEN_REF: 256
	MAX_SEQ_LEN_QER: 128
	MAX_SEQ_LEN8: 128
	SEEDS_PER_READ: 500
	SIMD_WIDTH8 X: 64
	SIMD_WIDTH16 X: 32
	AVG_SEEDS_PER_READ: 64
