Looking to launch executable "/opt/conda/bin/bwa-meme_mode3.avx512bw", simd = _mode3.avx512bw
Launching executable "/opt/conda/bin/bwa-meme_mode3.avx512bw"
-----------------------------
Executing in AVX512 mode!!
-----------------------------
* SA compression enabled with xfactor: 8
* Ref file: reference.denovoSSL.Sin.fasta
* Entering FMI_search
Reading other elements of the index from files reference.denovoSSL.Sin.fasta
* Index prefix: reference.denovoSSL.Sin.fasta
* Read 0 ALT contigs
* Reading reference genome..
* Binary seq file = reference.denovoSSL.Sin.fasta.0123
* Reference genome size: 1597760842 bp
* Done reading reference genome !!

------------------------------------------
1. Memory pre-allocation for Chaining: 5679.4903 MB
2. Memory pre-allocation for BSW: 9584.6810 MB
[M::memoryAllocLearned::MEME] Reading Learned-index models into memory
[Learned-Config] MODE:3 SEARCH_METHOD: 1 MEM_TRADEOFF:1 EXPONENTIAL_SMEMSEARCH: 1 DEBUG_MODE:0 Num 2nd Models:268435456 PWL Bits Used:28
[M::memoryAllocLearned::MEME] Loading RMI model and Pac reference file took 12.473 sec
[M::memoryAllocLearned::MEME] Reading suffix array into memory
[M::memoryAllocLearned::MEME] Loading pos_packed file took 18.637 sec
[M::memoryAllocLearned::MEME] Generating SA, 64-bit Suffix and ISA in memory
[M::memoryAllocLearned::MEME] Runtime-build-index took 15.103 sec
3. Memory pre-allocation for BWT: 8632.1949 MB
------------------------------------------
* Threads used (compute): 40
* No. of pipeline threads: 2

[0000] read_chunk: 400000000, work_chunk_size: 400000205, nseq: 4874386
	[0000][ M::kt_pipeline] read 4874386 sequences (400000205 bp)...
[0000] Reallocating initial memory allocations!!
[0000] Calling mem_process_seqs.., task: 0
[0000] 1. Calling kt_for - worker_bwt
[0000] 2. Calling kt_for - worker_aln
[0000] read_chunk: 400000000, work_chunk_size: 400000026, nseq: 4851786
	[0000][ M::kt_pipeline] read 4851786 sequences (400000026 bp)...
[0000] Inferring insert size distribution of PE reads from data, l_pac: 798880421, n: 4874386
[0000][PE] # candidate unique pairs for (FF, FR, RF, RR): (86, 1753170, 14, 75)
[0000][PE] analyzing insert size distribution for orientation FF...
[0000][PE] (25, 50, 75) percentile: (25, 35, 53)
[0000][PE] low and high boundaries for computing mean and std.dev: (1, 109)
[0000][PE] mean and std.dev: (38.17, 17.79)
[0000][PE] low and high boundaries for proper pairs: (1, 137)
[0000][PE] analyzing insert size distribution for orientation FR...
[0000][PE] (25, 50, 75) percentile: (62, 77, 95)
[0000][PE] low and high boundaries for computing mean and std.dev: (1, 161)
[0000][PE] mean and std.dev: (79.33, 24.31)
[0000][PE] low and high boundaries for proper pairs: (1, 194)
[0000][PE] analyzing insert size distribution for orientation RF...
[0000][PE] (25, 50, 75) percentile: (206, 513, 1030)
[0000][PE] low and high boundaries for computing mean and std.dev: (1, 2678)
[0000][PE] mean and std.dev: (683.62, 729.88)
[0000][PE] low and high boundaries for proper pairs: (1, 3603)
[0000][PE] analyzing insert size distribution for orientation RR...
[0000][PE] (25, 50, 75) percentile: (26, 37, 50)
[0000][PE] low and high boundaries for computing mean and std.dev: (1, 98)
[0000][PE] mean and std.dev: (36.08, 16.14)
[0000][PE] low and high boundaries for proper pairs: (1, 122)
[0000][PE] skip orientation FF
[0000][PE] skip orientation RF
[0000][PE] skip orientation RR
[0000] 3. Calling kt_for - worker_sam
	[0000][ M::mem_process_seqs] Processed 4874386 reads in 669.188 CPU sec, 17.568 real sec
[0000] Calling mem_process_seqs.., task: 1
[0000] 1. Calling kt_for - worker_bwt
[0000] 2. Calling kt_for - worker_aln
[0000] Inferring insert size distribution of PE reads from data, l_pac: 798880421, n: 4851786
[0000][PE] # candidate unique pairs for (FF, FR, RF, RR): (73, 1718435, 16, 77)
[0000][PE] analyzing insert size distribution for orientation FF...
[0000][PE] (25, 50, 75) percentile: (27, 39, 58)
[0000][PE] low and high boundaries for computing mean and std.dev: (1, 120)
[0000][PE] mean and std.dev: (41.74, 23.23)
[0000][PE] low and high boundaries for proper pairs: (1, 151)
[0000][PE] analyzing insert size distribution for orientation FR...
[0000][PE] (25, 50, 75) percentile: (62, 77, 95)
[0000][PE] low and high boundaries for computing mean and std.dev: (1, 161)
[0000][PE] mean and std.dev: (79.34, 24.28)
[0000][PE] low and high boundaries for proper pairs: (1, 194)
[0000][PE] analyzing insert size distribution for orientation RF...
[0000][PE] (25, 50, 75) percentile: (49, 199, 501)
[0000][PE] low and high boundaries for computing mean and std.dev: (1, 1405)
[0000][PE] mean and std.dev: (241.13, 229.53)
[0000][PE] low and high boundaries for proper pairs: (1, 1857)
[0000][PE] analyzing insert size distribution for orientation RR...
[0000][PE] (25, 50, 75) percentile: (22, 33, 49)
[0000][PE] low and high boundaries for computing mean and std.dev: (1, 103)
[0000][PE] mean and std.dev: (36.36, 19.45)
[0000][PE] low and high boundaries for proper pairs: (1, 130)
[0000][PE] skip orientation FF
[0000][PE] skip orientation RF
[0000][PE] skip orientation RR
[0000] 3. Calling kt_for - worker_sam
[0000] read_chunk: 400000000, work_chunk_size: 400000073, nseq: 4784036
	[0000][ M::kt_pipeline] read 4784036 sequences (400000073 bp)...
	[0000][ M::mem_process_seqs] Processed 4851786 reads in 708.952 CPU sec, 18.863 real sec
[0000] Calling mem_process_seqs.., task: 2
[0000] 1. Calling kt_for - worker_bwt
[0000] 2. Calling kt_for - worker_aln
[0000] Inferring insert size distribution of PE reads from data, l_pac: 798880421, n: 4784036
[0000][PE] # candidate unique pairs for (FF, FR, RF, RR): (61, 1600119, 15, 58)
[0000][PE] analyzing insert size distribution for orientation FF...
[0000][PE] (25, 50, 75) percentile: (28, 37, 53)
[0000][PE] low and high boundaries for computing mean and std.dev: (1, 103)
[0000][PE] mean and std.dev: (41.21, 18.66)
[0000][PE] low and high boundaries for proper pairs: (1, 128)
[0000][PE] analyzing insert size distribution for orientation FR...
[0000][PE] (25, 50, 75) percentile: (62, 77, 95)
[0000][PE] low and high boundaries for computing mean and std.dev: (1, 161)
[0000][PE] mean and std.dev: (79.33, 24.30)
[0000][PE] low and high boundaries for proper pairs: (1, 194)
[0000][PE] analyzing insert size distribution for orientation RF...
[0000][PE] (25, 50, 75) percentile: (69, 121, 357)
[0000][PE] low and high boundaries for computing mean and std.dev: (1, 933)
[0000][PE] mean and std.dev: (194.21, 200.41)
[0000][PE] low and high boundaries for proper pairs: (1, 1221)
[0000][PE] analyzing insert size distribution for orientation RR...
[0000][PE] (25, 50, 75) percentile: (22, 33, 46)
[0000][PE] low and high boundaries for computing mean and std.dev: (1, 94)
[0000][PE] mean and std.dev: (35.77, 16.74)
[0000][PE] low and high boundaries for proper pairs: (1, 118)
[0000][PE] skip orientation FF
[0000][PE] skip orientation RF
[0000][PE] skip orientation RR
[0000] 3. Calling kt_for - worker_sam
[0000] read_chunk: 400000000, work_chunk_size: 400000086, nseq: 4855818
	[0000][ M::kt_pipeline] read 4855818 sequences (400000086 bp)...
	[0000][ M::mem_process_seqs] Processed 4784036 reads in 802.624 CPU sec, 21.223 real sec
[0000] Calling mem_process_seqs.., task: 3
[0000] 1. Calling kt_for - worker_bwt
[0000] 2. Calling kt_for - worker_aln
[0000] Inferring insert size distribution of PE reads from data, l_pac: 798880421, n: 4855818
[0000][PE] # candidate unique pairs for (FF, FR, RF, RR): (69, 1691005, 12, 74)
[0000][PE] analyzing insert size distribution for orientation FF...
[0000][PE] (25, 50, 75) percentile: (24, 35, 49)
[0000][PE] low and high boundaries for computing mean and std.dev: (1, 99)
[0000][PE] mean and std.dev: (37.67, 18.50)
[0000][PE] low and high boundaries for proper pairs: (1, 124)
[0000][PE] analyzing insert size distribution for orientation FR...
[0000][PE] (25, 50, 75) percentile: (62, 77, 95)
[0000][PE] low and high boundaries for computing mean and std.dev: (1, 161)
[0000][PE] mean and std.dev: (79.30, 24.28)
[0000][PE] low and high boundaries for proper pairs: (1, 194)
[0000][PE] analyzing insert size distribution for orientation RF...
[0000][PE] (25, 50, 75) percentile: (107, 159, 702)
[0000][PE] low and high boundaries for computing mean and std.dev: (1, 1892)
[0000][PE] mean and std.dev: (272.83, 273.01)
[0000][PE] low and high boundaries for proper pairs: (1, 2487)
[0000][PE] analyzing insert size distribution for orientation RR...
[0000][PE] (25, 50, 75) percentile: (23, 30, 45)
[0000][PE] low and high boundaries for computing mean and std.dev: (1, 89)
[0000][PE] mean and std.dev: (33.74, 17.31)
[0000][PE] low and high boundaries for proper pairs: (1, 111)
[0000][PE] skip orientation FF
[0000][PE] skip orientation RF
[0000][PE] skip orientation RR
[0000] 3. Calling kt_for - worker_sam
[0000] read_chunk: 400000000, work_chunk_size: 400000078, nseq: 4869530
	[0000][ M::kt_pipeline] read 4869530 sequences (400000078 bp)...
	[0000][ M::mem_process_seqs] Processed 4855818 reads in 737.820 CPU sec, 19.864 real sec
[0000] Calling mem_process_seqs.., task: 4
[0000] 1. Calling kt_for - worker_bwt
[0000] 2. Calling kt_for - worker_aln
[0000] Inferring insert size distribution of PE reads from data, l_pac: 798880421, n: 4869530
[0000][PE] # candidate unique pairs for (FF, FR, RF, RR): (73, 1725600, 29, 78)
[0000][PE] analyzing insert size distribution for orientation FF...
[0000][PE] (25, 50, 75) percentile: (24, 35, 55)
[0000][PE] low and high boundaries for computing mean and std.dev: (1, 117)
[0000][PE] mean and std.dev: (37.49, 20.51)
[0000][PE] low and high boundaries for proper pairs: (1, 148)
[0000][PE] analyzing insert size distribution for orientation FR...
[0000][PE] (25, 50, 75) percentile: (62, 77, 95)
[0000][PE] low and high boundaries for computing mean and std.dev: (1, 161)
[0000][PE] mean and std.dev: (79.31, 24.30)
[0000][PE] low and high boundaries for proper pairs: (1, 194)
[0000][PE] analyzing insert size distribution for orientation RF...
[0000][PE] (25, 50, 75) percentile: (102, 304, 606)
[0000][PE] low and high boundaries for computing mean and std.dev: (1, 1614)
[0000][PE] mean and std.dev: (385.57, 363.87)
[0000][PE] low and high boundaries for proper pairs: (1, 2118)
[0000][PE] analyzing insert size distribution for orientation RR...
[0000][PE] (25, 50, 75) percentile: (26, 38, 57)
[0000][PE] low and high boundaries for computing mean and std.dev: (1, 119)
[0000][PE] mean and std.dev: (42.63, 24.53)
[0000][PE] low and high boundaries for proper pairs: (1, 150)
[0000][PE] skip orientation FF
[0000][PE] skip orientation RF
[0000][PE] skip orientation RR
[0000] 3. Calling kt_for - worker_sam
[0000] read_chunk: 400000000, work_chunk_size: 400000005, nseq: 4835574
	[0000][ M::kt_pipeline] read 4835574 sequences (400000005 bp)...
	[0000][ M::mem_process_seqs] Processed 4869530 reads in 705.721 CPU sec, 19.057 real sec
[0000] Calling mem_process_seqs.., task: 5
[0000] 1. Calling kt_for - worker_bwt
[0000] 2. Calling kt_for - worker_aln
[0000] Inferring insert size distribution of PE reads from data, l_pac: 798880421, n: 4835574
[0000][PE] # candidate unique pairs for (FF, FR, RF, RR): (71, 1666740, 4, 67)
[0000][PE] analyzing insert size distribution for orientation FF...
[0000][PE] (25, 50, 75) percentile: (23, 34, 53)
[0000][PE] low and high boundaries for computing mean and std.dev: (1, 113)
[0000][PE] mean and std.dev: (38.19, 20.56)
[0000][PE] low and high boundaries for proper pairs: (1, 143)
[0000][PE] analyzing insert size distribution for orientation FR...
[0000][PE] (25, 50, 75) percentile: (63, 77, 95)
[0000][PE] low and high boundaries for computing mean and std.dev: (1, 159)
[0000][PE] mean and std.dev: (79.31, 24.20)
[0000][PE] low and high boundaries for proper pairs: (1, 191)
[0000][PE] skip orientation RF as there are not enough pairs
[0000][PE] analyzing insert size distribution for orientation RR...
[0000][PE] (25, 50, 75) percentile: (27, 36, 50)
[0000][PE] low and high boundaries for computing mean and std.dev: (1, 96)
[0000][PE] mean and std.dev: (38.72, 18.21)
[0000][PE] low and high boundaries for proper pairs: (1, 119)
[0000][PE] skip orientation FF
[0000][PE] skip orientation RR
[0000] 3. Calling kt_for - worker_sam
[0000] read_chunk: 400000000, work_chunk_size: 400000139, nseq: 4776894
	[0000][ M::kt_pipeline] read 4776894 sequences (400000139 bp)...
	[0000][ M::mem_process_seqs] Processed 4835574 reads in 778.920 CPU sec, 21.101 real sec
[0000] Calling mem_process_seqs.., task: 6
[0000] 1. Calling kt_for - worker_bwt
[0000] 2. Calling kt_for - worker_aln
[0000] Inferring insert size distribution of PE reads from data, l_pac: 798880421, n: 4776894
[0000][PE] # candidate unique pairs for (FF, FR, RF, RR): (60, 1534173, 12, 71)
[0000][PE] analyzing insert size distribution for orientation FF...
[0000][PE] (25, 50, 75) percentile: (23, 34, 43)
[0000][PE] low and high boundaries for computing mean and std.dev: (1, 83)
[0000][PE] mean and std.dev: (34.64, 16.56)
[0000][PE] low and high boundaries for proper pairs: (1, 103)
[0000][PE] analyzing insert size distribution for orientation FR...
[0000][PE] (25, 50, 75) percentile: (62, 77, 95)
[0000][PE] low and high boundaries for computing mean and std.dev: (1, 161)
[0000][PE] mean and std.dev: (79.32, 24.27)
[0000][PE] low and high boundaries for proper pairs: (1, 194)
[0000][PE] analyzing insert size distribution for orientation RF...
[0000][PE] (25, 50, 75) percentile: (121, 464, 630)
[0000][PE] low and high boundaries for computing mean and std.dev: (1, 1648)
[0000][PE] mean and std.dev: (274.10, 219.26)
[0000][PE] low and high boundaries for proper pairs: (1, 2157)
[0000][PE] analyzing insert size distribution for orientation RR...
[0000][PE] (25, 50, 75) percentile: (24, 32, 47)
[0000][PE] low and high boundaries for computing mean and std.dev: (1, 93)
[0000][PE] mean and std.dev: (35.07, 15.22)
[0000][PE] low and high boundaries for proper pairs: (1, 116)
[0000][PE] skip orientation FF
[0000][PE] skip orientation RF
[0000][PE] skip orientation RR
[0000] 3. Calling kt_for - worker_sam
[0000] read_chunk: 400000000, work_chunk_size: 400000030, nseq: 4707100
	[0000][ M::kt_pipeline] read 4707100 sequences (400000030 bp)...
	[0000][ M::mem_process_seqs] Processed 4776894 reads in 885.456 CPU sec, 23.709 real sec
[0000] Calling mem_process_seqs.., task: 7
[0000] 1. Calling kt_for - worker_bwt
[0000] 2. Calling kt_for - worker_aln
[0000] Inferring insert size distribution of PE reads from data, l_pac: 798880421, n: 4707100
[0000][PE] # candidate unique pairs for (FF, FR, RF, RR): (68, 1461871, 20, 68)
[0000][PE] analyzing insert size distribution for orientation FF...
[0000][PE] (25, 50, 75) percentile: (29, 40, 53)
[0000][PE] low and high boundaries for computing mean and std.dev: (1, 101)
[0000][PE] mean and std.dev: (42.04, 19.68)
[0000][PE] low and high boundaries for proper pairs: (1, 125)
[0000][PE] analyzing insert size distribution for orientation FR...
[0000][PE] (25, 50, 75) percentile: (63, 77, 95)
[0000][PE] low and high boundaries for computing mean and std.dev: (1, 159)
[0000][PE] mean and std.dev: (79.27, 24.18)
[0000][PE] low and high boundaries for proper pairs: (1, 191)
[0000][PE] analyzing insert size distribution for orientation RF...
[0000][PE] (25, 50, 75) percentile: (54, 272, 565)
[0000][PE] low and high boundaries for computing mean and std.dev: (1, 1587)
[0000][PE] mean and std.dev: (256.72, 268.50)
[0000][PE] low and high boundaries for proper pairs: (1, 2098)
[0000][PE] analyzing insert size distribution for orientation RR...
[0000][PE] (25, 50, 75) percentile: (25, 35, 51)
[0000][PE] low and high boundaries for computing mean and std.dev: (1, 103)
[0000][PE] mean and std.dev: (38.03, 20.56)
[0000][PE] low and high boundaries for proper pairs: (1, 129)
[0000][PE] skip orientation FF
[0000][PE] skip orientation RF
[0000][PE] skip orientation RR
[0000] 3. Calling kt_for - worker_sam
[0000] read_chunk: 400000000, work_chunk_size: 400000035, nseq: 4846572
	[0000][ M::kt_pipeline] read 4846572 sequences (400000035 bp)...
	[0000][ M::mem_process_seqs] Processed 4707100 reads in 905.131 CPU sec, 24.434 real sec
[0000] Calling mem_process_seqs.., task: 8
[0000] 1. Calling kt_for - worker_bwt
[0000] 2. Calling kt_for - worker_aln
[0000] Inferring insert size distribution of PE reads from data, l_pac: 798880421, n: 4846572
[0000][PE] # candidate unique pairs for (FF, FR, RF, RR): (74, 1663663, 16, 63)
[0000][PE] analyzing insert size distribution for orientation FF...
[0000][PE] (25, 50, 75) percentile: (26, 39, 54)
[0000][PE] low and high boundaries for computing mean and std.dev: (1, 110)
[0000][PE] mean and std.dev: (40.33, 22.70)
[0000][PE] low and high boundaries for proper pairs: (1, 138)
[0000][PE] analyzing insert size distribution for orientation FR...
[0000][PE] (25, 50, 75) percentile: (62, 77, 95)
[0000][PE] low and high boundaries for computing mean and std.dev: (1, 161)
[0000][PE] mean and std.dev: (79.32, 24.28)
[0000][PE] low and high boundaries for proper pairs: (1, 194)
[0000][PE] analyzing insert size distribution for orientation RF...
[0000][PE] (25, 50, 75) percentile: (189, 311, 475)
[0000][PE] low and high boundaries for computing mean and std.dev: (1, 1047)
[0000][PE] mean and std.dev: (306.75, 190.80)
[0000][PE] low and high boundaries for proper pairs: (1, 1333)
[0000][PE] analyzing insert size distribution for orientation RR...
[0000][PE] (25, 50, 75) percentile: (23, 33, 46)
[0000][PE] low and high boundaries for computing mean and std.dev: (1, 92)
[0000][PE] mean and std.dev: (34.92, 17.40)
[0000][PE] low and high boundaries for proper pairs: (1, 115)
[0000][PE] skip orientation FF
[0000][PE] skip orientation RF
[0000][PE] skip orientation RR
[0000] 3. Calling kt_for - worker_sam
[0000] read_chunk: 400000000, work_chunk_size: 400000091, nseq: 4865624
	[0000][ M::kt_pipeline] read 4865624 sequences (400000091 bp)...
	[0000][ M::mem_process_seqs] Processed 4846572 reads in 760.172 CPU sec, 20.725 real sec
[0000] Calling mem_process_seqs.., task: 9
[0000] 1. Calling kt_for - worker_bwt
[0000] 2. Calling kt_for - worker_aln
[0000] Inferring insert size distribution of PE reads from data, l_pac: 798880421, n: 4865624
[0000][PE] # candidate unique pairs for (FF, FR, RF, RR): (66, 1731030, 16, 74)
[0000][PE] analyzing insert size distribution for orientation FF...
[0000][PE] (25, 50, 75) percentile: (24, 38, 59)
[0000][PE] low and high boundaries for computing mean and std.dev: (1, 129)
[0000][PE] mean and std.dev: (40.29, 20.91)
[0000][PE] low and high boundaries for proper pairs: (1, 164)
[0000][PE] analyzing insert size distribution for orientation FR...
[0000][PE] (25, 50, 75) percentile: (62, 77, 95)
[0000][PE] low and high boundaries for computing mean and std.dev: (1, 161)
[0000][PE] mean and std.dev: (79.32, 24.30)
[0000][PE] low and high boundaries for proper pairs: (1, 194)
[0000][PE] analyzing insert size distribution for orientation RF...
[0000][PE] (25, 50, 75) percentile: (138, 383, 858)
[0000][PE] low and high boundaries for computing mean and std.dev: (1, 2298)
[0000][PE] mean and std.dev: (485.62, 433.66)
[0000][PE] low and high boundaries for proper pairs: (1, 3018)
[0000][PE] analyzing insert size distribution for orientation RR...
[0000][PE] (25, 50, 75) percentile: (23, 32, 53)
[0000][PE] low and high boundaries for computing mean and std.dev: (1, 113)
[0000][PE] mean and std.dev: (38.62, 20.86)
[0000][PE] low and high boundaries for proper pairs: (1, 143)
[0000][PE] skip orientation FF
[0000][PE] skip orientation RF
[0000][PE] skip orientation RR
[0000] 3. Calling kt_for - worker_sam
[0000] read_chunk: 400000000, work_chunk_size: 400000028, nseq: 4786456
	[0000][ M::kt_pipeline] read 4786456 sequences (400000028 bp)...
	[0000][ M::mem_process_seqs] Processed 4865624 reads in 717.507 CPU sec, 19.605 real sec
[0000] Calling mem_process_seqs.., task: 10
[0000] 1. Calling kt_for - worker_bwt
[0000] 2. Calling kt_for - worker_aln
[0000] Inferring insert size distribution of PE reads from data, l_pac: 798880421, n: 4786456
[0000][PE] # candidate unique pairs for (FF, FR, RF, RR): (67, 1595178, 10, 66)
[0000][PE] analyzing insert size distribution for orientation FF...
[0000][PE] (25, 50, 75) percentile: (25, 35, 43)
[0000][PE] low and high boundaries for computing mean and std.dev: (1, 79)
[0000][PE] mean and std.dev: (33.62, 16.08)
[0000][PE] low and high boundaries for proper pairs: (1, 98)
[0000][PE] analyzing insert size distribution for orientation FR...
[0000][PE] (25, 50, 75) percentile: (62, 77, 95)
[0000][PE] low and high boundaries for computing mean and std.dev: (1, 161)
[0000][PE] mean and std.dev: (79.33, 24.30)
[0000][PE] low and high boundaries for proper pairs: (1, 194)
[0000][PE] analyzing insert size distribution for orientation RF...
[0000][PE] (25, 50, 75) percentile: (33, 42, 535)
[0000][PE] low and high boundaries for computing mean and std.dev: (1, 1539)
[0000][PE] mean and std.dev: (232.78, 334.86)
[0000][PE] low and high boundaries for proper pairs: (1, 2041)
[0000][PE] analyzing insert size distribution for orientation RR...
[0000][PE] (25, 50, 75) percentile: (29, 45, 58)
[0000][PE] low and high boundaries for computing mean and std.dev: (1, 116)
[0000][PE] mean and std.dev: (45.58, 22.93)
[0000][PE] low and high boundaries for proper pairs: (1, 145)
[0000][PE] skip orientation FF
[0000][PE] skip orientation RF
[0000][PE] skip orientation RR
[0000] 3. Calling kt_for - worker_sam
[0000] read_chunk: 400000000, work_chunk_size: 400000101, nseq: 4835780
	[0000][ M::kt_pipeline] read 4835780 sequences (400000101 bp)...
	[0000][ M::mem_process_seqs] Processed 4786456 reads in 882.184 CPU sec, 23.691 real sec
[0000] Calling mem_process_seqs.., task: 11
[0000] 1. Calling kt_for - worker_bwt
[0000] 2. Calling kt_for - worker_aln
[0000] Inferring insert size distribution of PE reads from data, l_pac: 798880421, n: 4835780
[0000][PE] # candidate unique pairs for (FF, FR, RF, RR): (70, 1685325, 19, 66)
[0000][PE] analyzing insert size distribution for orientation FF...
[0000][PE] (25, 50, 75) percentile: (26, 37, 45)
[0000][PE] low and high boundaries for computing mean and std.dev: (1, 83)
[0000][PE] mean and std.dev: (36.39, 16.24)
[0000][PE] low and high boundaries for proper pairs: (1, 102)
[0000][PE] analyzing insert size distribution for orientation FR...
[0000][PE] (25, 50, 75) percentile: (62, 77, 95)
[0000][PE] low and high boundaries for computing mean and std.dev: (1, 161)
[0000][PE] mean and std.dev: (79.32, 24.33)
[0000][PE] low and high boundaries for proper pairs: (1, 194)
[0000][PE] analyzing insert size distribution for orientation RF...
[0000][PE] (25, 50, 75) percentile: (66, 438, 924)
[0000][PE] low and high boundaries for computing mean and std.dev: (1, 2640)
[0000][PE] mean and std.dev: (488.37, 451.08)
[0000][PE] low and high boundaries for proper pairs: (1, 3498)
[0000][PE] analyzing insert size distribution for orientation RR...
[0000][PE] (25, 50, 75) percentile: (25, 36, 47)
[0000][PE] low and high boundaries for computing mean and std.dev: (1, 91)
[0000][PE] mean and std.dev: (36.85, 17.52)
[0000][PE] low and high boundaries for proper pairs: (1, 113)
[0000][PE] skip orientation FF
[0000][PE] skip orientation RF
[0000][PE] skip orientation RR
[0000] 3. Calling kt_for - worker_sam
[0000] read_chunk: 400000000, work_chunk_size: 400000136, nseq: 4827704
	[0000][ M::mem_process_seqs] Processed 4835780 reads in 736.979 CPU sec, 20.124 real sec
	[0000][ M::kt_pipeline] read 4827704 sequences (400000136 bp)...
[0000] Calling mem_process_seqs.., task: 12
[0000] 1. Calling kt_for - worker_bwt
[0000] 2. Calling kt_for - worker_aln
[0000] Inferring insert size distribution of PE reads from data, l_pac: 798880421, n: 4827704
[0000][PE] # candidate unique pairs for (FF, FR, RF, RR): (72, 1635975, 18, 77)
[0000][PE] analyzing insert size distribution for orientation FF...
[0000][PE] (25, 50, 75) percentile: (21, 36, 43)
[0000][PE] low and high boundaries for computing mean and std.dev: (1, 87)
[0000][PE] mean and std.dev: (34.12, 18.13)
[0000][PE] low and high boundaries for proper pairs: (1, 109)
[0000][PE] analyzing insert size distribution for orientation FR...
[0000][PE] (25, 50, 75) percentile: (63, 77, 95)
[0000][PE] low and high boundaries for computing mean and std.dev: (1, 159)
[0000][PE] mean and std.dev: (79.30, 24.19)
[0000][PE] low and high boundaries for proper pairs: (1, 191)
[0000][PE] analyzing insert size distribution for orientation RF...
[0000][PE] (25, 50, 75) percentile: (94, 240, 407)
[0000][PE] low and high boundaries for computing mean and std.dev: (1, 1033)
[0000][PE] mean and std.dev: (296.88, 278.02)
[0000][PE] low and high boundaries for proper pairs: (1, 1409)
[0000][PE] analyzing insert size distribution for orientation RR...
[0000][PE] (25, 50, 75) percentile: (23, 34, 52)
[0000][PE] low and high boundaries for computing mean and std.dev: (1, 110)
[0000][PE] mean and std.dev: (37.72, 22.64)
[0000][PE] low and high boundaries for proper pairs: (1, 139)
[0000][PE] skip orientation FF
[0000][PE] skip orientation RF
[0000][PE] skip orientation RR
[0000] 3. Calling kt_for - worker_sam
[0000] read_chunk: 400000000, work_chunk_size: 400000053, nseq: 4801358
	[0000][ M::kt_pipeline] read 4801358 sequences (400000053 bp)...
	[0000][ M::mem_process_seqs] Processed 4827704 reads in 836.138 CPU sec, 22.506 real sec
[0000] Calling mem_process_seqs.., task: 13
[0000] 1. Calling kt_for - worker_bwt
[0000] 2. Calling kt_for - worker_aln
[0000] Inferring insert size distribution of PE reads from data, l_pac: 798880421, n: 4801358
[0000][PE] # candidate unique pairs for (FF, FR, RF, RR): (54, 1537423, 13, 45)
[0000][PE] analyzing insert size distribution for orientation FF...
[0000][PE] (25, 50, 75) percentile: (25, 34, 44)
[0000][PE] low and high boundaries for computing mean and std.dev: (1, 82)
[0000][PE] mean and std.dev: (34.28, 12.61)
[0000][PE] low and high boundaries for proper pairs: (1, 101)
[0000][PE] analyzing insert size distribution for orientation FR...
[0000][PE] (25, 50, 75) percentile: (62, 77, 95)
[0000][PE] low and high boundaries for computing mean and std.dev: (1, 161)
[0000][PE] mean and std.dev: (79.33, 24.30)
[0000][PE] low and high boundaries for proper pairs: (1, 194)
[0000][PE] analyzing insert size distribution for orientation RF...
[0000][PE] (25, 50, 75) percentile: (75, 145, 932)
[0000][PE] low and high boundaries for computing mean and std.dev: (1, 2646)
[0000][PE] mean and std.dev: (418.92, 522.04)
[0000][PE] low and high boundaries for proper pairs: (1, 3503)
[0000][PE] analyzing insert size distribution for orientation RR...
[0000][PE] (25, 50, 75) percentile: (24, 33, 48)
[0000][PE] low and high boundaries for computing mean and std.dev: (1, 96)
[0000][PE] mean and std.dev: (35.91, 19.06)
[0000][PE] low and high boundaries for proper pairs: (1, 120)
[0000][PE] skip orientation FF
[0000][PE] skip orientation RF
[0000][PE] skip orientation RR
[0000] 3. Calling kt_for - worker_sam
[0000] read_chunk: 400000000, work_chunk_size: 215999135, nseq: 2608156
	[0000][ M::kt_pipeline] read 2608156 sequences (215999135 bp)...
	[0000][ M::mem_process_seqs] Processed 4801358 reads in 808.418 CPU sec, 27.632 real sec
[0000] Calling mem_process_seqs.., task: 14
[0000] 1. Calling kt_for - worker_bwt
[0000] 2. Calling kt_for - worker_aln
[0000] read_chunk: 400000000, work_chunk_size: 0, nseq: 0
[0000] Inferring insert size distribution of PE reads from data, l_pac: 798880421, n: 2608156
[0000][PE] # candidate unique pairs for (FF, FR, RF, RR): (33, 905896, 7, 37)
[0000][PE] analyzing insert size distribution for orientation FF...
[0000][PE] (25, 50, 75) percentile: (19, 28, 43)
[0000][PE] low and high boundaries for computing mean and std.dev: (1, 91)
[0000][PE] mean and std.dev: (30.19, 15.93)
[0000][PE] low and high boundaries for proper pairs: (1, 115)
[0000][PE] analyzing insert size distribution for orientation FR...
[0000][PE] (25, 50, 75) percentile: (62, 77, 95)
[0000][PE] low and high boundaries for computing mean and std.dev: (1, 161)
[0000][PE] mean and std.dev: (79.32, 24.31)
[0000][PE] low and high boundaries for proper pairs: (1, 194)
[0000][PE] skip orientation RF as there are not enough pairs
[0000][PE] analyzing insert size distribution for orientation RR...
[0000][PE] (25, 50, 75) percentile: (22, 35, 49)
[0000][PE] low and high boundaries for computing mean and std.dev: (1, 103)
[0000][PE] mean and std.dev: (33.56, 15.43)
[0000][PE] low and high boundaries for proper pairs: (1, 130)
[0000][PE] skip orientation FF
[0000][PE] skip orientation RR
[0000] 3. Calling kt_for - worker_sam
	[0000][ M::mem_process_seqs] Processed 2608156 reads in 392.792 CPU sec, 11.240 real sec
[0000] read_chunk: 400000000, work_chunk_size: 0, nseq: 0
[0000] Computation ends..
No. of OMP threads: 40
Processor is running @2394.722012 MHz
Runtime profile:

	Time taken for main_mem function: 367.50 sec

	IO times (sec) :
	Reading IO time (reads) avg: 175.78, (175.78, 175.78)
	Writing IO time (SAM) avg: 109.64, (109.64, 109.64)
	Reading IO time (Reference Genome) avg: 1.43, (1.43, 1.43)
	Index read time avg: 0.72, (0.72, 0.72)

	Overall time (sec) (Excluding Index reading time):
	PROCESS() (Total compute time + (read + SAM) IO time) : 365.15
	MEM_PROCESS_SEQ() (Total compute time (Kernel + SAM)), avg: 311.30, (311.30, 311.30)

	 SAM Processing time (sec):
	--WORKER_SAM avg: 81.19, (81.19, 81.19)

	Kernels' compute time (sec):
	Total kernel (smem+sal+bsw) time avg: 223.68, (223.68, 223.68)
		MEM_ALN_CHAIN_FLT avg: 0.00, (0.00, 0.00)
		MEM_ALN_CHAIN_SEED avg: 0.00, (0.00, 0.00)
		ERT_SEED_CHAIN avg: 0.00, (0.00, 0.00)
	LEARNED_SEED_CHAIN avg: 97.46, (97.89, 96.98)
		SMEM compute avg: 0.00, (0.00, 0.00)
		SAL compute avg: 0.00, (0.00, 0.00)
				MEM_SA avg: 0.00, (0.00, 0.00)

		BSW time, avg: 115.69, (116.22, 114.98)

Important parameter settings: 
	BATCH_SIZE: 512
	MAX_SEQ_LEN_REF: 256
	MAX_SEQ_LEN_QER: 128
	MAX_SEQ_LEN8: 128
	SEEDS_PER_READ: 500
	SIMD_WIDTH8 X: 64
	SIMD_WIDTH16 X: 32
	AVG_SEEDS_PER_READ: 64
