Looking to launch executable "/opt/conda/bin/bwa-meme_mode3.avx512bw", simd = _mode3.avx512bw
Launching executable "/opt/conda/bin/bwa-meme_mode3.avx512bw"
-----------------------------
Executing in AVX512 mode!!
-----------------------------
* SA compression enabled with xfactor: 8
* Ref file: reference.denovoSSL.Sin.fasta
* Entering FMI_search
Reading other elements of the index from files reference.denovoSSL.Sin.fasta
* Index prefix: reference.denovoSSL.Sin.fasta
* Read 0 ALT contigs
* Reading reference genome..
* Binary seq file = reference.denovoSSL.Sin.fasta.0123
* Reference genome size: 1597760842 bp
* Done reading reference genome !!

------------------------------------------
1. Memory pre-allocation for Chaining: 5679.4903 MB
2. Memory pre-allocation for BSW: 9584.6810 MB
[M::memoryAllocLearned::MEME] Reading Learned-index models into memory
[Learned-Config] MODE:3 SEARCH_METHOD: 1 MEM_TRADEOFF:1 EXPONENTIAL_SMEMSEARCH: 1 DEBUG_MODE:0 Num 2nd Models:268435456 PWL Bits Used:28
[M::memoryAllocLearned::MEME] Loading RMI model and Pac reference file took 12.826 sec
[M::memoryAllocLearned::MEME] Reading suffix array into memory
[M::memoryAllocLearned::MEME] Loading pos_packed file took 18.393 sec
[M::memoryAllocLearned::MEME] Generating SA, 64-bit Suffix and ISA in memory
[M::memoryAllocLearned::MEME] Runtime-build-index took 15.265 sec
3. Memory pre-allocation for BWT: 8632.1949 MB
------------------------------------------
* Threads used (compute): 40
* No. of pipeline threads: 2

[0000] read_chunk: 400000000, work_chunk_size: 400000111, nseq: 4799682
	[0000][ M::kt_pipeline] read 4799682 sequences (400000111 bp)...
[0000] Reallocating initial memory allocations!!
[0000] Calling mem_process_seqs.., task: 0
[0000] 1. Calling kt_for - worker_bwt
[0000] 2. Calling kt_for - worker_aln
[0000] read_chunk: 400000000, work_chunk_size: 400000054, nseq: 4741772
	[0000][ M::kt_pipeline] read 4741772 sequences (400000054 bp)...
[0000] Inferring insert size distribution of PE reads from data, l_pac: 798880421, n: 4799682
[0000][PE] # candidate unique pairs for (FF, FR, RF, RR): (190, 1505936, 10, 212)
[0000][PE] analyzing insert size distribution for orientation FF...
[0000][PE] (25, 50, 75) percentile: (25, 36, 48)
[0000][PE] low and high boundaries for computing mean and std.dev: (1, 94)
[0000][PE] mean and std.dev: (37.49, 17.76)
[0000][PE] low and high boundaries for proper pairs: (1, 117)
[0000][PE] analyzing insert size distribution for orientation FR...
[0000][PE] (25, 50, 75) percentile: (62, 77, 95)
[0000][PE] low and high boundaries for computing mean and std.dev: (1, 161)
[0000][PE] mean and std.dev: (79.42, 24.23)
[0000][PE] low and high boundaries for proper pairs: (1, 194)
[0000][PE] analyzing insert size distribution for orientation RF...
[0000][PE] (25, 50, 75) percentile: (135, 443, 752)
[0000][PE] low and high boundaries for computing mean and std.dev: (1, 1986)
[0000][PE] mean and std.dev: (378.33, 258.43)
[0000][PE] low and high boundaries for proper pairs: (1, 2603)
[0000][PE] analyzing insert size distribution for orientation RR...
[0000][PE] (25, 50, 75) percentile: (28, 36, 52)
[0000][PE] low and high boundaries for computing mean and std.dev: (1, 100)
[0000][PE] mean and std.dev: (40.07, 18.80)
[0000][PE] low and high boundaries for proper pairs: (1, 124)
[0000][PE] skip orientation FF
[0000][PE] skip orientation RF
[0000][PE] skip orientation RR
[0000] 3. Calling kt_for - worker_sam
	[0000][ M::mem_process_seqs] Processed 4799682 reads in 959.508 CPU sec, 24.992 real sec
[0000] Calling mem_process_seqs.., task: 1
[0000] 1. Calling kt_for - worker_bwt
[0000] 2. Calling kt_for - worker_aln
[0000] read_chunk: 400000000, work_chunk_size: 196956368, nseq: 2350362
	[0000][ M::kt_pipeline] read 2350362 sequences (196956368 bp)...
[0000] Inferring insert size distribution of PE reads from data, l_pac: 798880421, n: 4741772
[0000][PE] # candidate unique pairs for (FF, FR, RF, RR): (199, 1396391, 15, 195)
[0000][PE] analyzing insert size distribution for orientation FF...
[0000][PE] (25, 50, 75) percentile: (27, 36, 52)
[0000][PE] low and high boundaries for computing mean and std.dev: (1, 102)
[0000][PE] mean and std.dev: (38.89, 19.07)
[0000][PE] low and high boundaries for proper pairs: (1, 127)
[0000][PE] analyzing insert size distribution for orientation FR...
[0000][PE] (25, 50, 75) percentile: (62, 77, 94)
[0000][PE] low and high boundaries for computing mean and std.dev: (1, 158)
[0000][PE] mean and std.dev: (79.25, 24.00)
[0000][PE] low and high boundaries for proper pairs: (1, 190)
[0000][PE] analyzing insert size distribution for orientation RF...
[0000][PE] (25, 50, 75) percentile: (218, 322, 401)
[0000][PE] low and high boundaries for computing mean and std.dev: (1, 767)
[0000][PE] mean and std.dev: (309.20, 158.79)
[0000][PE] low and high boundaries for proper pairs: (1, 950)
[0000][PE] analyzing insert size distribution for orientation RR...
[0000][PE] (25, 50, 75) percentile: (26, 37, 49)
[0000][PE] low and high boundaries for computing mean and std.dev: (1, 95)
[0000][PE] mean and std.dev: (38.57, 18.46)
[0000][PE] low and high boundaries for proper pairs: (1, 118)
[0000][PE] skip orientation FF
[0000][PE] skip orientation RF
[0000][PE] skip orientation RR
[0000] 3. Calling kt_for - worker_sam
	[0000][ M::mem_process_seqs] Processed 4741772 reads in 1080.329 CPU sec, 28.340 real sec
[0000] Calling mem_process_seqs.., task: 2
[0000] 1. Calling kt_for - worker_bwt
[0000] 2. Calling kt_for - worker_aln
[0000] read_chunk: 400000000, work_chunk_size: 0, nseq: 0
[0000] Inferring insert size distribution of PE reads from data, l_pac: 798880421, n: 2350362
[0000][PE] # candidate unique pairs for (FF, FR, RF, RR): (84, 695981, 4, 102)
[0000][PE] analyzing insert size distribution for orientation FF...
[0000][PE] (25, 50, 75) percentile: (24, 34, 47)
[0000][PE] low and high boundaries for computing mean and std.dev: (1, 93)
[0000][PE] mean and std.dev: (36.61, 19.47)
[0000][PE] low and high boundaries for proper pairs: (1, 116)
[0000][PE] analyzing insert size distribution for orientation FR...
[0000][PE] (25, 50, 75) percentile: (62, 77, 94)
[0000][PE] low and high boundaries for computing mean and std.dev: (1, 158)
[0000][PE] mean and std.dev: (79.26, 24.03)
[0000][PE] low and high boundaries for proper pairs: (1, 190)
[0000][PE] skip orientation RF as there are not enough pairs
[0000][PE] analyzing insert size distribution for orientation RR...
[0000][PE] (25, 50, 75) percentile: (25, 34, 44)
[0000][PE] low and high boundaries for computing mean and std.dev: (1, 82)
[0000][PE] mean and std.dev: (35.60, 14.76)
[0000][PE] low and high boundaries for proper pairs: (1, 101)
[0000][PE] skip orientation FF
[0000][PE] skip orientation RR
[0000] 3. Calling kt_for - worker_sam
	[0000][ M::mem_process_seqs] Processed 2350362 reads in 509.524 CPU sec, 13.918 real sec
[0000] read_chunk: 400000000, work_chunk_size: 0, nseq: 0
[0000] Computation ends..
No. of OMP threads: 40
Processor is running @2394.721070 MHz
Runtime profile:

	Time taken for main_mem function: 123.29 sec

	IO times (sec) :
	Reading IO time (reads) avg: 31.05, (31.05, 31.05)
	Writing IO time (SAM) avg: 16.29, (16.29, 16.29)
	Reading IO time (Reference Genome) avg: 1.36, (1.36, 1.36)
	Index read time avg: 0.77, (0.77, 0.77)

	Overall time (sec) (Excluding Index reading time):
	PROCESS() (Total compute time + (read + SAM) IO time) : 120.97
	MEM_PROCESS_SEQ() (Total compute time (Kernel + SAM)), avg: 67.24, (67.24, 67.24)

	 SAM Processing time (sec):
	--WORKER_SAM avg: 17.47, (17.47, 17.47)

	Kernels' compute time (sec):
	Total kernel (smem+sal+bsw) time avg: 48.72, (48.72, 48.72)
		MEM_ALN_CHAIN_FLT avg: 0.00, (0.00, 0.00)
		MEM_ALN_CHAIN_SEED avg: 0.00, (0.00, 0.00)
		ERT_SEED_CHAIN avg: 0.00, (0.00, 0.00)
	LEARNED_SEED_CHAIN avg: 21.21, (21.28, 21.16)
		SMEM compute avg: 0.00, (0.00, 0.00)
		SAL compute avg: 0.00, (0.00, 0.00)
				MEM_SA avg: 0.00, (0.00, 0.00)

		BSW time, avg: 25.44, (25.60, 25.29)

Important parameter settings: 
	BATCH_SIZE: 512
	MAX_SEQ_LEN_REF: 256
	MAX_SEQ_LEN_QER: 128
	MAX_SEQ_LEN8: 128
	SEEDS_PER_READ: 500
	SIMD_WIDTH8 X: 64
	SIMD_WIDTH16 X: 32
	AVG_SEEDS_PER_READ: 64
