Looking to launch executable "/opt/conda/bin/bwa-meme_mode3.avx512bw", simd = _mode3.avx512bw
Launching executable "/opt/conda/bin/bwa-meme_mode3.avx512bw"
-----------------------------
Executing in AVX512 mode!!
-----------------------------
* SA compression enabled with xfactor: 8
* Ref file: reference.denovoSSL.Sin.fasta
* Entering FMI_search
Reading other elements of the index from files reference.denovoSSL.Sin.fasta
* Index prefix: reference.denovoSSL.Sin.fasta
* Read 0 ALT contigs
* Reading reference genome..
* Binary seq file = reference.denovoSSL.Sin.fasta.0123
* Reference genome size: 1597760842 bp
* Done reading reference genome !!

------------------------------------------
1. Memory pre-allocation for Chaining: 5679.4903 MB
2. Memory pre-allocation for BSW: 9584.6810 MB
[M::memoryAllocLearned::MEME] Reading Learned-index models into memory
[Learned-Config] MODE:3 SEARCH_METHOD: 1 MEM_TRADEOFF:1 EXPONENTIAL_SMEMSEARCH: 1 DEBUG_MODE:0 Num 2nd Models:268435456 PWL Bits Used:28
[M::memoryAllocLearned::MEME] Loading RMI model and Pac reference file took 12.120 sec
[M::memoryAllocLearned::MEME] Reading suffix array into memory
[M::memoryAllocLearned::MEME] Loading pos_packed file took 17.599 sec
[M::memoryAllocLearned::MEME] Generating SA, 64-bit Suffix and ISA in memory
[M::memoryAllocLearned::MEME] Runtime-build-index took 15.102 sec
3. Memory pre-allocation for BWT: 8632.1949 MB
------------------------------------------
* Threads used (compute): 40
* No. of pipeline threads: 2

[0000] read_chunk: 400000000, work_chunk_size: 400000023, nseq: 5350512
	[0000][ M::kt_pipeline] read 5350512 sequences (400000023 bp)...
[0000] Reallocating initial memory allocations!!
[0000] Calling mem_process_seqs.., task: 0
[0000] 1. Calling kt_for - worker_bwt
[0000] read_chunk: 400000000, work_chunk_size: 400000116, nseq: 5267112
	[0000][ M::kt_pipeline] read 5267112 sequences (400000116 bp)...
[0000] 2. Calling kt_for - worker_aln
[0000] Inferring insert size distribution of PE reads from data, l_pac: 798880421, n: 5350512
[0000][PE] # candidate unique pairs for (FF, FR, RF, RR): (139, 1655111, 20, 120)
[0000][PE] analyzing insert size distribution for orientation FF...
[0000][PE] (25, 50, 75) percentile: (24, 31, 45)
[0000][PE] low and high boundaries for computing mean and std.dev: (1, 87)
[0000][PE] mean and std.dev: (33.90, 15.21)
[0000][PE] low and high boundaries for proper pairs: (1, 108)
[0000][PE] analyzing insert size distribution for orientation FR...
[0000][PE] (25, 50, 75) percentile: (54, 68, 84)
[0000][PE] low and high boundaries for computing mean and std.dev: (1, 144)
[0000][PE] mean and std.dev: (70.44, 22.14)
[0000][PE] low and high boundaries for proper pairs: (1, 174)
[0000][PE] analyzing insert size distribution for orientation RF...
[0000][PE] (25, 50, 75) percentile: (81, 154, 558)
[0000][PE] low and high boundaries for computing mean and std.dev: (1, 1512)
[0000][PE] mean and std.dev: (276.50, 286.58)
[0000][PE] low and high boundaries for proper pairs: (1, 1989)
[0000][PE] analyzing insert size distribution for orientation RR...
[0000][PE] (25, 50, 75) percentile: (22, 32, 52)
[0000][PE] low and high boundaries for computing mean and std.dev: (1, 112)
[0000][PE] mean and std.dev: (36.95, 20.47)
[0000][PE] low and high boundaries for proper pairs: (1, 142)
[0000][PE] skip orientation FF
[0000][PE] skip orientation RF
[0000][PE] skip orientation RR
[0000] 3. Calling kt_for - worker_sam
	[0000][ M::mem_process_seqs] Processed 5350512 reads in 960.500 CPU sec, 25.071 real sec
[0000] Calling mem_process_seqs.., task: 1
[0000] 1. Calling kt_for - worker_bwt
[0000] 2. Calling kt_for - worker_aln
[0000] read_chunk: 400000000, work_chunk_size: 362071350, nseq: 4770020
	[0000][ M::kt_pipeline] read 4770020 sequences (362071350 bp)...
[0000] Inferring insert size distribution of PE reads from data, l_pac: 798880421, n: 5267112
[0000][PE] # candidate unique pairs for (FF, FR, RF, RR): (125, 1531705, 10, 156)
[0000][PE] analyzing insert size distribution for orientation FF...
[0000][PE] (25, 50, 75) percentile: (24, 33, 49)
[0000][PE] low and high boundaries for computing mean and std.dev: (1, 99)
[0000][PE] mean and std.dev: (35.55, 18.89)
[0000][PE] low and high boundaries for proper pairs: (1, 124)
[0000][PE] analyzing insert size distribution for orientation FR...
[0000][PE] (25, 50, 75) percentile: (54, 68, 84)
[0000][PE] low and high boundaries for computing mean and std.dev: (1, 144)
[0000][PE] mean and std.dev: (70.50, 22.16)
[0000][PE] low and high boundaries for proper pairs: (1, 174)
[0000][PE] analyzing insert size distribution for orientation RF...
[0000][PE] (25, 50, 75) percentile: (81, 349, 1005)
[0000][PE] low and high boundaries for computing mean and std.dev: (1, 2853)
[0000][PE] mean and std.dev: (507.70, 516.69)
[0000][PE] low and high boundaries for proper pairs: (1, 3777)
[0000][PE] analyzing insert size distribution for orientation RR...
[0000][PE] (25, 50, 75) percentile: (24, 31, 47)
[0000][PE] low and high boundaries for computing mean and std.dev: (1, 93)
[0000][PE] mean and std.dev: (35.03, 18.40)
[0000][PE] low and high boundaries for proper pairs: (1, 116)
[0000][PE] skip orientation FF
[0000][PE] skip orientation RF
[0000][PE] skip orientation RR
[0000] 3. Calling kt_for - worker_sam
	[0000][ M::mem_process_seqs] Processed 5267112 reads in 1096.380 CPU sec, 28.929 real sec
[0000] Calling mem_process_seqs.., task: 2
[0000] 1. Calling kt_for - worker_bwt
[0000] read_chunk: 400000000, work_chunk_size: 0, nseq: 0
[0000] 2. Calling kt_for - worker_aln
[0000] Inferring insert size distribution of PE reads from data, l_pac: 798880421, n: 4770020
[0000][PE] # candidate unique pairs for (FF, FR, RF, RR): (123, 1372954, 11, 115)
[0000][PE] analyzing insert size distribution for orientation FF...
[0000][PE] (25, 50, 75) percentile: (24, 35, 46)
[0000][PE] low and high boundaries for computing mean and std.dev: (1, 90)
[0000][PE] mean and std.dev: (35.54, 16.40)
[0000][PE] low and high boundaries for proper pairs: (1, 112)
[0000][PE] analyzing insert size distribution for orientation FR...
[0000][PE] (25, 50, 75) percentile: (54, 68, 84)
[0000][PE] low and high boundaries for computing mean and std.dev: (1, 144)
[0000][PE] mean and std.dev: (70.48, 22.14)
[0000][PE] low and high boundaries for proper pairs: (1, 174)
[0000][PE] analyzing insert size distribution for orientation RF...
[0000][PE] (25, 50, 75) percentile: (194, 247, 464)
[0000][PE] low and high boundaries for computing mean and std.dev: (1, 1004)
[0000][PE] mean and std.dev: (287.18, 175.04)
[0000][PE] low and high boundaries for proper pairs: (1, 1274)
[0000][PE] analyzing insert size distribution for orientation RR...
[0000][PE] (25, 50, 75) percentile: (26, 33, 41)
[0000][PE] low and high boundaries for computing mean and std.dev: (1, 71)
[0000][PE] mean and std.dev: (34.28, 14.66)
[0000][PE] low and high boundaries for proper pairs: (1, 93)
[0000][PE] skip orientation FF
[0000][PE] skip orientation RF
[0000][PE] skip orientation RR
[0000] 3. Calling kt_for - worker_sam
	[0000][ M::mem_process_seqs] Processed 4770020 reads in 999.331 CPU sec, 26.552 real sec
[0000] read_chunk: 400000000, work_chunk_size: 0, nseq: 0
[0000] Computation ends..
No. of OMP threads: 40
Processor is running @2394.730116 MHz
Runtime profile:

	Time taken for main_mem function: 141.70 sec

	IO times (sec) :
	Reading IO time (reads) avg: 36.24, (36.24, 36.24)
	Writing IO time (SAM) avg: 19.56, (19.56, 19.56)
	Reading IO time (Reference Genome) avg: 1.18, (1.18, 1.18)
	Index read time avg: 0.39, (0.39, 0.39)

	Overall time (sec) (Excluding Index reading time):
	PROCESS() (Total compute time + (read + SAM) IO time) : 139.94
	MEM_PROCESS_SEQ() (Total compute time (Kernel + SAM)), avg: 80.54, (80.54, 80.54)

	 SAM Processing time (sec):
	--WORKER_SAM avg: 19.48, (19.48, 19.48)

	Kernels' compute time (sec):
	Total kernel (smem+sal+bsw) time avg: 59.73, (59.73, 59.73)
		MEM_ALN_CHAIN_FLT avg: 0.00, (0.00, 0.00)
		MEM_ALN_CHAIN_SEED avg: 0.00, (0.00, 0.00)
		ERT_SEED_CHAIN avg: 0.00, (0.00, 0.00)
	LEARNED_SEED_CHAIN avg: 26.33, (26.54, 26.27)
		SMEM compute avg: 0.00, (0.00, 0.00)
		SAL compute avg: 0.00, (0.00, 0.00)
				MEM_SA avg: 0.00, (0.00, 0.00)

		BSW time, avg: 30.61, (30.80, 30.37)

Important parameter settings: 
	BATCH_SIZE: 512
	MAX_SEQ_LEN_REF: 256
	MAX_SEQ_LEN_QER: 128
	MAX_SEQ_LEN8: 128
	SEEDS_PER_READ: 500
	SIMD_WIDTH8 X: 64
	SIMD_WIDTH16 X: 32
	AVG_SEEDS_PER_READ: 64
