Looking to launch executable "/opt/conda/bin/bwa-meme_mode3.avx512bw", simd = _mode3.avx512bw
Launching executable "/opt/conda/bin/bwa-meme_mode3.avx512bw"
-----------------------------
Executing in AVX512 mode!!
-----------------------------
* SA compression enabled with xfactor: 8
* Ref file: reference.denovoSSL.Sin.fasta
* Entering FMI_search
Reading other elements of the index from files reference.denovoSSL.Sin.fasta
* Index prefix: reference.denovoSSL.Sin.fasta
* Read 0 ALT contigs
* Reading reference genome..
* Binary seq file = reference.denovoSSL.Sin.fasta.0123
* Reference genome size: 1597760842 bp
* Done reading reference genome !!

------------------------------------------
1. Memory pre-allocation for Chaining: 5679.4903 MB
2. Memory pre-allocation for BSW: 9584.6810 MB
[M::memoryAllocLearned::MEME] Reading Learned-index models into memory
[Learned-Config] MODE:3 SEARCH_METHOD: 1 MEM_TRADEOFF:1 EXPONENTIAL_SMEMSEARCH: 1 DEBUG_MODE:0 Num 2nd Models:268435456 PWL Bits Used:28
[M::memoryAllocLearned::MEME] Loading RMI model and Pac reference file took 12.177 sec
[M::memoryAllocLearned::MEME] Reading suffix array into memory
[M::memoryAllocLearned::MEME] Loading pos_packed file took 17.152 sec
[M::memoryAllocLearned::MEME] Generating SA, 64-bit Suffix and ISA in memory
[M::memoryAllocLearned::MEME] Runtime-build-index took 15.115 sec
3. Memory pre-allocation for BWT: 8632.1949 MB
------------------------------------------
* Threads used (compute): 40
* No. of pipeline threads: 2

[0000] read_chunk: 400000000, work_chunk_size: 400000010, nseq: 4786752
	[0000][ M::kt_pipeline] read 4786752 sequences (400000010 bp)...
[0000] Reallocating initial memory allocations!!
[0000] Calling mem_process_seqs.., task: 0
[0000] 1. Calling kt_for - worker_bwt
[0000] 2. Calling kt_for - worker_aln
[0000] read_chunk: 400000000, work_chunk_size: 400000150, nseq: 4742976
	[0000][ M::kt_pipeline] read 4742976 sequences (400000150 bp)...
[0000] Inferring insert size distribution of PE reads from data, l_pac: 798880421, n: 4786752
[0000][PE] # candidate unique pairs for (FF, FR, RF, RR): (139, 1721254, 17, 122)
[0000][PE] analyzing insert size distribution for orientation FF...
[0000][PE] (25, 50, 75) percentile: (26, 35, 51)
[0000][PE] low and high boundaries for computing mean and std.dev: (1, 101)
[0000][PE] mean and std.dev: (37.66, 18.16)
[0000][PE] low and high boundaries for proper pairs: (1, 126)
[0000][PE] analyzing insert size distribution for orientation FR...
[0000][PE] (25, 50, 75) percentile: (64, 78, 95)
[0000][PE] low and high boundaries for computing mean and std.dev: (2, 157)
[0000][PE] mean and std.dev: (80.46, 23.73)
[0000][PE] low and high boundaries for proper pairs: (1, 188)
[0000][PE] analyzing insert size distribution for orientation RF...
[0000][PE] (25, 50, 75) percentile: (38, 93, 397)
[0000][PE] low and high boundaries for computing mean and std.dev: (1, 1115)
[0000][PE] mean and std.dev: (157.75, 176.39)
[0000][PE] low and high boundaries for proper pairs: (1, 1474)
[0000][PE] analyzing insert size distribution for orientation RR...
[0000][PE] (25, 50, 75) percentile: (26, 38, 48)
[0000][PE] low and high boundaries for computing mean and std.dev: (1, 92)
[0000][PE] mean and std.dev: (37.10, 16.69)
[0000][PE] low and high boundaries for proper pairs: (1, 114)
[0000][PE] skip orientation FF
[0000][PE] skip orientation RF
[0000][PE] skip orientation RR
[0000] 3. Calling kt_for - worker_sam
	[0000][ M::mem_process_seqs] Processed 4786752 reads in 675.370 CPU sec, 17.887 real sec
[0000] Calling mem_process_seqs.., task: 1
[0000] 1. Calling kt_for - worker_bwt
[0000] 2. Calling kt_for - worker_aln
[0000] Inferring insert size distribution of PE reads from data, l_pac: 798880421, n: 4742976
[0000][PE] # candidate unique pairs for (FF, FR, RF, RR): (144, 1651272, 18, 128)
[0000][PE] analyzing insert size distribution for orientation FF...
[0000][PE] (25, 50, 75) percentile: (23, 37, 55)
[0000][PE] low and high boundaries for computing mean and std.dev: (1, 119)
[0000][PE] mean and std.dev: (40.58, 24.30)
[0000][PE] low and high boundaries for proper pairs: (1, 151)
[0000][PE] analyzing insert size distribution for orientation FR...
[0000][PE] (25, 50, 75) percentile: (64, 78, 95)
[0000][PE] low and high boundaries for computing mean and std.dev: (2, 157)
[0000][PE] mean and std.dev: (80.47, 23.71)
[0000][PE] low and high boundaries for proper pairs: (1, 188)
[0000][PE] analyzing insert size distribution for orientation RF...
[0000][PE] (25, 50, 75) percentile: (87, 292, 530)
[0000][PE] low and high boundaries for computing mean and std.dev: (1, 1416)
[0000][PE] mean and std.dev: (239.60, 219.36)
[0000][PE] low and high boundaries for proper pairs: (1, 1859)
[0000][PE] analyzing insert size distribution for orientation RR...
[0000][PE] (25, 50, 75) percentile: (24, 34, 52)
[0000][PE] low and high boundaries for computing mean and std.dev: (1, 108)
[0000][PE] mean and std.dev: (37.39, 19.78)
[0000][PE] low and high boundaries for proper pairs: (1, 136)
[0000][PE] skip orientation FF
[0000][PE] skip orientation RF
[0000][PE] skip orientation RR
[0000] 3. Calling kt_for - worker_sam
[0000] read_chunk: 400000000, work_chunk_size: 400000042, nseq: 4726150
	[0000][ M::kt_pipeline] read 4726150 sequences (400000042 bp)...
	[0000][ M::mem_process_seqs] Processed 4742976 reads in 721.726 CPU sec, 19.365 real sec
[0000] Calling mem_process_seqs.., task: 2
[0000] 1. Calling kt_for - worker_bwt
[0000] 2. Calling kt_for - worker_aln
[0000] Inferring insert size distribution of PE reads from data, l_pac: 798880421, n: 4726150
[0000][PE] # candidate unique pairs for (FF, FR, RF, RR): (137, 1619655, 13, 140)
[0000][PE] analyzing insert size distribution for orientation FF...
[0000][PE] (25, 50, 75) percentile: (24, 38, 52)
[0000][PE] low and high boundaries for computing mean and std.dev: (1, 108)
[0000][PE] mean and std.dev: (38.16, 20.31)
[0000][PE] low and high boundaries for proper pairs: (1, 136)
[0000][PE] analyzing insert size distribution for orientation FR...
[0000][PE] (25, 50, 75) percentile: (64, 78, 95)
[0000][PE] low and high boundaries for computing mean and std.dev: (2, 157)
[0000][PE] mean and std.dev: (80.47, 23.72)
[0000][PE] low and high boundaries for proper pairs: (1, 188)
[0000][PE] analyzing insert size distribution for orientation RF...
[0000][PE] (25, 50, 75) percentile: (87, 113, 966)
[0000][PE] low and high boundaries for computing mean and std.dev: (1, 2724)
[0000][PE] mean and std.dev: (357.92, 419.86)
[0000][PE] low and high boundaries for proper pairs: (1, 3603)
[0000][PE] analyzing insert size distribution for orientation RR...
[0000][PE] (25, 50, 75) percentile: (26, 36, 53)
[0000][PE] low and high boundaries for computing mean and std.dev: (1, 107)
[0000][PE] mean and std.dev: (38.53, 20.42)
[0000][PE] low and high boundaries for proper pairs: (1, 134)
[0000][PE] skip orientation FF
[0000][PE] skip orientation RF
[0000][PE] skip orientation RR
[0000] 3. Calling kt_for - worker_sam
[0000] read_chunk: 400000000, work_chunk_size: 400000111, nseq: 4775932
	[0000][ M::kt_pipeline] read 4775932 sequences (400000111 bp)...
	[0000][ M::mem_process_seqs] Processed 4726150 reads in 740.149 CPU sec, 19.774 real sec
[0000] Calling mem_process_seqs.., task: 3
[0000] 1. Calling kt_for - worker_bwt
[0000] 2. Calling kt_for - worker_aln
[0000] Inferring insert size distribution of PE reads from data, l_pac: 798880421, n: 4775932
[0000][PE] # candidate unique pairs for (FF, FR, RF, RR): (139, 1671274, 10, 115)
[0000][PE] analyzing insert size distribution for orientation FF...
[0000][PE] (25, 50, 75) percentile: (26, 35, 49)
[0000][PE] low and high boundaries for computing mean and std.dev: (1, 95)
[0000][PE] mean and std.dev: (38.07, 18.23)
[0000][PE] low and high boundaries for proper pairs: (1, 118)
[0000][PE] analyzing insert size distribution for orientation FR...
[0000][PE] (25, 50, 75) percentile: (64, 78, 95)
[0000][PE] low and high boundaries for computing mean and std.dev: (2, 157)
[0000][PE] mean and std.dev: (80.46, 23.71)
[0000][PE] low and high boundaries for proper pairs: (1, 188)
[0000][PE] analyzing insert size distribution for orientation RF...
[0000][PE] (25, 50, 75) percentile: (161, 248, 293)
[0000][PE] low and high boundaries for computing mean and std.dev: (1, 557)
[0000][PE] mean and std.dev: (210.89, 108.47)
[0000][PE] low and high boundaries for proper pairs: (1, 689)
[0000][PE] analyzing insert size distribution for orientation RR...
[0000][PE] (25, 50, 75) percentile: (27, 36, 54)
[0000][PE] low and high boundaries for computing mean and std.dev: (1, 108)
[0000][PE] mean and std.dev: (42.12, 21.81)
[0000][PE] low and high boundaries for proper pairs: (1, 135)
[0000][PE] skip orientation FF
[0000][PE] skip orientation RF
[0000][PE] skip orientation RR
[0000] 3. Calling kt_for - worker_sam
	[0000][ M::mem_process_seqs] Processed 4775932 reads in 724.287 CPU sec, 19.401 real sec
[0000] read_chunk: 400000000, work_chunk_size: 400000012, nseq: 4765960
	[0000][ M::kt_pipeline] read 4765960 sequences (400000012 bp)...
[0000] Calling mem_process_seqs.., task: 4
[0000] 1. Calling kt_for - worker_bwt
[0000] 2. Calling kt_for - worker_aln
[0000] Inferring insert size distribution of PE reads from data, l_pac: 798880421, n: 4765960
[0000][PE] # candidate unique pairs for (FF, FR, RF, RR): (141, 1676864, 18, 136)
[0000][PE] analyzing insert size distribution for orientation FF...
[0000][PE] (25, 50, 75) percentile: (26, 38, 53)
[0000][PE] low and high boundaries for computing mean and std.dev: (1, 107)
[0000][PE] mean and std.dev: (40.05, 21.05)
[0000][PE] low and high boundaries for proper pairs: (1, 134)
[0000][PE] analyzing insert size distribution for orientation FR...
[0000][PE] (25, 50, 75) percentile: (64, 78, 95)
[0000][PE] low and high boundaries for computing mean and std.dev: (2, 157)
[0000][PE] mean and std.dev: (80.44, 23.72)
[0000][PE] low and high boundaries for proper pairs: (1, 188)
[0000][PE] analyzing insert size distribution for orientation RF...
[0000][PE] (25, 50, 75) percentile: (183, 307, 463)
[0000][PE] low and high boundaries for computing mean and std.dev: (1, 1023)
[0000][PE] mean and std.dev: (276.67, 158.17)
[0000][PE] low and high boundaries for proper pairs: (1, 1303)
[0000][PE] analyzing insert size distribution for orientation RR...
[0000][PE] (25, 50, 75) percentile: (28, 40, 55)
[0000][PE] low and high boundaries for computing mean and std.dev: (1, 109)
[0000][PE] mean and std.dev: (42.26, 19.95)
[0000][PE] low and high boundaries for proper pairs: (1, 136)
[0000][PE] skip orientation FF
[0000][PE] skip orientation RF
[0000][PE] skip orientation RR
[0000] 3. Calling kt_for - worker_sam
[0000] read_chunk: 400000000, work_chunk_size: 400000273, nseq: 4769404
	[0000][ M::kt_pipeline] read 4769404 sequences (400000273 bp)...
	[0000][ M::mem_process_seqs] Processed 4765960 reads in 714.687 CPU sec, 19.499 real sec
[0000] Calling mem_process_seqs.., task: 5
[0000] 1. Calling kt_for - worker_bwt
[0000] 2. Calling kt_for - worker_aln
[0000] Inferring insert size distribution of PE reads from data, l_pac: 798880421, n: 4769404
[0000][PE] # candidate unique pairs for (FF, FR, RF, RR): (141, 1675467, 16, 122)
[0000][PE] analyzing insert size distribution for orientation FF...
[0000][PE] (25, 50, 75) percentile: (27, 38, 56)
[0000][PE] low and high boundaries for computing mean and std.dev: (1, 114)
[0000][PE] mean and std.dev: (41.34, 20.99)
[0000][PE] low and high boundaries for proper pairs: (1, 143)
[0000][PE] analyzing insert size distribution for orientation FR...
[0000][PE] (25, 50, 75) percentile: (64, 78, 95)
[0000][PE] low and high boundaries for computing mean and std.dev: (2, 157)
[0000][PE] mean and std.dev: (80.46, 23.69)
[0000][PE] low and high boundaries for proper pairs: (1, 188)
[0000][PE] analyzing insert size distribution for orientation RF...
[0000][PE] (25, 50, 75) percentile: (40, 135, 1124)
[0000][PE] low and high boundaries for computing mean and std.dev: (1, 3292)
[0000][PE] mean and std.dev: (582.25, 828.05)
[0000][PE] low and high boundaries for proper pairs: (1, 4376)
[0000][PE] analyzing insert size distribution for orientation RR...
[0000][PE] (25, 50, 75) percentile: (30, 41, 56)
[0000][PE] low and high boundaries for computing mean and std.dev: (1, 108)
[0000][PE] mean and std.dev: (43.38, 19.84)
[0000][PE] low and high boundaries for proper pairs: (1, 134)
[0000][PE] skip orientation FF
[0000][PE] skip orientation RF
[0000][PE] skip orientation RR
[0000] 3. Calling kt_for - worker_sam
[0000] read_chunk: 400000000, work_chunk_size: 400000196, nseq: 4634902
	[0000][ M::kt_pipeline] read 4634902 sequences (400000196 bp)...
	[0000][ M::mem_process_seqs] Processed 4769404 reads in 724.767 CPU sec, 19.825 real sec
[0000] Calling mem_process_seqs.., task: 6
[0000] 1. Calling kt_for - worker_bwt
[0000] 2. Calling kt_for - worker_aln
[0000] Inferring insert size distribution of PE reads from data, l_pac: 798880421, n: 4634902
[0000][PE] # candidate unique pairs for (FF, FR, RF, RR): (135, 1436271, 17, 115)
[0000][PE] analyzing insert size distribution for orientation FF...
[0000][PE] (25, 50, 75) percentile: (28, 38, 57)
[0000][PE] low and high boundaries for computing mean and std.dev: (1, 115)
[0000][PE] mean and std.dev: (41.19, 22.04)
[0000][PE] low and high boundaries for proper pairs: (1, 144)
[0000][PE] analyzing insert size distribution for orientation FR...
[0000][PE] (25, 50, 75) percentile: (64, 78, 96)
[0000][PE] low and high boundaries for computing mean and std.dev: (1, 160)
[0000][PE] mean and std.dev: (80.69, 23.95)
[0000][PE] low and high boundaries for proper pairs: (1, 192)
[0000][PE] analyzing insert size distribution for orientation RF...
[0000][PE] (25, 50, 75) percentile: (115, 211, 389)
[0000][PE] low and high boundaries for computing mean and std.dev: (1, 937)
[0000][PE] mean and std.dev: (252.50, 228.13)
[0000][PE] low and high boundaries for proper pairs: (1, 1211)
[0000][PE] analyzing insert size distribution for orientation RR...
[0000][PE] (25, 50, 75) percentile: (26, 38, 57)
[0000][PE] low and high boundaries for computing mean and std.dev: (1, 119)
[0000][PE] mean and std.dev: (39.93, 19.74)
[0000][PE] low and high boundaries for proper pairs: (1, 150)
[0000][PE] skip orientation FF
[0000][PE] skip orientation RF
[0000][PE] skip orientation RR
[0000] 3. Calling kt_for - worker_sam
[0000] read_chunk: 400000000, work_chunk_size: 400000049, nseq: 4701644
	[0000][ M::kt_pipeline] read 4701644 sequences (400000049 bp)...
	[0000][ M::mem_process_seqs] Processed 4634902 reads in 913.007 CPU sec, 24.452 real sec
[0000] Calling mem_process_seqs.., task: 7
[0000] 1. Calling kt_for - worker_bwt
[0000] 2. Calling kt_for - worker_aln
[0000] Inferring insert size distribution of PE reads from data, l_pac: 798880421, n: 4701644
[0000][PE] # candidate unique pairs for (FF, FR, RF, RR): (129, 1532057, 12, 148)
[0000][PE] analyzing insert size distribution for orientation FF...
[0000][PE] (25, 50, 75) percentile: (25, 34, 50)
[0000][PE] low and high boundaries for computing mean and std.dev: (1, 100)
[0000][PE] mean and std.dev: (36.54, 20.58)
[0000][PE] low and high boundaries for proper pairs: (1, 125)
[0000][PE] analyzing insert size distribution for orientation FR...
[0000][PE] (25, 50, 75) percentile: (64, 78, 95)
[0000][PE] low and high boundaries for computing mean and std.dev: (2, 157)
[0000][PE] mean and std.dev: (80.48, 23.73)
[0000][PE] low and high boundaries for proper pairs: (1, 188)
[0000][PE] analyzing insert size distribution for orientation RF...
[0000][PE] (25, 50, 75) percentile: (49, 89, 346)
[0000][PE] low and high boundaries for computing mean and std.dev: (1, 940)
[0000][PE] mean and std.dev: (164.25, 137.85)
[0000][PE] low and high boundaries for proper pairs: (1, 1237)
[0000][PE] analyzing insert size distribution for orientation RR...
[0000][PE] (25, 50, 75) percentile: (27, 36, 52)
[0000][PE] low and high boundaries for computing mean and std.dev: (1, 102)
[0000][PE] mean and std.dev: (39.71, 19.61)
[0000][PE] low and high boundaries for proper pairs: (1, 127)
[0000][PE] skip orientation FF
[0000][PE] skip orientation RF
[0000][PE] skip orientation RR
[0000] 3. Calling kt_for - worker_sam
[0000] read_chunk: 400000000, work_chunk_size: 400000046, nseq: 4781588
	[0000][ M::kt_pipeline] read 4781588 sequences (400000046 bp)...
	[0000][ M::mem_process_seqs] Processed 4701644 reads in 844.815 CPU sec, 22.960 real sec
[0000] Calling mem_process_seqs.., task: 8
[0000] 1. Calling kt_for - worker_bwt
[0000] 2. Calling kt_for - worker_aln
[0000] Inferring insert size distribution of PE reads from data, l_pac: 798880421, n: 4781588
[0000][PE] # candidate unique pairs for (FF, FR, RF, RR): (149, 1707898, 19, 128)
[0000][PE] analyzing insert size distribution for orientation FF...
[0000][PE] (25, 50, 75) percentile: (27, 37, 55)
[0000][PE] low and high boundaries for computing mean and std.dev: (1, 111)
[0000][PE] mean and std.dev: (40.57, 20.94)
[0000][PE] low and high boundaries for proper pairs: (1, 139)
[0000][PE] analyzing insert size distribution for orientation FR...
[0000][PE] (25, 50, 75) percentile: (64, 78, 95)
[0000][PE] low and high boundaries for computing mean and std.dev: (2, 157)
[0000][PE] mean and std.dev: (80.44, 23.71)
[0000][PE] low and high boundaries for proper pairs: (1, 188)
[0000][PE] analyzing insert size distribution for orientation RF...
[0000][PE] (25, 50, 75) percentile: (71, 194, 423)
[0000][PE] low and high boundaries for computing mean and std.dev: (1, 1127)
[0000][PE] mean and std.dev: (248.17, 231.18)
[0000][PE] low and high boundaries for proper pairs: (1, 1479)
[0000][PE] analyzing insert size distribution for orientation RR...
[0000][PE] (25, 50, 75) percentile: (31, 38, 52)
[0000][PE] low and high boundaries for computing mean and std.dev: (1, 94)
[0000][PE] mean and std.dev: (40.30, 18.59)
[0000][PE] low and high boundaries for proper pairs: (1, 115)
[0000][PE] skip orientation FF
[0000][PE] skip orientation RF
[0000][PE] skip orientation RR
[0000] 3. Calling kt_for - worker_sam
	[0000][ M::mem_process_seqs] Processed 4781588 reads in 702.047 CPU sec, 19.478 real sec
[0000] read_chunk: 400000000, work_chunk_size: 400000146, nseq: 4708442
	[0000][ M::kt_pipeline] read 4708442 sequences (400000146 bp)...
[0000] Calling mem_process_seqs.., task: 9
[0000] 1. Calling kt_for - worker_bwt
[0000] 2. Calling kt_for - worker_aln
[0000] Inferring insert size distribution of PE reads from data, l_pac: 798880421, n: 4708442
[0000][PE] # candidate unique pairs for (FF, FR, RF, RR): (135, 1576025, 15, 138)
[0000][PE] analyzing insert size distribution for orientation FF...
[0000][PE] (25, 50, 75) percentile: (26, 36, 64)
[0000][PE] low and high boundaries for computing mean and std.dev: (1, 140)
[0000][PE] mean and std.dev: (42.11, 23.83)
[0000][PE] low and high boundaries for proper pairs: (1, 178)
[0000][PE] analyzing insert size distribution for orientation FR...
[0000][PE] (25, 50, 75) percentile: (64, 78, 95)
[0000][PE] low and high boundaries for computing mean and std.dev: (2, 157)
[0000][PE] mean and std.dev: (80.47, 23.69)
[0000][PE] low and high boundaries for proper pairs: (1, 188)
[0000][PE] analyzing insert size distribution for orientation RF...
[0000][PE] (25, 50, 75) percentile: (217, 345, 450)
[0000][PE] low and high boundaries for computing mean and std.dev: (1, 916)
[0000][PE] mean and std.dev: (293.29, 166.95)
[0000][PE] low and high boundaries for proper pairs: (1, 1149)
[0000][PE] analyzing insert size distribution for orientation RR...
[0000][PE] (25, 50, 75) percentile: (27, 39, 55)
[0000][PE] low and high boundaries for computing mean and std.dev: (1, 111)
[0000][PE] mean and std.dev: (41.08, 21.64)
[0000][PE] low and high boundaries for proper pairs: (1, 139)
[0000][PE] skip orientation FF
[0000][PE] skip orientation RF
[0000][PE] skip orientation RR
[0000] 3. Calling kt_for - worker_sam
[0000] read_chunk: 400000000, work_chunk_size: 400000103, nseq: 4743792
	[0000][ M::kt_pipeline] read 4743792 sequences (400000103 bp)...
	[0000][ M::mem_process_seqs] Processed 4708442 reads in 852.899 CPU sec, 22.784 real sec
[0000] Calling mem_process_seqs.., task: 10
[0000] 1. Calling kt_for - worker_bwt
[0000] 2. Calling kt_for - worker_aln
[0000] Inferring insert size distribution of PE reads from data, l_pac: 798880421, n: 4743792
[0000][PE] # candidate unique pairs for (FF, FR, RF, RR): (151, 1628262, 16, 137)
[0000][PE] analyzing insert size distribution for orientation FF...
[0000][PE] (25, 50, 75) percentile: (28, 38, 55)
[0000][PE] low and high boundaries for computing mean and std.dev: (1, 109)
[0000][PE] mean and std.dev: (41.28, 21.20)
[0000][PE] low and high boundaries for proper pairs: (1, 136)
[0000][PE] analyzing insert size distribution for orientation FR...
[0000][PE] (25, 50, 75) percentile: (64, 78, 95)
[0000][PE] low and high boundaries for computing mean and std.dev: (2, 157)
[0000][PE] mean and std.dev: (80.47, 23.74)
[0000][PE] low and high boundaries for proper pairs: (1, 188)
[0000][PE] analyzing insert size distribution for orientation RF...
[0000][PE] (25, 50, 75) percentile: (22, 154, 221)
[0000][PE] low and high boundaries for computing mean and std.dev: (1, 619)
[0000][PE] mean and std.dev: (128.38, 108.35)
[0000][PE] low and high boundaries for proper pairs: (1, 818)
[0000][PE] analyzing insert size distribution for orientation RR...
[0000][PE] (25, 50, 75) percentile: (26, 38, 52)
[0000][PE] low and high boundaries for computing mean and std.dev: (1, 104)
[0000][PE] mean and std.dev: (39.02, 20.87)
[0000][PE] low and high boundaries for proper pairs: (1, 130)
[0000][PE] skip orientation FF
[0000][PE] skip orientation RF
[0000][PE] skip orientation RR
[0000] 3. Calling kt_for - worker_sam
[0000] read_chunk: 400000000, work_chunk_size: 400000160, nseq: 4703282
	[0000][ M::kt_pipeline] read 4703282 sequences (400000160 bp)...
	[0000][ M::mem_process_seqs] Processed 4743792 reads in 766.453 CPU sec, 20.839 real sec
[0000] Calling mem_process_seqs.., task: 11
[0000] 1. Calling kt_for - worker_bwt
[0000] 2. Calling kt_for - worker_aln
[0000] Inferring insert size distribution of PE reads from data, l_pac: 798880421, n: 4703282
[0000][PE] # candidate unique pairs for (FF, FR, RF, RR): (134, 1503574, 16, 117)
[0000][PE] analyzing insert size distribution for orientation FF...
[0000][PE] (25, 50, 75) percentile: (31, 39, 52)
[0000][PE] low and high boundaries for computing mean and std.dev: (1, 94)
[0000][PE] mean and std.dev: (40.43, 16.62)
[0000][PE] low and high boundaries for proper pairs: (1, 115)
[0000][PE] analyzing insert size distribution for orientation FR...
[0000][PE] (25, 50, 75) percentile: (64, 78, 95)
[0000][PE] low and high boundaries for computing mean and std.dev: (2, 157)
[0000][PE] mean and std.dev: (80.48, 23.73)
[0000][PE] low and high boundaries for proper pairs: (1, 188)
[0000][PE] analyzing insert size distribution for orientation RF...
[0000][PE] (25, 50, 75) percentile: (130, 290, 618)
[0000][PE] low and high boundaries for computing mean and std.dev: (1, 1594)
[0000][PE] mean and std.dev: (249.92, 184.79)
[0000][PE] low and high boundaries for proper pairs: (1, 2082)
[0000][PE] analyzing insert size distribution for orientation RR...
[0000][PE] (25, 50, 75) percentile: (26, 38, 55)
[0000][PE] low and high boundaries for computing mean and std.dev: (1, 113)
[0000][PE] mean and std.dev: (40.48, 20.74)
[0000][PE] low and high boundaries for proper pairs: (1, 142)
[0000][PE] skip orientation FF
[0000][PE] skip orientation RF
[0000][PE] skip orientation RR
[0000] 3. Calling kt_for - worker_sam
[0000] read_chunk: 400000000, work_chunk_size: 380635675, nseq: 4533600
	[0000][ M::kt_pipeline] read 4533600 sequences (380635675 bp)...
	[0000][ M::mem_process_seqs] Processed 4703282 reads in 857.172 CPU sec, 23.053 real sec
[0000] Calling mem_process_seqs.., task: 12
[0000] 1. Calling kt_for - worker_bwt
[0000] 2. Calling kt_for - worker_aln
[0000] read_chunk: 400000000, work_chunk_size: 0, nseq: 0
[0000] Inferring insert size distribution of PE reads from data, l_pac: 798880421, n: 4533600
[0000][PE] # candidate unique pairs for (FF, FR, RF, RR): (139, 1573945, 16, 110)
[0000][PE] analyzing insert size distribution for orientation FF...
[0000][PE] (25, 50, 75) percentile: (23, 31, 48)
[0000][PE] low and high boundaries for computing mean and std.dev: (1, 98)
[0000][PE] mean and std.dev: (35.80, 20.03)
[0000][PE] low and high boundaries for proper pairs: (1, 123)
[0000][PE] analyzing insert size distribution for orientation FR...
[0000][PE] (25, 50, 75) percentile: (64, 78, 95)
[0000][PE] low and high boundaries for computing mean and std.dev: (2, 157)
[0000][PE] mean and std.dev: (80.44, 23.71)
[0000][PE] low and high boundaries for proper pairs: (1, 188)
[0000][PE] analyzing insert size distribution for orientation RF...
[0000][PE] (25, 50, 75) percentile: (123, 469, 659)
[0000][PE] low and high boundaries for computing mean and std.dev: (1, 1731)
[0000][PE] mean and std.dev: (357.50, 251.72)
[0000][PE] low and high boundaries for proper pairs: (1, 2267)
[0000][PE] analyzing insert size distribution for orientation RR...
[0000][PE] (25, 50, 75) percentile: (26, 36, 48)
[0000][PE] low and high boundaries for computing mean and std.dev: (1, 92)
[0000][PE] mean and std.dev: (37.22, 16.60)
[0000][PE] low and high boundaries for proper pairs: (1, 114)
[0000][PE] skip orientation FF
[0000][PE] skip orientation RF
[0000][PE] skip orientation RR
[0000] 3. Calling kt_for - worker_sam
	[0000][ M::mem_process_seqs] Processed 4533600 reads in 676.675 CPU sec, 18.607 real sec
[0000] read_chunk: 400000000, work_chunk_size: 0, nseq: 0
[0000] Computation ends..
No. of OMP threads: 40
Processor is running @2394.737880 MHz
Runtime profile:

	Time taken for main_mem function: 333.94 sec

	IO times (sec) :
	Reading IO time (reads) avg: 158.49, (158.49, 158.49)
	Writing IO time (SAM) avg: 94.81, (94.81, 94.81)
	Reading IO time (Reference Genome) avg: 0.99, (0.99, 0.99)
	Index read time avg: 0.37, (0.37, 0.37)

	Overall time (sec) (Excluding Index reading time):
	PROCESS() (Total compute time + (read + SAM) IO time) : 332.36
	MEM_PROCESS_SEQ() (Total compute time (Kernel + SAM)), avg: 267.88, (267.88, 267.88)

	 SAM Processing time (sec):
	--WORKER_SAM avg: 73.47, (73.47, 73.47)

	Kernels' compute time (sec):
	Total kernel (smem+sal+bsw) time avg: 188.78, (188.78, 188.78)
		MEM_ALN_CHAIN_FLT avg: 0.00, (0.00, 0.00)
		MEM_ALN_CHAIN_SEED avg: 0.00, (0.00, 0.00)
		ERT_SEED_CHAIN avg: 0.00, (0.00, 0.00)
	LEARNED_SEED_CHAIN avg: 83.42, (83.73, 83.02)
		SMEM compute avg: 0.00, (0.00, 0.00)
		SAL compute avg: 0.00, (0.00, 0.00)
				MEM_SA avg: 0.00, (0.00, 0.00)

		BSW time, avg: 96.13, (96.63, 95.65)

Important parameter settings: 
	BATCH_SIZE: 512
	MAX_SEQ_LEN_REF: 256
	MAX_SEQ_LEN_QER: 128
	MAX_SEQ_LEN8: 128
	SEEDS_PER_READ: 500
	SIMD_WIDTH8 X: 64
	SIMD_WIDTH16 X: 32
	AVG_SEEDS_PER_READ: 64
